Archive member included to satisfy reference by file (symbol)

C:/Users/Vanessa/AppData/Local/stm32cube/bundles/gnu-tools-for-stm32/14.3.1+st.2/bin/../lib/gcc/arm-none-eabi/14.3.1/../../../../arm-none-eabi/lib/thumb/v7e-m+fp/hard\libstdc++_nano.a(atexit_arm.o)
                              CMakeFiles/Testing.dir/Core/Src/game_logic.cpp.obj (__aeabi_atexit)
C:/Users/Vanessa/AppData/Local/stm32cube/bundles/gnu-tools-for-stm32/14.3.1+st.2/bin/../lib/gcc/arm-none-eabi/14.3.1/../../../../arm-none-eabi/lib/thumb/v7e-m+fp/hard\libstdc++_nano.a(del_ops.o)
                              CMakeFiles/Testing.dir/Core/Src/game_logic.cpp.obj (operator delete(void*, unsigned int))
C:/Users/Vanessa/AppData/Local/stm32cube/bundles/gnu-tools-for-stm32/14.3.1+st.2/bin/../lib/gcc/arm-none-eabi/14.3.1/../../../../arm-none-eabi/lib/thumb/v7e-m+fp/hard\libstdc++_nano.a(new_op.o)
                              CMakeFiles/Testing.dir/Core/Src/game_logic.cpp.obj (operator new(unsigned int))
C:/Users/Vanessa/AppData/Local/stm32cube/bundles/gnu-tools-for-stm32/14.3.1+st.2/bin/../lib/gcc/arm-none-eabi/14.3.1/../../../../arm-none-eabi/lib/thumb/v7e-m+fp/hard\libstdc++_nano.a(new_opv.o)
                              CMakeFiles/Testing.dir/Core/Src/game_object.cpp.obj (operator new[](unsigned int))
C:/Users/Vanessa/AppData/Local/stm32cube/bundles/gnu-tools-for-stm32/14.3.1+st.2/bin/../lib/gcc/arm-none-eabi/14.3.1/../../../../arm-none-eabi/lib/thumb/v7e-m+fp/hard\libstdc++_nano.a(functexcept.o)
                              CMakeFiles/Testing.dir/Core/Src/game_logic.cpp.obj (std::__throw_bad_alloc())
C:/Users/Vanessa/AppData/Local/stm32cube/bundles/gnu-tools-for-stm32/14.3.1+st.2/bin/../lib/gcc/arm-none-eabi/14.3.1/../../../../arm-none-eabi/lib/thumb/v7e-m+fp/hard\libstdc++_nano.a(del_op.o)
                              C:/Users/Vanessa/AppData/Local/stm32cube/bundles/gnu-tools-for-stm32/14.3.1+st.2/bin/../lib/gcc/arm-none-eabi/14.3.1/../../../../arm-none-eabi/lib/thumb/v7e-m+fp/hard\libstdc++_nano.a(del_ops.o) (operator delete(void*))
C:/Users/Vanessa/AppData/Local/stm32cube/bundles/gnu-tools-for-stm32/14.3.1+st.2/bin/../lib/gcc/arm-none-eabi/14.3.1/../../../../arm-none-eabi/lib/thumb/v7e-m+fp/hard\libstdc++_nano.a(new_handler.o)
                              C:/Users/Vanessa/AppData/Local/stm32cube/bundles/gnu-tools-for-stm32/14.3.1+st.2/bin/../lib/gcc/arm-none-eabi/14.3.1/../../../../arm-none-eabi/lib/thumb/v7e-m+fp/hard\libstdc++_nano.a(new_op.o) (std::get_new_handler())
C:/Users/Vanessa/AppData/Local/stm32cube/bundles/gnu-tools-for-stm32/14.3.1+st.2/bin/../lib/gcc/arm-none-eabi/14.3.1/thumb/v7e-m+fp/hard\libgcc.a(_arm_muldf3.o)
                              CMakeFiles/Testing.dir/Core/Src/player_gnorp.cpp.obj (__aeabi_dmul)
C:/Users/Vanessa/AppData/Local/stm32cube/bundles/gnu-tools-for-stm32/14.3.1+st.2/bin/../lib/gcc/arm-none-eabi/14.3.1/thumb/v7e-m+fp/hard\libgcc.a(_arm_addsubdf3.o)
                              CMakeFiles/Testing.dir/Core/Src/draw_helpers.cpp.obj (__aeabi_dsub)
C:/Users/Vanessa/AppData/Local/stm32cube/bundles/gnu-tools-for-stm32/14.3.1+st.2/bin/../lib/gcc/arm-none-eabi/14.3.1/thumb/v7e-m+fp/hard\libgcc.a(_arm_muldivdf3.o)
                              CMakeFiles/Testing.dir/Core/Src/draw_helpers.cpp.obj (__aeabi_ddiv)
C:/Users/Vanessa/AppData/Local/stm32cube/bundles/gnu-tools-for-stm32/14.3.1+st.2/bin/../lib/gcc/arm-none-eabi/14.3.1/thumb/v7e-m+fp/hard\libgcc.a(_arm_cmpdf2.o)
                              CMakeFiles/Testing.dir/Core/Src/game_logic.cpp.obj (__aeabi_dcmplt)
C:/Users/Vanessa/AppData/Local/stm32cube/bundles/gnu-tools-for-stm32/14.3.1+st.2/bin/../lib/gcc/arm-none-eabi/14.3.1/thumb/v7e-m+fp/hard\libgcc.a(_arm_fixdfsi.o)
                              CMakeFiles/Testing.dir/Core/Src/game_logic.cpp.obj (__aeabi_d2iz)
C:/Users/Vanessa/AppData/Local/stm32cube/bundles/gnu-tools-for-stm32/14.3.1+st.2/bin/../lib/gcc/arm-none-eabi/14.3.1/thumb/v7e-m+fp/hard\libgcc.a(_aeabi_uldivmod.o)
                              cmake/stm32cubemx/CMakeFiles/STM32_Drivers.dir/__/__/Drivers/STM32F4xx_HAL_Driver/Src/stm32f4xx_hal_rcc.c.obj (__aeabi_uldivmod)
C:/Users/Vanessa/AppData/Local/stm32cube/bundles/gnu-tools-for-stm32/14.3.1+st.2/bin/../lib/gcc/arm-none-eabi/14.3.1/thumb/v7e-m+fp/hard\libgcc.a(_udivmoddi4.o)
                              C:/Users/Vanessa/AppData/Local/stm32cube/bundles/gnu-tools-for-stm32/14.3.1+st.2/bin/../lib/gcc/arm-none-eabi/14.3.1/thumb/v7e-m+fp/hard\libgcc.a(_aeabi_uldivmod.o) (__udivmoddi4)
C:/Users/Vanessa/AppData/Local/stm32cube/bundles/gnu-tools-for-stm32/14.3.1+st.2/bin/../lib/gcc/arm-none-eabi/14.3.1/thumb/v7e-m+fp/hard\libgcc.a(_dvmd_tls.o)
                              C:/Users/Vanessa/AppData/Local/stm32cube/bundles/gnu-tools-for-stm32/14.3.1+st.2/bin/../lib/gcc/arm-none-eabi/14.3.1/thumb/v7e-m+fp/hard\libgcc.a(_aeabi_uldivmod.o) (__aeabi_ldiv0)
[...]
Memory Configuration

Name             Origin             Length             Attributes
RAM              0x20000000         0x00018000         xrw
FLASH            0x08000000         0x00080000         xr
*default*        0x00000000         0xffffffff

Linker script and memory map

LOAD C:/Users/Vanessa/AppData/Local/stm32cube/bundles/gnu-tools-for-stm32/14.3.1+st.2/bin/../lib/gcc/arm-none-eabi/14.3.1/thumb/v7e-m+fp/hard/crti.o
LOAD C:/Users/Vanessa/AppData/Local/stm32cube/bundles/gnu-tools-for-stm32/14.3.1+st.2/bin/../lib/gcc/arm-none-eabi/14.3.1/thumb/v7e-m+fp/hard/crtbegin.o
LOAD C:/Users/Vanessa/AppData/Local/stm32cube/bundles/gnu-tools-for-stm32/14.3.1+st.2/bin/../lib/gcc/arm-none-eabi/14.3.1/../../../../arm-none-eabi/lib/thumb/v7e-m+fp/hard/crt0.o
LOAD cmake/stm32cubemx/CMakeFiles/STM32_Drivers.dir/__/__/Core/Src/system_stm32f4xx.c.obj
LOAD cmake/stm32cubemx/CMakeFiles/STM32_Drivers.dir/__/__/Drivers/STM32F4xx_HAL_Driver/Src/stm32f4xx_hal_adc.c.obj
LOAD cmake/stm32cubemx/CMakeFiles/STM32_Drivers.dir/__/__/Drivers/STM32F4xx_HAL_Driver/Src/stm32f4xx_hal_adc_ex.c.obj
LOAD cmake/stm32cubemx/CMakeFiles/STM32_Drivers.dir/__/__/Drivers/STM32F4xx_HAL_Driver/Src/stm32f4xx_hal_rcc.c.obj
LOAD cmake/stm32cubemx/CMakeFiles/STM32_Drivers.dir/__/__/Drivers/STM32F4xx_HAL_Driver/Src/stm32f4xx_hal_rcc_ex.c.obj
LOAD cmake/stm32cubemx/CMakeFiles/STM32_Drivers.dir/__/__/Drivers/STM32F4xx_HAL_Driver/Src/stm32f4xx_hal_flash.c.obj
LOAD cmake/stm32cubemx/CMakeFiles/STM32_Drivers.dir/__/__/Drivers/STM32F4xx_HAL_Driver/Src/stm32f4xx_hal_flash_ex.c.obj
LOAD cmake/stm32cubemx/CMakeFiles/STM32_Drivers.dir/__/__/Drivers/STM32F4xx_HAL_Driver/Src/stm32f4xx_hal_flash_ramfunc.c.obj
LOAD cmake/stm32cubemx/CMakeFiles/STM32_Drivers.dir/__/__/Drivers/STM32F4xx_HAL_Driver/Src/stm32f4xx_hal_gpio.c.obj
LOAD cmake/stm32cubemx/CMakeFiles/STM32_Drivers.dir/__/__/Drivers/STM32F4xx_HAL_Driver/Src/stm32f4xx_hal_dma_ex.c.obj
LOAD cmake/stm32cubemx/CMakeFiles/STM32_Drivers.dir/__/__/Drivers/STM32F4xx_HAL_Driver/Src/stm32f4xx_hal_dma.c.obj
LOAD cmake/stm32cubemx/CMakeFiles/STM32_Drivers.dir/__/__/Drivers/STM32F4xx_HAL_Driver/Src/stm32f4xx_hal_pwr.c.obj
LOAD cmake/stm32cubemx/CMakeFiles/STM32_Drivers.dir/__/__/Drivers/STM32F4xx_HAL_Driver/Src/stm32f4xx_hal_pwr_ex.c.obj
LOAD cmake/stm32cubemx/CMakeFiles/STM32_Drivers.dir/__/__/Drivers/STM32F4xx_HAL_Driver/Src/stm32f4xx_hal_cortex.c.obj
LOAD cmake/stm32cubemx/CMakeFiles/STM32_Drivers.dir/__/__/Drivers/STM32F4xx_HAL_Driver/Src/stm32f4xx_hal.c.obj
LOAD cmake/stm32cubemx/CMakeFiles/STM32_Drivers.dir/__/__/Drivers/STM32F4xx_HAL_Driver/Src/stm32f4xx_hal_exti.c.obj
LOAD cmake/stm32cubemx/CMakeFiles/STM32_Drivers.dir/__/__/Drivers/STM32F4xx_HAL_Driver/Src/stm32f4xx_hal_i2c.c.obj
LOAD cmake/stm32cubemx/CMakeFiles/STM32_Drivers.dir/__/__/Drivers/STM32F4xx_HAL_Driver/Src/stm32f4xx_hal_i2c_ex.c.obj
LOAD cmake/stm32cubemx/CMakeFiles/STM32_Drivers.dir/__/__/Drivers/STM32F4xx_HAL_Driver/Src/stm32f4xx_hal_tim.c.obj
LOAD cmake/stm32cubemx/CMakeFiles/STM32_Drivers.dir/__/__/Drivers/STM32F4xx_HAL_Driver/Src/stm32f4xx_hal_tim_ex.c.obj
LOAD cmake/stm32cubemx/CMakeFiles/STM32_Drivers.dir/__/__/Drivers/STM32F4xx_HAL_Driver/Src/stm32f4xx_hal_uart.c.obj
LOAD CMakeFiles/Testing.dir/Core/Src/main.c.obj
LOAD CMakeFiles/Testing.dir/Core/Src/stm32f4xx_it.c.obj
LOAD CMakeFiles/Testing.dir/Core/Src/stm32f4xx_hal_msp.c.obj
LOAD CMakeFiles/Testing.dir/Core/Src/sysmem.c.obj
LOAD CMakeFiles/Testing.dir/Core/Src/syscalls.c.obj
LOAD CMakeFiles/Testing.dir/startup_stm32f401xe.s.obj
LOAD CMakeFiles/Testing.dir/Core/Src/ssd_1306.cpp.obj
LOAD CMakeFiles/Testing.dir/Core/Src/draw_helpers.cpp.obj
LOAD CMakeFiles/Testing.dir/Core/Src/game_object.cpp.obj
LOAD CMakeFiles/Testing.dir/Core/Src/player_gnorp.cpp.obj
LOAD CMakeFiles/Testing.dir/Core/Src/game_logic.cpp.obj
LOAD CMakeFiles/Testing.dir/Core/Src/game_manager.cpp.obj
LOAD C:/Users/Vanessa/AppData/Local/stm32cube/bundles/gnu-tools-for-stm32/14.3.1+st.2/bin/../lib/gcc/arm-none-eabi/14.3.1/../../../../arm-none-eabi/lib/thumb/v7e-m+fp/hard\libstdc++_nano.a
LOAD C:/Users/Vanessa/AppData/Local/stm32cube/bundles/gnu-tools-for-stm32/14.3.1+st.2/bin/../lib/gcc/arm-none-eabi/14.3.1/../../../../arm-none-eabi/lib/thumb/v7e-m+fp/hard\libm.a
START GROUP
LOAD C:/Users/Vanessa/AppData/Local/stm32cube/bundles/gnu-tools-for-stm32/14.3.1+st.2/bin/../lib/gcc/arm-none-eabi/14.3.1/thumb/v7e-m+fp/hard\libgcc.a
LOAD C:/Users/Vanessa/AppData/Local/stm32cube/bundles/gnu-tools-for-stm32/14.3.1+st.2/bin/../lib/gcc/arm-none-eabi/14.3.1/../../../../arm-none-eabi/lib/thumb/v7e-m+fp/hard\libg_nano.a
LOAD C:/Users/Vanessa/AppData/Local/stm32cube/bundles/gnu-tools-for-stm32/14.3.1+st.2/bin/../lib/gcc/arm-none-eabi/14.3.1/../../../../arm-none-eabi/lib/thumb/v7e-m+fp/hard\libc_nano.a
END GROUP
START GROUP
LOAD C:/Users/Vanessa/AppData/Local/stm32cube/bundles/gnu-tools-for-stm32/14.3.1+st.2/bin/../lib/gcc/arm-none-eabi/14.3.1/thumb/v7e-m+fp/hard\libgcc.a
LOAD C:/Users/Vanessa/AppData/Local/stm32cube/bundles/gnu-tools-for-stm32/14.3.1+st.2/bin/../lib/gcc/arm-none-eabi/14.3.1/../../../../arm-none-eabi/lib/thumb/v7e-m+fp/hard\libc_nano.a
END GROUP
LOAD C:/Users/Vanessa/AppData/Local/stm32cube/bundles/gnu-tools-for-stm32/14.3.1+st.2/bin/../lib/gcc/arm-none-eabi/14.3.1/thumb/v7e-m+fp/hard/crtend.o
LOAD C:/Users/Vanessa/AppData/Local/stm32cube/bundles/gnu-tools-for-stm32/14.3.1+st.2/bin/../lib/gcc/arm-none-eabi/14.3.1/thumb/v7e-m+fp/hard/crtn.o
                0x20018000                        _estack = (ORIGIN (RAM) + LENGTH (RAM))
                0x00000200                        _Min_Heap_Size = 0x200
                0x00000400                        _Min_Stack_Size = 0x400

.isr_vector     0x08000000      0x194
                0x08000000                        . = ALIGN (0x4)
 *(.isr_vector)
 .isr_vector    0x08000000      0x194 CMakeFiles/Testing.dir/startup_stm32f401xe.s.obj
                0x08000000                g_pfnVectors
                0x08000194                        . = ALIGN (0x4)

.text           0x08000198     0x6f70
                0x08000198                        . = ALIGN (0x4)
 *(.text)
 .text          0x08000198       0x40 C:/Users/Vanessa/AppData/Local/stm32cube/bundles/gnu-tools-for-stm32/14.3.1+st.2/bin/../lib/gcc/arm-none-eabi/14.3.1/thumb/v7e-m+fp/hard/crtbegin.o
 .text          0x080001d8      0x378 C:/Users/Vanessa/AppData/Local/stm32cube/bundles/gnu-tools-for-stm32/14.3.1+st.2/bin/../lib/gcc/arm-none-eabi/14.3.1/thumb/v7e-m+fp/hard\libgcc.a(_arm_addsubdf3.o)
                0x080001d8                __aeabi_drsub
                0x080001e0                __aeabi_dsub
                0x080001e0                __subdf3
                0x080001e4                __aeabi_dadd
                0x080001e4                __adddf3
                0x0800045c                __floatunsidf
                0x0800045c                __aeabi_ui2d
                0x0800047c                __floatsidf
                0x0800047c                __aeabi_i2d
                0x080004a0                __aeabi_f2d
                0x080004a0                __extendsfdf2
                0x080004e4                __floatundidf
                0x080004e4                __aeabi_ul2d
                0x080004f4                __floatdidf
                0x080004f4                __aeabi_l2d
 .text          0x08000550      0x424 C:/Users/Vanessa/AppData/Local/stm32cube/bundles/gnu-tools-for-stm32/14.3.1+st.2/bin/../lib/gcc/arm-none-eabi/14.3.1/thumb/v7e-m+fp/hard\libgcc.a(_arm_muldivdf3.o)
                0x08000550                __aeabi_dmul
                0x08000550                __muldf3
                0x080007a4                __divdf3
                0x080007a4                __aeabi_ddiv
 .text          0x08000974      0x110 C:/Users/Vanessa/AppData/Local/stm32cube/bundles/gnu-tools-for-stm32/14.3.1+st.2/bin/../lib/gcc/arm-none-eabi/14.3.1/thumb/v7e-m+fp/hard\libgcc.a(_arm_cmpdf2.o)
                0x08000974                __gtdf2
                0x08000974                __gedf2
                0x0800097c                __ltdf2
                0x0800097c                __ledf2
                0x08000984                __nedf2
                0x08000984                __eqdf2
                0x08000984                __cmpdf2
                0x08000a00                __aeabi_cdrcmple
                0x08000a10                __aeabi_cdcmpeq
                0x08000a10                __aeabi_cdcmple
                0x08000a20                __aeabi_dcmpeq
                0x08000a34                __aeabi_dcmplt
                0x08000a48                __aeabi_dcmple
                0x08000a5c                __aeabi_dcmpge
                0x08000a70                __aeabi_dcmpgt
 .text          0x08000a84       0x50 C:/Users/Vanessa/AppData/Local/stm32cube/bundles/gnu-tools-for-stm32/14.3.1+st.2/bin/../lib/gcc/arm-none-eabi/14.3.1/thumb/v7e-m+fp/hard\libgcc.a(_arm_fixdfsi.o)
                0x08000a84                __aeabi_d2iz
                0x08000a84                __fixdfsi
 .text          0x08000ad4       0x30 C:/Users/Vanessa/AppData/Local/stm32cube/bundles/gnu-tools-for-stm32/14.3.1+st.2/bin/../lib/gcc/arm-none-eabi/14.3.1/thumb/v7e-m+fp/hard\libgcc.a(_aeabi_uldivmod.o)
                0x08000ad4                __aeabi_uldivmod
 .text          0x08000b04      0x2f8 C:/Users/Vanessa/AppData/Local/stm32cube/bundles/gnu-tools-for-stm32/14.3.1+st.2/bin/../lib/gcc/arm-none-eabi/14.3.1/thumb/v7e-m+fp/hard\libgcc.a(_udivmoddi4.o)
                0x08000b04                __udivmoddi4
 .text          0x08000dfc        0x4 C:/Users/Vanessa/AppData/Local/stm32cube/bundles/gnu-tools-for-stm32/14.3.1+st.2/bin/../lib/gcc/arm-none-eabi/14.3.1/thumb/v7e-m+fp/hard\libgcc.a(_dvmd_tls.o)
                0x08000dfc                __aeabi_idiv0
                0x08000dfc                __aeabi_ldiv0
 *(.text*)
 .text.SystemInit
                0x08000e00       0x24 cmake/stm32cubemx/CMakeFiles/STM32_Drivers.dir/__/__/Core/Src/system_stm32f4xx.c.obj
                0x08000e00                SystemInit
 .text.HAL_ADC_Init
                0x08000e24       0x86 cmake/stm32cubemx/CMakeFiles/STM32_Drivers.dir/__/__/Drivers/STM32F4xx_HAL_Driver/Src/stm32f4xx_hal_adc.c.obj
                0x08000e24                HAL_ADC_Init
 *fill*         0x08000eaa        0x2 
 .text.HAL_ADC_Start_DMA
                0x08000eac      0x1e8 cmake/stm32cubemx/CMakeFiles/STM32_Drivers.dir/__/__/Drivers/STM32F4xx_HAL_Driver/Src/stm32f4xx_hal_adc.c.obj
                0x08000eac                HAL_ADC_Start_DMA
 .text.HAL_ADC_ConvCpltCallback
                0x08001094       0x14 cmake/stm32cubemx/CMakeFiles/STM32_Drivers.dir/__/__/Drivers/STM32F4xx_HAL_Driver/Src/stm32f4xx_hal_adc.c.obj
                0x08001094                HAL_ADC_ConvCpltCallback
 .text.HAL_ADC_ConvHalfCpltCallback
                0x080010a8       0x14 cmake/stm32cubemx/CMakeFiles/STM32_Drivers.dir/__/__/Drivers/STM32F4xx_HAL_Driver/Src/stm32f4xx_hal_adc.c.obj
                0x080010a8                HAL_ADC_ConvHalfCpltCallback
 .text.HAL_ADC_ErrorCallback
                0x080010bc       0x14 cmake/stm32cubemx/CMakeFiles/STM32_Drivers.dir/__/__/Drivers/STM32F4xx_HAL_Driver/Src/stm32f4xx_hal_adc.c.obj
                0x080010bc                HAL_ADC_ErrorCallback
 .text.HAL_ADC_ConfigChannel
                0x080010d0      0x244 cmake/stm32cubemx/CMakeFiles/STM32_Drivers.dir/__/__/Drivers/STM32F4xx_HAL_Driver/Src/stm32f4xx_hal_adc.c.obj
                0x080010d0                HAL_ADC_ConfigChannel
 .text.ADC_Init
                0x08001314      0x1f8 cmake/stm32cubemx/CMakeFiles/STM32_Drivers.dir/__/__/Drivers/STM32F4xx_HAL_Driver/Src/stm32f4xx_hal_adc.c.obj
 .text.ADC_DMAConvCplt
                0x0800150c       0xba cmake/stm32cubemx/CMakeFiles/STM32_Drivers.dir/__/__/Drivers/STM32F4xx_HAL_Driver/Src/stm32f4xx_hal_adc.c.obj
 .text.ADC_DMAHalfConvCplt
                0x080015c6       0x1c cmake/stm32cubemx/CMakeFiles/STM32_Drivers.dir/__/__/Drivers/STM32F4xx_HAL_Driver/Src/stm32f4xx_hal_adc.c.obj
 .text.ADC_DMAError
                0x080015e2       0x2e cmake/stm32cubemx/CMakeFiles/STM32_Drivers.dir/__/__/Drivers/STM32F4xx_HAL_Driver/Src/stm32f4xx_hal_adc.c.obj
 .text.HAL_RCC_OscConfig
                0x08001610      0x4f0 cmake/stm32cubemx/CMakeFiles/STM32_Drivers.dir/__/__/Drivers/STM32F4xx_HAL_Driver/Src/stm32f4xx_hal_rcc.c.obj
                0x08001610                HAL_RCC_OscConfig
 .text.HAL_RCC_ClockConfig
                0x08001b00      0x1cc cmake/stm32cubemx/CMakeFiles/STM32_Drivers.dir/__/__/Drivers/STM32F4xx_HAL_Driver/Src/stm32f4xx_hal_rcc.c.obj
                0x08001b00                HAL_RCC_ClockConfig
 .text.HAL_RCC_GetSysClockFreq
                0x08001ccc      0x20c cmake/stm32cubemx/CMakeFiles/STM32_Drivers.dir/__/__/Drivers/STM32F4xx_HAL_Driver/Src/stm32f4xx_hal_rcc.c.obj
                0x08001ccc                HAL_RCC_GetSysClockFreq
 .text.HAL_RCC_GetHCLKFreq
                0x08001ed8       0x18 cmake/stm32cubemx/CMakeFiles/STM32_Drivers.dir/__/__/Drivers/STM32F4xx_HAL_Driver/Src/stm32f4xx_hal_rcc.c.obj
                0x08001ed8                HAL_RCC_GetHCLKFreq
 .text.HAL_RCC_GetPCLK1Freq
                0x08001ef0       0x28 cmake/stm32cubemx/CMakeFiles/STM32_Drivers.dir/__/__/Drivers/STM32F4xx_HAL_Driver/Src/stm32f4xx_hal_rcc.c.obj
                0x08001ef0                HAL_RCC_GetPCLK1Freq
 .text.HAL_RCC_GetPCLK2Freq
                0x08001f18       0x28 cmake/stm32cubemx/CMakeFiles/STM32_Drivers.dir/__/__/Drivers/STM32F4xx_HAL_Driver/Src/stm32f4xx_hal_rcc.c.obj
                0x08001f18                HAL_RCC_GetPCLK2Freq
 .text.HAL_GPIO_Init
                0x08001f40      0x308 cmake/stm32cubemx/CMakeFiles/STM32_Drivers.dir/__/__/Drivers/STM32F4xx_HAL_Driver/Src/stm32f4xx_hal_gpio.c.obj
                0x08001f40                HAL_GPIO_Init
 .text.HAL_GPIO_WritePin
                0x08002248       0x32 cmake/stm32cubemx/CMakeFiles/STM32_Drivers.dir/__/__/Drivers/STM32F4xx_HAL_Driver/Src/stm32f4xx_hal_gpio.c.obj
                0x08002248                HAL_GPIO_WritePin
 *fill*         0x0800227a        0x2 
 .text.HAL_DMA_Init
                0x0800227c      0x15c cmake/stm32cubemx/CMakeFiles/STM32_Drivers.dir/__/__/Drivers/STM32F4xx_HAL_Driver/Src/stm32f4xx_hal_dma.c.obj
                0x0800227c                HAL_DMA_Init
 .text.HAL_DMA_Start_IT
                0x080023d8       0xb0 cmake/stm32cubemx/CMakeFiles/STM32_Drivers.dir/__/__/Drivers/STM32F4xx_HAL_Driver/Src/stm32f4xx_hal_dma.c.obj
                0x080023d8                HAL_DMA_Start_IT
 .text.HAL_DMA_IRQHandler
                0x08002488      0x314 cmake/stm32cubemx/CMakeFiles/STM32_Drivers.dir/__/__/Drivers/STM32F4xx_HAL_Driver/Src/stm32f4xx_hal_dma.c.obj
                0x08002488                HAL_DMA_IRQHandler
 .text.DMA_SetConfig
                0x0800279c       0x5c cmake/stm32cubemx/CMakeFiles/STM32_Drivers.dir/__/__/Drivers/STM32F4xx_HAL_Driver/Src/stm32f4xx_hal_dma.c.obj
 .text.DMA_CalcBaseAndBitshift
                0x080027f8       0x6c cmake/stm32cubemx/CMakeFiles/STM32_Drivers.dir/__/__/Drivers/STM32F4xx_HAL_Driver/Src/stm32f4xx_hal_dma.c.obj
 .text.DMA_CheckFifoParam
                0x08002864       0xf8 cmake/stm32cubemx/CMakeFiles/STM32_Drivers.dir/__/__/Drivers/STM32F4xx_HAL_Driver/Src/stm32f4xx_hal_dma.c.obj
 .text.__NVIC_SetPriorityGrouping
                0x0800295c       0x48 cmake/stm32cubemx/CMakeFiles/STM32_Drivers.dir/__/__/Drivers/STM32F4xx_HAL_Driver/Src/stm32f4xx_hal_cortex.c.obj
 .text.__NVIC_GetPriorityGrouping
                0x080029a4       0x1c cmake/stm32cubemx/CMakeFiles/STM32_Drivers.dir/__/__/Drivers/STM32F4xx_HAL_Driver/Src/stm32f4xx_hal_cortex.c.obj
 .text.__NVIC_EnableIRQ
                0x080029c0       0x3c cmake/stm32cubemx/CMakeFiles/STM32_Drivers.dir/__/__/Drivers/STM32F4xx_HAL_Driver/Src/stm32f4xx_hal_cortex.c.obj
 .text.__NVIC_SetPriority
                0x080029fc       0x54 cmake/stm32cubemx/CMakeFiles/STM32_Drivers.dir/__/__/Drivers/STM32F4xx_HAL_Driver/Src/stm32f4xx_hal_cortex.c.obj
 .text.NVIC_EncodePriority
                0x08002a50       0x66 cmake/stm32cubemx/CMakeFiles/STM32_Drivers.dir/__/__/Drivers/STM32F4xx_HAL_Driver/Src/stm32f4xx_hal_cortex.c.obj
 *fill*         0x08002ab6        0x2 
 .text.SysTick_Config
                0x08002ab8       0x44 cmake/stm32cubemx/CMakeFiles/STM32_Drivers.dir/__/__/Drivers/STM32F4xx_HAL_Driver/Src/stm32f4xx_hal_cortex.c.obj
 .text.HAL_NVIC_SetPriorityGrouping
                0x08002afc       0x16 cmake/stm32cubemx/CMakeFiles/STM32_Drivers.dir/__/__/Drivers/STM32F4xx_HAL_Driver/Src/stm32f4xx_hal_cortex.c.obj
                0x08002afc                HAL_NVIC_SetPriorityGrouping
 .text.HAL_NVIC_SetPriority
                0x08002b12       0x38 cmake/stm32cubemx/CMakeFiles/STM32_Drivers.dir/__/__/Drivers/STM32F4xx_HAL_Driver/Src/stm32f4xx_hal_cortex.c.obj
                0x08002b12                HAL_NVIC_SetPriority
 .text.HAL_NVIC_EnableIRQ
                0x08002b4a       0x1c cmake/stm32cubemx/CMakeFiles/STM32_Drivers.dir/__/__/Drivers/STM32F4xx_HAL_Driver/Src/stm32f4xx_hal_cortex.c.obj
                0x08002b4a                HAL_NVIC_EnableIRQ
 .text.HAL_SYSTICK_Config
                0x08002b66       0x18 cmake/stm32cubemx/CMakeFiles/STM32_Drivers.dir/__/__/Drivers/STM32F4xx_HAL_Driver/Src/stm32f4xx_hal_cortex.c.obj
                0x08002b66                HAL_SYSTICK_Config
 *fill*         0x08002b7e        0x2 
 .text.HAL_Init
                0x08002b80       0x44 cmake/stm32cubemx/CMakeFiles/STM32_Drivers.dir/__/__/Drivers/STM32F4xx_HAL_Driver/Src/stm32f4xx_hal.c.obj
                0x08002b80                HAL_Init
 .text.HAL_InitTick
                0x08002bc4       0x60 cmake/stm32cubemx/CMakeFiles/STM32_Drivers.dir/__/__/Drivers/STM32F4xx_HAL_Driver/Src/stm32f4xx_hal.c.obj
                0x08002bc4                HAL_InitTick
 .text.HAL_IncTick
                0x08002c24       0x28 cmake/stm32cubemx/CMakeFiles/STM32_Drivers.dir/__/__/Drivers/STM32F4xx_HAL_Driver/Src/stm32f4xx_hal.c.obj
                0x08002c24                HAL_IncTick
 .text.HAL_GetTick
                0x08002c4c       0x18 cmake/stm32cubemx/CMakeFiles/STM32_Drivers.dir/__/__/Drivers/STM32F4xx_HAL_Driver/Src/stm32f4xx_hal.c.obj
                0x08002c4c                HAL_GetTick
 .text.HAL_Delay
                0x08002c64       0x48 cmake/stm32cubemx/CMakeFiles/STM32_Drivers.dir/__/__/Drivers/STM32F4xx_HAL_Driver/Src/stm32f4xx_hal.c.obj
                0x08002c64                HAL_Delay
 .text.HAL_I2C_Init
                0x08002cac      0x288 cmake/stm32cubemx/CMakeFiles/STM32_Drivers.dir/__/__/Drivers/STM32F4xx_HAL_Driver/Src/stm32f4xx_hal_i2c.c.obj
                0x08002cac                HAL_I2C_Init
 .text.HAL_I2C_Master_Transmit
                0x08002f34      0x1fc cmake/stm32cubemx/CMakeFiles/STM32_Drivers.dir/__/__/Drivers/STM32F4xx_HAL_Driver/Src/stm32f4xx_hal_i2c.c.obj
                0x08002f34                HAL_I2C_Master_Transmit
 .text.I2C_MasterRequestWrite
                0x08003130      0x104 cmake/stm32cubemx/CMakeFiles/STM32_Drivers.dir/__/__/Drivers/STM32F4xx_HAL_Driver/Src/stm32f4xx_hal_i2c.c.obj
 .text.I2C_WaitOnFlagUntilTimeout
                0x08003234       0xf4 cmake/stm32cubemx/CMakeFiles/STM32_Drivers.dir/__/__/Drivers/STM32F4xx_HAL_Driver/Src/stm32f4xx_hal_i2c.c.obj
 .text.I2C_WaitOnMasterAddressFlagUntilTimeout
                0x08003328      0x140 cmake/stm32cubemx/CMakeFiles/STM32_Drivers.dir/__/__/Drivers/STM32F4xx_HAL_Driver/Src/stm32f4xx_hal_i2c.c.obj
 .text.I2C_WaitOnTXEFlagUntilTimeout
                0x08003468       0x90 cmake/stm32cubemx/CMakeFiles/STM32_Drivers.dir/__/__/Drivers/STM32F4xx_HAL_Driver/Src/stm32f4xx_hal_i2c.c.obj
 .text.I2C_WaitOnBTFFlagUntilTimeout
                0x080034f8       0x90 cmake/stm32cubemx/CMakeFiles/STM32_Drivers.dir/__/__/Drivers/STM32F4xx_HAL_Driver/Src/stm32f4xx_hal_i2c.c.obj
 .text.I2C_IsAcknowledgeFailed
                0x08003588       0x5e cmake/stm32cubemx/CMakeFiles/STM32_Drivers.dir/__/__/Drivers/STM32F4xx_HAL_Driver/Src/stm32f4xx_hal_i2c.c.obj
 .text.HAL_TIM_Base_Init
                0x080035e6       0x9e cmake/stm32cubemx/CMakeFiles/STM32_Drivers.dir/__/__/Drivers/STM32F4xx_HAL_Driver/Src/stm32f4xx_hal_tim.c.obj
                0x080035e6                HAL_TIM_Base_Init
 .text.HAL_TIM_Base_Start
                0x08003684       0xb4 cmake/stm32cubemx/CMakeFiles/STM32_Drivers.dir/__/__/Drivers/STM32F4xx_HAL_Driver/Src/stm32f4xx_hal_tim.c.obj
                0x08003684                HAL_TIM_Base_Start
 .text.HAL_TIM_Base_Stop
                0x08003738       0x4e cmake/stm32cubemx/CMakeFiles/STM32_Drivers.dir/__/__/Drivers/STM32F4xx_HAL_Driver/Src/stm32f4xx_hal_tim.c.obj
                0x08003738                HAL_TIM_Base_Stop
 *fill*         0x08003786        0x2 
 .text.HAL_TIM_Base_Start_IT
                0x08003788       0xc4 cmake/stm32cubemx/CMakeFiles/STM32_Drivers.dir/__/__/Drivers/STM32F4xx_HAL_Driver/Src/stm32f4xx_hal_tim.c.obj
                0x08003788                HAL_TIM_Base_Start_IT
 .text.HAL_TIM_IRQHandler
                0x0800384c      0x1e0 cmake/stm32cubemx/CMakeFiles/STM32_Drivers.dir/__/__/Drivers/STM32F4xx_HAL_Driver/Src/stm32f4xx_hal_tim.c.obj
                0x0800384c                HAL_TIM_IRQHandler
 .text.HAL_TIM_ConfigClockSource
                0x08003a2c      0x18e cmake/stm32cubemx/CMakeFiles/STM32_Drivers.dir/__/__/Drivers/STM32F4xx_HAL_Driver/Src/stm32f4xx_hal_tim.c.obj
                0x08003a2c                HAL_TIM_ConfigClockSource
 .text.HAL_TIM_OC_DelayElapsedCallback
                0x08003bba       0x14 cmake/stm32cubemx/CMakeFiles/STM32_Drivers.dir/__/__/Drivers/STM32F4xx_HAL_Driver/Src/stm32f4xx_hal_tim.c.obj
                0x08003bba                HAL_TIM_OC_DelayElapsedCallback
 .text.HAL_TIM_IC_CaptureCallback
                0x08003bce       0x14 cmake/stm32cubemx/CMakeFiles/STM32_Drivers.dir/__/__/Drivers/STM32F4xx_HAL_Driver/Src/stm32f4xx_hal_tim.c.obj
                0x08003bce                HAL_TIM_IC_CaptureCallback
 .text.HAL_TIM_PWM_PulseFinishedCallback
                0x08003be2       0x14 cmake/stm32cubemx/CMakeFiles/STM32_Drivers.dir/__/__/Drivers/STM32F4xx_HAL_Driver/Src/stm32f4xx_hal_tim.c.obj
                0x08003be2                HAL_TIM_PWM_PulseFinishedCallback
 .text.HAL_TIM_TriggerCallback
                0x08003bf6       0x14 cmake/stm32cubemx/CMakeFiles/STM32_Drivers.dir/__/__/Drivers/STM32F4xx_HAL_Driver/Src/stm32f4xx_hal_tim.c.obj
                0x08003bf6                HAL_TIM_TriggerCallback
 *fill*         0x08003c0a        0x2 
 .text.TIM_Base_SetConfig
                0x08003c0c      0x10c cmake/stm32cubemx/CMakeFiles/STM32_Drivers.dir/__/__/Drivers/STM32F4xx_HAL_Driver/Src/stm32f4xx_hal_tim.c.obj
                0x08003c0c                TIM_Base_SetConfig
 .text.TIM_TI1_ConfigInputStage
                0x08003d18       0x5e cmake/stm32cubemx/CMakeFiles/STM32_Drivers.dir/__/__/Drivers/STM32F4xx_HAL_Driver/Src/stm32f4xx_hal_tim.c.obj
 .text.TIM_TI2_ConfigInputStage
                0x08003d76       0x60 cmake/stm32cubemx/CMakeFiles/STM32_Drivers.dir/__/__/Drivers/STM32F4xx_HAL_Driver/Src/stm32f4xx_hal_tim.c.obj
 .text.TIM_ITRx_SetConfig
                0x08003dd6       0x36 cmake/stm32cubemx/CMakeFiles/STM32_Drivers.dir/__/__/Drivers/STM32F4xx_HAL_Driver/Src/stm32f4xx_hal_tim.c.obj
 .text.TIM_ETR_SetConfig
                0x08003e0c       0x40 cmake/stm32cubemx/CMakeFiles/STM32_Drivers.dir/__/__/Drivers/STM32F4xx_HAL_Driver/Src/stm32f4xx_hal_tim.c.obj
                0x08003e0c                TIM_ETR_SetConfig
 .text.HAL_TIMEx_MasterConfigSynchronization
                0x08003e4c       0xdc cmake/stm32cubemx/CMakeFiles/STM32_Drivers.dir/__/__/Drivers/STM32F4xx_HAL_Driver/Src/stm32f4xx_hal_tim_ex.c.obj
                0x08003e4c                HAL_TIMEx_MasterConfigSynchronization
 .text.HAL_TIMEx_CommutCallback
                0x08003f28       0x14 cmake/stm32cubemx/CMakeFiles/STM32_Drivers.dir/__/__/Drivers/STM32F4xx_HAL_Driver/Src/stm32f4xx_hal_tim_ex.c.obj
                0x08003f28                HAL_TIMEx_CommutCallback
 .text.HAL_TIMEx_BreakCallback
                0x08003f3c       0x14 cmake/stm32cubemx/CMakeFiles/STM32_Drivers.dir/__/__/Drivers/STM32F4xx_HAL_Driver/Src/stm32f4xx_hal_tim_ex.c.obj
                0x08003f3c                HAL_TIMEx_BreakCallback
 .text.HAL_UART_Init
                0x08003f50       0xa0 cmake/stm32cubemx/CMakeFiles/STM32_Drivers.dir/__/__/Drivers/STM32F4xx_HAL_Driver/Src/stm32f4xx_hal_uart.c.obj
                0x08003f50                HAL_UART_Init
 .text.UART_SetConfig
                0x08003ff0      0x4e8 cmake/stm32cubemx/CMakeFiles/STM32_Drivers.dir/__/__/Drivers/STM32F4xx_HAL_Driver/Src/stm32f4xx_hal_uart.c.obj
 .text.main     0x080044d8       0x58 CMakeFiles/Testing.dir/Core/Src/main.c.obj
                0x080044d8                main
 .text.SystemClock_Config
                0x08004530       0xd8 CMakeFiles/Testing.dir/Core/Src/main.c.obj
                0x08004530                SystemClock_Config
 .text.MX_ADC1_Init
                0x08004608       0xc4 CMakeFiles/Testing.dir/Core/Src/main.c.obj
 .text.MX_I2C1_Init
                0x080046cc       0x60 CMakeFiles/Testing.dir/Core/Src/main.c.obj
 .text.MX_TIM1_Init
                0x0800472c       0xa4 CMakeFiles/Testing.dir/Core/Src/main.c.obj
 .text.MX_TIM3_Init
                0x080047d0       0x9c CMakeFiles/Testing.dir/Core/Src/main.c.obj
 .text.MX_USART2_UART_Init
                0x0800486c       0x54 CMakeFiles/Testing.dir/Core/Src/main.c.obj
 .text.MX_DMA_Init
                0x080048c0       0x40 CMakeFiles/Testing.dir/Core/Src/main.c.obj
 .text.MX_GPIO_Init
                0x08004900       0xdc CMakeFiles/Testing.dir/Core/Src/main.c.obj
 .text.HAL_TIM_PeriodElapsedCallback
                0x080049dc       0x14 CMakeFiles/Testing.dir/Core/Src/main.c.obj
                0x080049dc                HAL_TIM_PeriodElapsedCallback
 .text.Error_Handler
                0x080049f0        0xc CMakeFiles/Testing.dir/Core/Src/main.c.obj
                0x080049f0                Error_Handler
 .text.NMI_Handler
                0x080049fc        0x8 CMakeFiles/Testing.dir/Core/Src/stm32f4xx_it.c.obj
                0x080049fc                NMI_Handler
 .text.HardFault_Handler
                0x08004a04        0x8 CMakeFiles/Testing.dir/Core/Src/stm32f4xx_it.c.obj
                0x08004a04                HardFault_Handler
 .text.MemManage_Handler
                0x08004a0c        0x8 CMakeFiles/Testing.dir/Core/Src/stm32f4xx_it.c.obj
                0x08004a0c                MemManage_Handler
 .text.BusFault_Handler
                0x08004a14        0x8 CMakeFiles/Testing.dir/Core/Src/stm32f4xx_it.c.obj
                0x08004a14                BusFault_Handler
 .text.UsageFault_Handler
                0x08004a1c        0x8 CMakeFiles/Testing.dir/Core/Src/stm32f4xx_it.c.obj
                0x08004a1c                UsageFault_Handler
 .text.SVC_Handler
                0x08004a24        0xe CMakeFiles/Testing.dir/Core/Src/stm32f4xx_it.c.obj
                0x08004a24                SVC_Handler
 .text.DebugMon_Handler
                0x08004a32        0xe CMakeFiles/Testing.dir/Core/Src/stm32f4xx_it.c.obj
                0x08004a32                DebugMon_Handler
 .text.PendSV_Handler
                0x08004a40        0xe CMakeFiles/Testing.dir/Core/Src/stm32f4xx_it.c.obj
                0x08004a40                PendSV_Handler
 .text.SysTick_Handler
                0x08004a4e        0xc CMakeFiles/Testing.dir/Core/Src/stm32f4xx_it.c.obj
                0x08004a4e                SysTick_Handler
 *fill*         0x08004a5a        0x2 
 .text.TIM1_UP_TIM10_IRQHandler
                0x08004a5c       0x14 CMakeFiles/Testing.dir/Core/Src/stm32f4xx_it.c.obj
                0x08004a5c                TIM1_UP_TIM10_IRQHandler
 .text.DMA2_Stream4_IRQHandler
                0x08004a70       0x14 CMakeFiles/Testing.dir/Core/Src/stm32f4xx_it.c.obj
                0x08004a70                DMA2_Stream4_IRQHandler
 .text.HAL_MspInit
                0x08004a84       0x50 CMakeFiles/Testing.dir/Core/Src/stm32f4xx_hal_msp.c.obj
                0x08004a84                HAL_MspInit
 .text.HAL_ADC_MspInit
                0x08004ad4      0x128 CMakeFiles/Testing.dir/Core/Src/stm32f4xx_hal_msp.c.obj
                0x08004ad4                HAL_ADC_MspInit
 .text.HAL_I2C_MspInit
                0x08004bfc       0x90 CMakeFiles/Testing.dir/Core/Src/stm32f4xx_hal_msp.c.obj
                0x08004bfc                HAL_I2C_MspInit
 .text.HAL_TIM_Base_MspInit
                0x08004c8c       0x7c CMakeFiles/Testing.dir/Core/Src/stm32f4xx_hal_msp.c.obj
                0x08004c8c                HAL_TIM_Base_MspInit
 .text.HAL_UART_MspInit
                0x08004d08       0x90 CMakeFiles/Testing.dir/Core/Src/stm32f4xx_hal_msp.c.obj
                0x08004d08                HAL_UART_MspInit
 .text._sbrk    0x08004d98       0x6c CMakeFiles/Testing.dir/Core/Src/sysmem.c.obj
                0x08004d98                _sbrk
 .text._getpid  0x08004e04       0x10 CMakeFiles/Testing.dir/Core/Src/syscalls.c.obj
                0x08004e04                _getpid
 .text._kill    0x08004e14       0x20 CMakeFiles/Testing.dir/Core/Src/syscalls.c.obj
                0x08004e14                _kill
 .text._exit    0x08004e34       0x16 CMakeFiles/Testing.dir/Core/Src/syscalls.c.obj
                0x08004e34                _exit
 *fill*         0x08004e4a        0x2 
 .text.Reset_Handler
                0x08004e4c       0x50 CMakeFiles/Testing.dir/startup_stm32f401xe.s.obj
                0x08004e4c                Reset_Handler
 .text.Default_Handler
                0x08004e9c        0x2 CMakeFiles/Testing.dir/startup_stm32f401xe.s.obj
                0x08004e9c                RTC_Alarm_IRQHandler
                0x08004e9c                EXTI2_IRQHandler
                0x08004e9c                SPI4_IRQHandler
                0x08004e9c                TIM1_CC_IRQHandler
                0x08004e9c                DMA2_Stream5_IRQHandler
                0x08004e9c                DMA1_Stream5_IRQHandler
                0x08004e9c                PVD_IRQHandler
                0x08004e9c                SDIO_IRQHandler
                0x08004e9c                TAMP_STAMP_IRQHandler
                0x08004e9c                EXTI3_IRQHandler
                0x08004e9c                I2C3_ER_IRQHandler
                0x08004e9c                EXTI0_IRQHandler
                0x08004e9c                I2C2_EV_IRQHandler
                0x08004e9c                DMA1_Stream2_IRQHandler
                0x08004e9c                FPU_IRQHandler
                0x08004e9c                DMA2_Stream2_IRQHandler
                0x08004e9c                SPI1_IRQHandler
                0x08004e9c                TIM1_BRK_TIM9_IRQHandler
                0x08004e9c                DMA2_Stream3_IRQHandler
                0x08004e9c                USART6_IRQHandler
                0x08004e9c                DMA2_Stream0_IRQHandler
                0x08004e9c                TIM4_IRQHandler
                0x08004e9c                I2C1_EV_IRQHandler
                0x08004e9c                DMA1_Stream6_IRQHandler
                0x08004e9c                DMA1_Stream1_IRQHandler
                0x08004e9c                TIM3_IRQHandler
                0x08004e9c                RCC_IRQHandler
                0x08004e9c                Default_Handler
                0x08004e9c                EXTI15_10_IRQHandler
                0x08004e9c                ADC_IRQHandler
                0x08004e9c                DMA1_Stream7_IRQHandler
                0x08004e9c                TIM5_IRQHandler
                0x08004e9c                DMA2_Stream7_IRQHandler
                0x08004e9c                I2C3_EV_IRQHandler
                0x08004e9c                EXTI9_5_IRQHandler
                0x08004e9c                RTC_WKUP_IRQHandler
                0x08004e9c                SPI2_IRQHandler
                0x08004e9c                DMA1_Stream0_IRQHandler
                0x08004e9c                EXTI4_IRQHandler
                0x08004e9c                WWDG_IRQHandler
                0x08004e9c                TIM2_IRQHandler
                0x08004e9c                OTG_FS_WKUP_IRQHandler
                0x08004e9c                TIM1_TRG_COM_TIM11_IRQHandler
                0x08004e9c                EXTI1_IRQHandler
                0x08004e9c                USART2_IRQHandler
                0x08004e9c                I2C2_ER_IRQHandler
                0x08004e9c                DMA2_Stream1_IRQHandler
                0x08004e9c                FLASH_IRQHandler
                0x08004e9c                USART1_IRQHandler
                0x08004e9c                OTG_FS_IRQHandler
                0x08004e9c                SPI3_IRQHandler
                0x08004e9c                DMA1_Stream4_IRQHandler
                0x08004e9c                I2C1_ER_IRQHandler
                0x08004e9c                DMA2_Stream6_IRQHandler
                0x08004e9c                DMA1_Stream3_IRQHandler
 *fill*         0x08004e9e        0x2 
 .text.I2C_SSD1306_Screen_Init
                0x08004ea0      0x1ac CMakeFiles/Testing.dir/Core/Src/ssd_1306.cpp.obj
                0x08004ea0                I2C_SSD1306_Screen_Init
 .text._Z32I2C_SSD1306_Update_Whole_DisplaySt5arrayIS_IhLj8EELj128EE
                0x0800504c      0x150 CMakeFiles/Testing.dir/Core/Src/ssd_1306.cpp.obj
                0x0800504c                I2C_SSD1306_Update_Whole_Display(std::array<std::array<unsigned char, 8u>, 128u>)
 .text.I2C_SSD1306_Screen_Transmit
                0x0800519c       0x2c CMakeFiles/Testing.dir/Core/Src/ssd_1306.cpp.obj
                0x0800519c                I2C_SSD1306_Screen_Transmit
 .text._ZNSt5arrayIS_IhLj8EELj128EEixEj
                0x080051c8       0x1e CMakeFiles/Testing.dir/Core/Src/ssd_1306.cpp.obj
                0x080051c8                std::array<std::array<unsigned char, 8u>, 128u>::operator[](unsigned int)
 .text._ZNSt5arrayIhLj8EEixEj
                0x080051e6       0x1c CMakeFiles/Testing.dir/Core/Src/ssd_1306.cpp.obj
                0x080051e6                std::array<unsigned char, 8u>::operator[](unsigned int)
 .text._Z11draw_spritePSt5arrayIS_IhLj8EELj128EEiiPPhh
                0x08005202       0x58 CMakeFiles/Testing.dir/Core/Src/draw_helpers.cpp.obj
                0x08005202                draw_sprite(std::array<std::array<unsigned char, 8u>, 128u>*, int, int, unsigned char**, unsigned char)
 .text._Z9put_pixelPSt5arrayIS_IhLj8EELj128EEiih
                0x0800525a       0x70 CMakeFiles/Testing.dir/Core/Src/draw_helpers.cpp.obj
                0x0800525a                put_pixel(std::array<std::array<unsigned char, 8u>, 128u>*, int, int, unsigned char)
 .text._ZN10GameObject6UpdateEv
                0x080052ca       0x14 CMakeFiles/Testing.dir/Core/Src/game_object.cpp.obj
                0x080052ca                GameObject::Update()
 *fill*         0x080052de        0x2 
 .text._ZN10GameObjectC2EhSt6vectorIhSaIhEE
                0x080052e0      0x17c CMakeFiles/Testing.dir/Core/Src/game_object.cpp.obj
                0x080052e0                GameObject::GameObject(unsigned char, std::vector<unsigned char, std::allocator<unsigned char> >)
                0x080052e0                GameObject::GameObject(unsigned char, std::vector<unsigned char, std::allocator<unsigned char> >)
 .text._ZNKSt6vectorIhSaIhEE4sizeEv
                0x0800545c       0x1e CMakeFiles/Testing.dir/Core/Src/game_object.cpp.obj
                0x0800545c                std::vector<unsigned char, std::allocator<unsigned char> >::size() const
 .text._ZNSt6vectorIhSaIhEEixEj
                0x0800547a       0x1e CMakeFiles/Testing.dir/Core/Src/game_object.cpp.obj
                0x0800547a                std::vector<unsigned char, std::allocator<unsigned char> >::operator[](unsigned int)
 .text._ZN11PlayerGnorp6UpdateEv
                0x08005498       0x72 CMakeFiles/Testing.dir/Core/Src/player_gnorp.cpp.obj
                0x08005498                PlayerGnorp::Update()
 .text._ZnwjPv  0x0800550a       0x18 CMakeFiles/Testing.dir/Core/Src/game_logic.cpp.obj
                0x0800550a                operator new(unsigned int, void*)
 *fill*         0x08005522        0x2 
 .text._ZN11GameManagerC2Ev
                0x08005524       0x20 CMakeFiles/Testing.dir/Core/Src/game_logic.cpp.obj
                0x08005524                GameManager::GameManager()
                0x08005524                GameManager::GameManager()
 .text._ZN11PlayerGnorpC2EhSt6vectorIhSaIhEE
                0x08005544       0x48 CMakeFiles/Testing.dir/Core/Src/game_logic.cpp.obj
                0x08005544                PlayerGnorp::PlayerGnorp(unsigned char, std::vector<unsigned char, std::allocator<unsigned char> >)
                0x08005544                PlayerGnorp::PlayerGnorp(unsigned char, std::vector<unsigned char, std::allocator<unsigned char> >)
 .text._ZNSt12_Vector_baseIP10GameObjectSaIS1_EE12_Vector_implD2Ev
                0x0800558c       0x1c CMakeFiles/Testing.dir/Core/Src/game_logic.cpp.obj
                0x0800558c                std::_Vector_base<GameObject*, std::allocator<GameObject*> >::_Vector_impl::~_Vector_impl()
                0x0800558c                std::_Vector_base<GameObject*, std::allocator<GameObject*> >::_Vector_impl::~_Vector_impl()
 .text._ZNSt12_Vector_baseIP10GameObjectSaIS1_EEC2Ev
                0x080055a8       0x1a CMakeFiles/Testing.dir/Core/Src/game_logic.cpp.obj
                0x080055a8                std::_Vector_base<GameObject*, std::allocator<GameObject*> >::_Vector_base()
                0x080055a8                std::_Vector_base<GameObject*, std::allocator<GameObject*> >::_Vector_base()
 .text._ZNSt6vectorIP10GameObjectSaIS1_EEC2Ev
                0x080055c2       0x1a CMakeFiles/Testing.dir/Core/Src/game_logic.cpp.obj
                0x080055c2                std::vector<GameObject*, std::allocator<GameObject*> >::vector()
                0x080055c2                std::vector<GameObject*, std::allocator<GameObject*> >::vector()
 *fill*         0x080055dc        0x4 
 .text.game_init
                0x080055e0      0x470 CMakeFiles/Testing.dir/Core/Src/game_logic.cpp.obj
                0x080055e0                game_init
 .text.frame_update
                0x08005a50       0x30 CMakeFiles/Testing.dir/Core/Src/game_logic.cpp.obj
                0x08005a50                frame_update
 .text._ZNSt6vectorIhSaIhEEC2ERKS1_
                0x08005a80       0x8a CMakeFiles/Testing.dir/Core/Src/game_logic.cpp.obj
                0x08005a80                std::vector<unsigned char, std::allocator<unsigned char> >::vector(std::vector<unsigned char, std::allocator<unsigned char> > const&)
                0x08005a80                std::vector<unsigned char, std::allocator<unsigned char> >::vector(std::vector<unsigned char, std::allocator<unsigned char> > const&)
 .text._ZNSt6vectorIhSaIhEED2Ev
                0x08005b0a       0x3c CMakeFiles/Testing.dir/Core/Src/game_logic.cpp.obj
                0x08005b0a                std::vector<unsigned char, std::allocator<unsigned char> >::~vector()
                0x08005b0a                std::vector<unsigned char, std::allocator<unsigned char> >::~vector()
 .text._ZNSt12_Vector_baseIP10GameObjectSaIS1_EE12_Vector_implC2Ev
                0x08005b46       0x22 CMakeFiles/Testing.dir/Core/Src/game_logic.cpp.obj
                0x08005b46                std::_Vector_base<GameObject*, std::allocator<GameObject*> >::_Vector_impl::_Vector_impl()
                0x08005b46                std::_Vector_base<GameObject*, std::allocator<GameObject*> >::_Vector_impl::_Vector_impl()
 .text._ZNSt12_Vector_baseIP10GameObjectSaIS1_EED2Ev
                0x08005b68       0x32 CMakeFiles/Testing.dir/Core/Src/game_logic.cpp.obj
                0x08005b68                std::_Vector_base<GameObject*, std::allocator<GameObject*> >::~_Vector_base()
                0x08005b68                std::_Vector_base<GameObject*, std::allocator<GameObject*> >::~_Vector_base()
 .text._ZNSt6vectorIhSaIhEEC2ESt16initializer_listIhERKS0_
                0x08005b9a       0x4c CMakeFiles/Testing.dir/Core/Src/game_logic.cpp.obj
                0x08005b9a                std::vector<unsigned char, std::allocator<unsigned char> >::vector(std::initializer_list<unsigned char>, std::allocator<unsigned char> const&)
                0x08005b9a                std::vector<unsigned char, std::allocator<unsigned char> >::vector(std::initializer_list<unsigned char>, std::allocator<unsigned char> const&)
 .text._ZNSt6vectorIP10GameObjectSaIS1_EE9push_backEOS1_
                0x08005be6       0x22 CMakeFiles/Testing.dir/Core/Src/game_logic.cpp.obj
                0x08005be6                std::vector<GameObject*, std::allocator<GameObject*> >::push_back(GameObject*&&)
 .text._ZNSt6vectorIP10GameObjectSaIS1_EE5beginEv
                0x08005c08       0x20 CMakeFiles/Testing.dir/Core/Src/game_logic.cpp.obj
                0x08005c08                std::vector<GameObject*, std::allocator<GameObject*> >::begin()
 .text._ZNSt6vectorIP10GameObjectSaIS1_EE3endEv
                0x08005c28       0x22 CMakeFiles/Testing.dir/Core/Src/game_logic.cpp.obj
                0x08005c28                std::vector<GameObject*, std::allocator<GameObject*> >::end()
 .text._ZN9__gnu_cxxneIPP10GameObjectSt6vectorIS2_SaIS2_EEEEbRKNS_17__normal_iteratorIT_T0_EESC_
                0x08005c4a       0x30 CMakeFiles/Testing.dir/Core/Src/game_logic.cpp.obj
                0x08005c4a                bool __gnu_cxx::operator!=<GameObject**, std::vector<GameObject*, std::allocator<GameObject*> > >(__gnu_cxx::__normal_iterator<GameObject**, std::vector<GameObject*, std::allocator<GameObject*> > > const&, __gnu_cxx::__normal_iterator<GameObject**, std::vector<GameObject*, std::allocator<GameObject*> > > const&)
 .text._ZN9__gnu_cxx17__normal_iteratorIPP10GameObjectSt6vectorIS2_SaIS2_EEEppEv
                0x08005c7a       0x20 CMakeFiles/Testing.dir/Core/Src/game_logic.cpp.obj
                0x08005c7a                __gnu_cxx::__normal_iterator<GameObject**, std::vector<GameObject*, std::allocator<GameObject*> > >::operator++()
 .text._ZNK9__gnu_cxx17__normal_iteratorIPP10GameObjectSt6vectorIS2_SaIS2_EEEdeEv
                0x08005c9a       0x18 CMakeFiles/Testing.dir/Core/Src/game_logic.cpp.obj
                0x08005c9a                __gnu_cxx::__normal_iterator<GameObject**, std::vector<GameObject*, std::allocator<GameObject*> > >::operator*() const
 .text._ZNSt5arrayIS_IhLj8EELj128EE5beginEv
                0x08005cb2       0x1a CMakeFiles/Testing.dir/Core/Src/game_logic.cpp.obj
                0x08005cb2                std::array<std::array<unsigned char, 8u>, 128u>::begin()
 .text._ZNSt5arrayIS_IhLj8EELj128EE3endEv
                0x08005ccc       0x1e CMakeFiles/Testing.dir/Core/Src/game_logic.cpp.obj
                0x08005ccc                std::array<std::array<unsigned char, 8u>, 128u>::end()
 .text._ZSt4copyIPSt5arrayIhLj8EES2_ET0_T_S4_S3_
                0x08005cea       0x30 CMakeFiles/Testing.dir/Core/Src/game_logic.cpp.obj
                0x08005cea                std::array<unsigned char, 8u>* std::copy<std::array<unsigned char, 8u>*, std::array<unsigned char, 8u>*>(std::array<unsigned char, 8u>*, std::array<unsigned char, 8u>*, std::array<unsigned char, 8u>*)
 .text._ZNKSt12_Vector_baseIhSaIhEE19_M_get_Tp_allocatorEv
                0x08005d1a       0x16 CMakeFiles/Testing.dir/Core/Src/game_logic.cpp.obj
                0x08005d1a                std::_Vector_base<unsigned char, std::allocator<unsigned char> >::_M_get_Tp_allocator() const
 .text._ZNSt12_Vector_baseIhSaIhEE12_Vector_implD2Ev
                0x08005d30       0x1c CMakeFiles/Testing.dir/Core/Src/game_logic.cpp.obj
                0x08005d30                std::_Vector_base<unsigned char, std::allocator<unsigned char> >::_Vector_impl::~_Vector_impl()
                0x08005d30                std::_Vector_base<unsigned char, std::allocator<unsigned char> >::_Vector_impl::~_Vector_impl()
 .text._ZNSt12_Vector_baseIhSaIhEEC2EjRKS0_
                0x08005d4c       0x28 CMakeFiles/Testing.dir/Core/Src/game_logic.cpp.obj
                0x08005d4c                std::_Vector_base<unsigned char, std::allocator<unsigned char> >::_Vector_base(unsigned int, std::allocator<unsigned char> const&)
                0x08005d4c                std::_Vector_base<unsigned char, std::allocator<unsigned char> >::_Vector_base(unsigned int, std::allocator<unsigned char> const&)
 .text._ZNSt12_Vector_baseIhSaIhEED2Ev
                0x08005d74       0x30 CMakeFiles/Testing.dir/Core/Src/game_logic.cpp.obj
                0x08005d74                std::_Vector_base<unsigned char, std::allocator<unsigned char> >::~_Vector_base()
                0x08005d74                std::_Vector_base<unsigned char, std::allocator<unsigned char> >::~_Vector_base()
 .text._ZNKSt6vectorIhSaIhEE5beginEv
                0x08005da4       0x20 CMakeFiles/Testing.dir/Core/Src/game_logic.cpp.obj
                0x08005da4                std::vector<unsigned char, std::allocator<unsigned char> >::begin() const
 .text._ZNKSt6vectorIhSaIhEE3endEv
                0x08005dc4       0x22 CMakeFiles/Testing.dir/Core/Src/game_logic.cpp.obj
                0x08005dc4                std::vector<unsigned char, std::allocator<unsigned char> >::end() const
 .text._ZNSt12_Vector_baseIhSaIhEE19_M_get_Tp_allocatorEv
                0x08005de6       0x16 CMakeFiles/Testing.dir/Core/Src/game_logic.cpp.obj
                0x08005de6                std::_Vector_base<unsigned char, std::allocator<unsigned char> >::_M_get_Tp_allocator()
 .text._ZSt22__uninitialized_copy_aIN9__gnu_cxx17__normal_iteratorIPKhSt6vectorIhSaIhEEEEPhhET0_T_SA_S9_RSaIT1_E
                0x08005dfc       0x22 CMakeFiles/Testing.dir/Core/Src/game_logic.cpp.obj
                0x08005dfc                unsigned char* std::__uninitialized_copy_a<__gnu_cxx::__normal_iterator<unsigned char const*, std::vector<unsigned char, std::allocator<unsigned char> > >, unsigned char*, unsigned char>(__gnu_cxx::__normal_iterator<unsigned char const*, std::vector<unsigned char, std::allocator<unsigned char> > >, __gnu_cxx::__normal_iterator<unsigned char const*, std::vector<unsigned char, std::allocator<unsigned char> > >, unsigned char*, std::allocator<unsigned char>&)
 .text._ZNSt12_Vector_baseIP10GameObjectSaIS1_EE17_Vector_impl_dataC2Ev
                0x08005e1e       0x28 CMakeFiles/Testing.dir/Core/Src/game_logic.cpp.obj
                0x08005e1e                std::_Vector_base<GameObject*, std::allocator<GameObject*> >::_Vector_impl_data::_Vector_impl_data()
                0x08005e1e                std::_Vector_base<GameObject*, std::allocator<GameObject*> >::_Vector_impl_data::_Vector_impl_data()
 .text._ZNSt15__new_allocatorIP10GameObjectED2Ev
                0x08005e46       0x16 CMakeFiles/Testing.dir/Core/Src/game_logic.cpp.obj
                0x08005e46                std::__new_allocator<GameObject*>::~__new_allocator()
                0x08005e46                std::__new_allocator<GameObject*>::~__new_allocator()
 .text._ZNSt12_Vector_baseIP10GameObjectSaIS1_EE13_M_deallocateEPS1_j
                0x08005e5c       0x32 CMakeFiles/Testing.dir/Core/Src/game_logic.cpp.obj
                0x08005e5c                std::_Vector_base<GameObject*, std::allocator<GameObject*> >::_M_deallocate(GameObject**, unsigned int)
 .text._ZNSt15__new_allocatorIhED2Ev
                0x08005e8e       0x16 CMakeFiles/Testing.dir/Core/Src/game_logic.cpp.obj
                0x08005e8e                std::__new_allocator<unsigned char>::~__new_allocator()
                0x08005e8e                std::__new_allocator<unsigned char>::~__new_allocator()
 .text._ZNSt12_Vector_baseIhSaIhEEC2ERKS0_
                0x08005ea4       0x1e CMakeFiles/Testing.dir/Core/Src/game_logic.cpp.obj
                0x08005ea4                std::_Vector_base<unsigned char, std::allocator<unsigned char> >::_Vector_base(std::allocator<unsigned char> const&)
                0x08005ea4                std::_Vector_base<unsigned char, std::allocator<unsigned char> >::_Vector_base(std::allocator<unsigned char> const&)
 .text._ZNKSt16initializer_listIhE5beginEv
                0x08005ec2       0x18 CMakeFiles/Testing.dir/Core/Src/game_logic.cpp.obj
                0x08005ec2                std::initializer_list<unsigned char>::begin() const
 .text._ZNKSt16initializer_listIhE3endEv
                0x08005eda       0x22 CMakeFiles/Testing.dir/Core/Src/game_logic.cpp.obj
                0x08005eda                std::initializer_list<unsigned char>::end() const
 .text._ZNKSt16initializer_listIhE4sizeEv
                0x08005efc       0x18 CMakeFiles/Testing.dir/Core/Src/game_logic.cpp.obj
                0x08005efc                std::initializer_list<unsigned char>::size() const
 .text._ZNSt6vectorIhSaIhEE21_M_range_initialize_nIPKhEEvT_S5_j
                0x08005f14       0x72 CMakeFiles/Testing.dir/Core/Src/game_logic.cpp.obj
                0x08005f14                void std::vector<unsigned char, std::allocator<unsigned char> >::_M_range_initialize_n<unsigned char const*>(unsigned char const*, unsigned char const*, unsigned int)
 .text._ZSt4moveIRP10GameObjectEONSt16remove_referenceIT_E4typeEOS4_
                0x08005f86       0x16 CMakeFiles/Testing.dir/Core/Src/game_logic.cpp.obj
                0x08005f86                std::remove_reference<GameObject*&>::type&& std::move<GameObject*&>(GameObject*&)
 .text._ZNSt6vectorIP10GameObjectSaIS1_EE12emplace_backIJS1_EEERS1_DpOT_
                0x08005f9c       0x84 CMakeFiles/Testing.dir/Core/Src/game_logic.cpp.obj
                0x08005f9c                GameObject*& std::vector<GameObject*, std::allocator<GameObject*> >::emplace_back<GameObject*>(GameObject*&&)
 .text._ZN9__gnu_cxx17__normal_iteratorIPP10GameObjectSt6vectorIS2_SaIS2_EEEC2ERKS3_
                0x08006020       0x20 CMakeFiles/Testing.dir/Core/Src/game_logic.cpp.obj
                0x08006020                __gnu_cxx::__normal_iterator<GameObject**, std::vector<GameObject*, std::allocator<GameObject*> > >::__normal_iterator(GameObject** const&)
                0x08006020                __gnu_cxx::__normal_iterator<GameObject**, std::vector<GameObject*, std::allocator<GameObject*> > >::__normal_iterator(GameObject** const&)
 .text._ZNK9__gnu_cxx17__normal_iteratorIPP10GameObjectSt6vectorIS2_SaIS2_EEE4baseEv
                0x08006040       0x16 CMakeFiles/Testing.dir/Core/Src/game_logic.cpp.obj
                0x08006040                __gnu_cxx::__normal_iterator<GameObject**, std::vector<GameObject*, std::allocator<GameObject*> > >::base() const
 .text._ZSt12__miter_baseIPSt5arrayIhLj8EEET_S3_
                0x08006056       0x16 CMakeFiles/Testing.dir/Core/Src/game_logic.cpp.obj
                0x08006056                std::array<unsigned char, 8u>* std::__miter_base<std::array<unsigned char, 8u>*>(std::array<unsigned char, 8u>*)
 .text._ZSt13__copy_move_aILb0EPSt5arrayIhLj8EES2_ET1_T0_S4_S3_
                0x0800606c       0x46 CMakeFiles/Testing.dir/Core/Src/game_logic.cpp.obj
                0x0800606c                std::array<unsigned char, 8u>* std::__copy_move_a<false, std::array<unsigned char, 8u>*, std::array<unsigned char, 8u>*>(std::array<unsigned char, 8u>*, std::array<unsigned char, 8u>*, std::array<unsigned char, 8u>*)
 .text._ZNSt12_Vector_baseIhSaIhEE12_Vector_implC2ERKS0_
                0x080060b2       0x2c CMakeFiles/Testing.dir/Core/Src/game_logic.cpp.obj
                0x080060b2                std::_Vector_base<unsigned char, std::allocator<unsigned char> >::_Vector_impl::_Vector_impl(std::allocator<unsigned char> const&)
                0x080060b2                std::_Vector_base<unsigned char, std::allocator<unsigned char> >::_Vector_impl::_Vector_impl(std::allocator<unsigned char> const&)
 .text._ZNSt12_Vector_baseIhSaIhEE17_M_create_storageEj
                0x080060de       0x34 CMakeFiles/Testing.dir/Core/Src/game_logic.cpp.obj
                0x080060de                std::_Vector_base<unsigned char, std::allocator<unsigned char> >::_M_create_storage(unsigned int)
 .text._ZNSt12_Vector_baseIhSaIhEE13_M_deallocateEPhj
                0x08006112       0x32 CMakeFiles/Testing.dir/Core/Src/game_logic.cpp.obj
                0x08006112                std::_Vector_base<unsigned char, std::allocator<unsigned char> >::_M_deallocate(unsigned char*, unsigned int)
 .text._ZN9__gnu_cxx17__normal_iteratorIPKhSt6vectorIhSaIhEEEC2ERKS2_
                0x08006144       0x20 CMakeFiles/Testing.dir/Core/Src/game_logic.cpp.obj
                0x08006144                __gnu_cxx::__normal_iterator<unsigned char const*, std::vector<unsigned char, std::allocator<unsigned char> > >::__normal_iterator(unsigned char const* const&)
                0x08006144                __gnu_cxx::__normal_iterator<unsigned char const*, std::vector<unsigned char, std::allocator<unsigned char> > >::__normal_iterator(unsigned char const* const&)
 .text._ZSt18uninitialized_copyIN9__gnu_cxx17__normal_iteratorIPKhSt6vectorIhSaIhEEEEPhET0_T_SA_S9_
                0x08006164       0x28 CMakeFiles/Testing.dir/Core/Src/game_logic.cpp.obj
                0x08006164                unsigned char* std::uninitialized_copy<__gnu_cxx::__normal_iterator<unsigned char const*, std::vector<unsigned char, std::allocator<unsigned char> > >, unsigned char*>(__gnu_cxx::__normal_iterator<unsigned char const*, std::vector<unsigned char, std::allocator<unsigned char> > >, __gnu_cxx::__normal_iterator<unsigned char const*, std::vector<unsigned char, std::allocator<unsigned char> > >, unsigned char*)
 .text._ZSt8_DestroyIPhEvT_S1_
                0x0800618c       0x1a CMakeFiles/Testing.dir/Core/Src/game_logic.cpp.obj
                0x0800618c                void std::_Destroy<unsigned char*>(unsigned char*, unsigned char*)
 *fill*         0x080061a6        0x2 
 .text._ZNSt6vectorIhSaIhEE17_S_check_init_lenEjRKS0_
                0x080061a8       0x54 CMakeFiles/Testing.dir/Core/Src/game_logic.cpp.obj
                0x080061a8                std::vector<unsigned char, std::allocator<unsigned char> >::_S_check_init_len(unsigned int, std::allocator<unsigned char> const&)
 .text._ZNSt12_Vector_baseIhSaIhEE11_M_allocateEj
                0x080061fc       0x32 CMakeFiles/Testing.dir/Core/Src/game_logic.cpp.obj
                0x080061fc                std::_Vector_base<unsigned char, std::allocator<unsigned char> >::_M_allocate(unsigned int)
 .text._ZSt4moveIRPKhEONSt16remove_referenceIT_E4typeEOS4_
                0x0800622e       0x16 CMakeFiles/Testing.dir/Core/Src/game_logic.cpp.obj
                0x0800622e                std::remove_reference<unsigned char const*&>::type&& std::move<unsigned char const*&>(unsigned char const*&)
 .text._ZSt22__uninitialized_copy_aIPKhPhhET0_T_S4_S3_RSaIT1_E
                0x08006244       0x22 CMakeFiles/Testing.dir/Core/Src/game_logic.cpp.obj
                0x08006244                unsigned char* std::__uninitialized_copy_a<unsigned char const*, unsigned char*, unsigned char>(unsigned char const*, unsigned char const*, unsigned char*, std::allocator<unsigned char>&)
 .text._ZSt7forwardIP10GameObjectEOT_RNSt16remove_referenceIS2_E4typeE
                0x08006266       0x16 CMakeFiles/Testing.dir/Core/Src/game_logic.cpp.obj
                0x08006266                GameObject*&& std::forward<GameObject*>(std::remove_reference<GameObject*>::type&)
 .text._ZZNSt6vectorIP10GameObjectSaIS1_EE17_M_realloc_appendIJS1_EEEvDpOT_EN6_GuardC2EPS1_jRS2_
                0x0800627c       0x2e CMakeFiles/Testing.dir/Core/Src/game_logic.cpp.obj
                0x0800627c                std::vector<GameObject*, std::allocator<GameObject*> >::_M_realloc_append<GameObject*>(GameObject*&&)::_Guard::_Guard(GameObject**, unsigned int, std::allocator<GameObject*>&)
                0x0800627c                std::vector<GameObject*, std::allocator<GameObject*> >::_M_realloc_append<GameObject*>(GameObject*&&)::_Guard::_Guard(GameObject**, unsigned int, std::allocator<GameObject*>&)
 .text._ZZNSt6vectorIP10GameObjectSaIS1_EE17_M_realloc_appendIJS1_EEEvDpOT_EN6_GuardD2Ev
                0x080062aa       0x38 CMakeFiles/Testing.dir/Core/Src/game_logic.cpp.obj
                0x080062aa                std::vector<GameObject*, std::allocator<GameObject*> >::_M_realloc_append<GameObject*>(GameObject*&&)::_Guard::~_Guard()
                0x080062aa                std::vector<GameObject*, std::allocator<GameObject*> >::_M_realloc_append<GameObject*>(GameObject*&&)::_Guard::~_Guard()
 *fill*         0x080062e2        0x2 
 .text._ZNSt6vectorIP10GameObjectSaIS1_EE17_M_realloc_appendIJS1_EEEvDpOT_
                0x080062e4      0x114 CMakeFiles/Testing.dir/Core/Src/game_logic.cpp.obj
                0x080062e4                void std::vector<GameObject*, std::allocator<GameObject*> >::_M_realloc_append<GameObject*>(GameObject*&&)
 .text._ZNSt6vectorIP10GameObjectSaIS1_EE4backEv
                0x080063f8       0x36 CMakeFiles/Testing.dir/Core/Src/game_logic.cpp.obj
                0x080063f8                std::vector<GameObject*, std::allocator<GameObject*> >::back()
 .text._ZSt12__niter_baseIPSt5arrayIhLj8EEET_S3_
                0x0800642e       0x16 CMakeFiles/Testing.dir/Core/Src/game_logic.cpp.obj
                0x0800642e                std::array<unsigned char, 8u>* std::__niter_base<std::array<unsigned char, 8u>*>(std::array<unsigned char, 8u>*)
 .text._ZSt14__copy_move_a1ILb0EPSt5arrayIhLj8EES2_ET1_T0_S4_S3_
                0x08006444       0x20 CMakeFiles/Testing.dir/Core/Src/game_logic.cpp.obj
                0x08006444                std::array<unsigned char, 8u>* std::__copy_move_a1<false, std::array<unsigned char, 8u>*, std::array<unsigned char, 8u>*>(std::array<unsigned char, 8u>*, std::array<unsigned char, 8u>*, std::array<unsigned char, 8u>*)
 .text._ZSt12__niter_wrapIPSt5arrayIhLj8EEET_RKS3_S3_
                0x08006464       0x18 CMakeFiles/Testing.dir/Core/Src/game_logic.cpp.obj
                0x08006464                std::array<unsigned char, 8u>* std::__niter_wrap<std::array<unsigned char, 8u>*>(std::array<unsigned char, 8u>* const&, std::array<unsigned char, 8u>*)
 .text._ZNSt12_Vector_baseIhSaIhEE17_Vector_impl_dataC2Ev
                0x0800647c       0x28 CMakeFiles/Testing.dir/Core/Src/game_logic.cpp.obj
                0x0800647c                std::_Vector_base<unsigned char, std::allocator<unsigned char> >::_Vector_impl_data::_Vector_impl_data()
                0x0800647c                std::_Vector_base<unsigned char, std::allocator<unsigned char> >::_Vector_impl_data::_Vector_impl_data()
 .text._ZNSt20__uninitialized_copyILb1EE13__uninit_copyIN9__gnu_cxx17__normal_iteratorIPKhSt6vectorIhSaIhEEEEPhEET0_T_SC_SB_
                0x080064a4       0x20 CMakeFiles/Testing.dir/Core/Src/game_logic.cpp.obj
                0x080064a4                unsigned char* std::__uninitialized_copy<true>::__uninit_copy<__gnu_cxx::__normal_iterator<unsigned char const*, std::vector<unsigned char, std::allocator<unsigned char> > >, unsigned char*>(__gnu_cxx::__normal_iterator<unsigned char const*, std::vector<unsigned char, std::allocator<unsigned char> > >, __gnu_cxx::__normal_iterator<unsigned char const*, std::vector<unsigned char, std::allocator<unsigned char> > >, unsigned char*)
 .text._ZNSt12_Destroy_auxILb1EE9__destroyIPhEEvT_S3_
                0x080064c4       0x16 CMakeFiles/Testing.dir/Core/Src/game_logic.cpp.obj
                0x080064c4                void std::_Destroy_aux<true>::__destroy<unsigned char*>(unsigned char*, unsigned char*)
 .text._ZNSt15__new_allocatorIP10GameObjectE10deallocateEPS1_j
                0x080064da       0x1e CMakeFiles/Testing.dir/Core/Src/game_logic.cpp.obj
                0x080064da                std::__new_allocator<GameObject*>::deallocate(GameObject**, unsigned int)
 .text._ZNSt6vectorIhSaIhEE11_S_max_sizeERKS0_
                0x080064f8       0x40 CMakeFiles/Testing.dir/Core/Src/game_logic.cpp.obj
                0x080064f8                std::vector<unsigned char, std::allocator<unsigned char> >::_S_max_size(std::allocator<unsigned char> const&)
 .text._ZSt18uninitialized_copyIPKhPhET0_T_S4_S3_
                0x08006538       0x28 CMakeFiles/Testing.dir/Core/Src/game_logic.cpp.obj
                0x08006538                unsigned char* std::uninitialized_copy<unsigned char const*, unsigned char*>(unsigned char const*, unsigned char const*, unsigned char*)
 .text._ZNKSt6vectorIP10GameObjectSaIS1_EE12_M_check_lenEjPKc
                0x08006560       0x8e CMakeFiles/Testing.dir/Core/Src/game_logic.cpp.obj
                0x08006560                std::vector<GameObject*, std::allocator<GameObject*> >::_M_check_len(unsigned int, char const*) const
 .text._ZN9__gnu_cxxmiIPP10GameObjectSt6vectorIS2_SaIS2_EEEENS_17__normal_iteratorIT_T0_E15difference_typeERKSA_SD_
                0x080065ee       0x2a CMakeFiles/Testing.dir/Core/Src/game_logic.cpp.obj
                0x080065ee                __gnu_cxx::__normal_iterator<GameObject**, std::vector<GameObject*, std::allocator<GameObject*> > >::difference_type __gnu_cxx::operator-<GameObject**, std::vector<GameObject*, std::allocator<GameObject*> > >(__gnu_cxx::__normal_iterator<GameObject**, std::vector<GameObject*, std::allocator<GameObject*> > > const&, __gnu_cxx::__normal_iterator<GameObject**, std::vector<GameObject*, std::allocator<GameObject*> > > const&)
 .text._ZNSt12_Vector_baseIP10GameObjectSaIS1_EE11_M_allocateEj
                0x08006618       0x32 CMakeFiles/Testing.dir/Core/Src/game_logic.cpp.obj
                0x08006618                std::_Vector_base<GameObject*, std::allocator<GameObject*> >::_M_allocate(unsigned int)
 .text._ZSt12__to_addressIP10GameObjectEPT_S3_
                0x0800664a       0x16 CMakeFiles/Testing.dir/Core/Src/game_logic.cpp.obj
                0x0800664a                GameObject** std::__to_address<GameObject*>(GameObject**)
 .text._ZNSt6vectorIP10GameObjectSaIS1_EE11_S_relocateEPS1_S4_S4_RS2_
                0x08006660       0x24 CMakeFiles/Testing.dir/Core/Src/game_logic.cpp.obj
                0x08006660                std::vector<GameObject*, std::allocator<GameObject*> >::_S_relocate(GameObject**, GameObject**, GameObject**, std::allocator<GameObject*>&)
 .text._ZNSt12_Vector_baseIP10GameObjectSaIS1_EE19_M_get_Tp_allocatorEv
                0x08006684       0x16 CMakeFiles/Testing.dir/Core/Src/game_logic.cpp.obj
                0x08006684                std::_Vector_base<GameObject*, std::allocator<GameObject*> >::_M_get_Tp_allocator()
 .text._ZNK9__gnu_cxx17__normal_iteratorIPP10GameObjectSt6vectorIS2_SaIS2_EEEmiEi
                0x0800669a       0x32 CMakeFiles/Testing.dir/Core/Src/game_logic.cpp.obj
                0x0800669a                __gnu_cxx::__normal_iterator<GameObject**, std::vector<GameObject*, std::allocator<GameObject*> > >::operator-(int) const
 .text._ZSt14__copy_move_a2ILb0EPSt5arrayIhLj8EES2_ET1_T0_S4_S3_
                0x080066cc       0x20 CMakeFiles/Testing.dir/Core/Src/game_logic.cpp.obj
                0x080066cc                std::array<unsigned char, 8u>* std::__copy_move_a2<false, std::array<unsigned char, 8u>*, std::array<unsigned char, 8u>*>(std::array<unsigned char, 8u>*, std::array<unsigned char, 8u>*, std::array<unsigned char, 8u>*)
 .text._ZNSt15__new_allocatorIhE10deallocateEPhj
                0x080066ec       0x1a CMakeFiles/Testing.dir/Core/Src/game_logic.cpp.obj
                0x080066ec                std::__new_allocator<unsigned char>::deallocate(unsigned char*, unsigned int)
 .text._ZSt4copyIN9__gnu_cxx17__normal_iteratorIPKhSt6vectorIhSaIhEEEEPhET0_T_SA_S9_
                0x08006706       0x30 CMakeFiles/Testing.dir/Core/Src/game_logic.cpp.obj
                0x08006706                unsigned char* std::copy<__gnu_cxx::__normal_iterator<unsigned char const*, std::vector<unsigned char, std::allocator<unsigned char> > >, unsigned char*>(__gnu_cxx::__normal_iterator<unsigned char const*, std::vector<unsigned char, std::allocator<unsigned char> > >, __gnu_cxx::__normal_iterator<unsigned char const*, std::vector<unsigned char, std::allocator<unsigned char> > >, unsigned char*)
 .text._ZSt3minIjERKT_S2_S2_
                0x08006736       0x28 CMakeFiles/Testing.dir/Core/Src/game_logic.cpp.obj
                0x08006736                unsigned int const& std::min<unsigned int>(unsigned int const&, unsigned int const&)
 .text._ZNSt15__new_allocatorIhE8allocateEjPKv
                0x0800675e       0x44 CMakeFiles/Testing.dir/Core/Src/game_logic.cpp.obj
                0x0800675e                std::__new_allocator<unsigned char>::allocate(unsigned int, void const*)
 .text._ZNSt20__uninitialized_copyILb1EE13__uninit_copyIPKhPhEET0_T_S6_S5_
                0x080067a2       0x20 CMakeFiles/Testing.dir/Core/Src/game_logic.cpp.obj
                0x080067a2                unsigned char* std::__uninitialized_copy<true>::__uninit_copy<unsigned char const*, unsigned char*>(unsigned char const*, unsigned char const*, unsigned char*)
 .text._ZNKSt6vectorIP10GameObjectSaIS1_EE8max_sizeEv
                0x080067c2       0x22 CMakeFiles/Testing.dir/Core/Src/game_logic.cpp.obj
                0x080067c2                std::vector<GameObject*, std::allocator<GameObject*> >::max_size() const
 .text._ZNKSt6vectorIP10GameObjectSaIS1_EE4sizeEv
                0x080067e4       0x20 CMakeFiles/Testing.dir/Core/Src/game_logic.cpp.obj
                0x080067e4                std::vector<GameObject*, std::allocator<GameObject*> >::size() const
 .text._ZSt3maxIjERKT_S2_S2_
                0x08006804       0x28 CMakeFiles/Testing.dir/Core/Src/game_logic.cpp.obj
                0x08006804                unsigned int const& std::max<unsigned int>(unsigned int const&, unsigned int const&)
 .text._ZSt12__relocate_aIPP10GameObjectS2_SaIS1_EET0_T_S5_S4_RT1_
                0x0800682c       0x3a CMakeFiles/Testing.dir/Core/Src/game_logic.cpp.obj
                0x0800682c                GameObject** std::__relocate_a<GameObject**, GameObject**, std::allocator<GameObject*> >(GameObject**, GameObject**, GameObject**, std::allocator<GameObject*>&)
 .text._ZNSt11__copy_moveILb0ELb1ESt26random_access_iterator_tagE8__copy_mISt5arrayIhLj8EES4_EEPT0_PT_S8_S6_
                0x08006866       0x54 CMakeFiles/Testing.dir/Core/Src/game_logic.cpp.obj
                0x08006866                std::array<unsigned char, 8u>* std::__copy_move<false, true, std::random_access_iterator_tag>::__copy_m<std::array<unsigned char, 8u>, std::array<unsigned char, 8u> >(std::array<unsigned char, 8u>*, std::array<unsigned char, 8u>*, std::array<unsigned char, 8u>*)
 .text._ZSt12__miter_baseIN9__gnu_cxx17__normal_iteratorIPKhSt6vectorIhSaIhEEEEET_S8_
                0x080068ba       0x16 CMakeFiles/Testing.dir/Core/Src/game_logic.cpp.obj
                0x080068ba                __gnu_cxx::__normal_iterator<unsigned char const*, std::vector<unsigned char, std::allocator<unsigned char> > > std::__miter_base<__gnu_cxx::__normal_iterator<unsigned char const*, std::vector<unsigned char, std::allocator<unsigned char> > > >(__gnu_cxx::__normal_iterator<unsigned char const*, std::vector<unsigned char, std::allocator<unsigned char> > >)
 .text._ZSt13__copy_move_aILb0EN9__gnu_cxx17__normal_iteratorIPKhSt6vectorIhSaIhEEEEPhET1_T0_SA_S9_
                0x080068d0       0x46 CMakeFiles/Testing.dir/Core/Src/game_logic.cpp.obj
                0x080068d0                unsigned char* std::__copy_move_a<false, __gnu_cxx::__normal_iterator<unsigned char const*, std::vector<unsigned char, std::allocator<unsigned char> > >, unsigned char*>(__gnu_cxx::__normal_iterator<unsigned char const*, std::vector<unsigned char, std::allocator<unsigned char> > >, __gnu_cxx::__normal_iterator<unsigned char const*, std::vector<unsigned char, std::allocator<unsigned char> > >, unsigned char*)
 .text._ZSt4copyIPKhPhET0_T_S4_S3_
                0x08006916       0x30 CMakeFiles/Testing.dir/Core/Src/game_logic.cpp.obj
                0x08006916                unsigned char* std::copy<unsigned char const*, unsigned char*>(unsigned char const*, unsigned char const*, unsigned char*)
 .text._ZNSt6vectorIP10GameObjectSaIS1_EE11_S_max_sizeERKS2_
                0x08006946       0x40 CMakeFiles/Testing.dir/Core/Src/game_logic.cpp.obj
                0x08006946                std::vector<GameObject*, std::allocator<GameObject*> >::_S_max_size(std::allocator<GameObject*> const&)
 .text._ZNKSt12_Vector_baseIP10GameObjectSaIS1_EE19_M_get_Tp_allocatorEv
                0x08006986       0x16 CMakeFiles/Testing.dir/Core/Src/game_logic.cpp.obj
                0x08006986                std::_Vector_base<GameObject*, std::allocator<GameObject*> >::_M_get_Tp_allocator() const
 .text._ZNSt15__new_allocatorIP10GameObjectE8allocateEjPKv
                0x0800699c       0x54 CMakeFiles/Testing.dir/Core/Src/game_logic.cpp.obj
                0x0800699c                std::__new_allocator<GameObject*>::allocate(unsigned int, void const*)
 .text._ZSt12__niter_baseIPP10GameObjectET_S3_
                0x080069f0       0x16 CMakeFiles/Testing.dir/Core/Src/game_logic.cpp.obj
                0x080069f0                GameObject** std::__niter_base<GameObject**>(GameObject**)
 .text._ZSt14__relocate_a_1IP10GameObjectS1_ENSt9enable_ifIXsrSt24__is_bitwise_relocatableIT_vE5valueEPS4_E4typeES6_S6_S6_RSaIT0_E
                0x08006a06       0x40 CMakeFiles/Testing.dir/Core/Src/game_logic.cpp.obj
                0x08006a06                std::enable_if<std::__is_bitwise_relocatable<GameObject*, void>::value, GameObject**>::type std::__relocate_a_1<GameObject*, GameObject*>(GameObject**, GameObject**, GameObject**, std::allocator<GameObject*>&)
 .text._ZNSt11__copy_moveILb0ELb0ESt26random_access_iterator_tagE12__assign_oneISt5arrayIhLj8EES4_EEvPT_PT0_
                0x08006a46       0x22 CMakeFiles/Testing.dir/Core/Src/game_logic.cpp.obj
                0x08006a46                void std::__copy_move<false, false, std::random_access_iterator_tag>::__assign_one<std::array<unsigned char, 8u>, std::array<unsigned char, 8u> >(std::array<unsigned char, 8u>*, std::array<unsigned char, 8u>*)
 .text._ZSt12__niter_baseIPKhSt6vectorIhSaIhEEET_N9__gnu_cxx17__normal_iteratorIS5_T0_EE
                0x08006a68       0x1c CMakeFiles/Testing.dir/Core/Src/game_logic.cpp.obj
                0x08006a68                unsigned char const* std::__niter_base<unsigned char const*, std::vector<unsigned char, std::allocator<unsigned char> > >(__gnu_cxx::__normal_iterator<unsigned char const*, std::vector<unsigned char, std::allocator<unsigned char> > >)
 .text._ZSt12__niter_baseIPhET_S1_
                0x08006a84       0x16 CMakeFiles/Testing.dir/Core/Src/game_logic.cpp.obj
                0x08006a84                unsigned char* std::__niter_base<unsigned char*>(unsigned char*)
 .text._ZSt14__copy_move_a1ILb0EPKhPhET1_T0_S4_S3_
                0x08006a9a       0x20 CMakeFiles/Testing.dir/Core/Src/game_logic.cpp.obj
                0x08006a9a                unsigned char* std::__copy_move_a1<false, unsigned char const*, unsigned char*>(unsigned char const*, unsigned char const*, unsigned char*)
 .text._ZSt12__niter_wrapIPhET_RKS1_S1_
                0x08006aba       0x18 CMakeFiles/Testing.dir/Core/Src/game_logic.cpp.obj
                0x08006aba                unsigned char* std::__niter_wrap<unsigned char*>(unsigned char* const&, unsigned char*)
 .text._ZSt12__miter_baseIPKhET_S2_
                0x08006ad2       0x16 CMakeFiles/Testing.dir/Core/Src/game_logic.cpp.obj
                0x08006ad2                unsigned char const* std::__miter_base<unsigned char const*>(unsigned char const*)
 .text._ZSt13__copy_move_aILb0EPKhPhET1_T0_S4_S3_
                0x08006ae8       0x46 CMakeFiles/Testing.dir/Core/Src/game_logic.cpp.obj
                0x08006ae8                unsigned char* std::__copy_move_a<false, unsigned char const*, unsigned char*>(unsigned char const*, unsigned char const*, unsigned char*)
 .text._ZNK9__gnu_cxx17__normal_iteratorIPKhSt6vectorIhSaIhEEE4baseEv
                0x08006b2e       0x16 CMakeFiles/Testing.dir/Core/Src/game_logic.cpp.obj
                0x08006b2e                __gnu_cxx::__normal_iterator<unsigned char const*, std::vector<unsigned char, std::allocator<unsigned char> > >::base() const
 .text._ZSt14__copy_move_a2ILb0EPKhPhET1_T0_S4_S3_
                0x08006b44       0x20 CMakeFiles/Testing.dir/Core/Src/game_logic.cpp.obj
                0x08006b44                unsigned char* std::__copy_move_a2<false, unsigned char const*, unsigned char*>(unsigned char const*, unsigned char const*, unsigned char*)
 .text._ZSt12__niter_baseIPKhET_S2_
                0x08006b64       0x16 CMakeFiles/Testing.dir/Core/Src/game_logic.cpp.obj
                0x08006b64                unsigned char const* std::__niter_base<unsigned char const*>(unsigned char const*)
 .text._ZNSt11__copy_moveILb0ELb1ESt26random_access_iterator_tagE8__copy_mIKhhEEPT0_PT_S7_S5_
                0x08006b7a       0x4e CMakeFiles/Testing.dir/Core/Src/game_logic.cpp.obj
                0x08006b7a                unsigned char* std::__copy_move<false, true, std::random_access_iterator_tag>::__copy_m<unsigned char const, unsigned char>(unsigned char const*, unsigned char const*, unsigned char*)
 .text._ZNSt11__copy_moveILb0ELb0ESt26random_access_iterator_tagE12__assign_oneIhKhEEvPT_PT0_
                0x08006bc8       0x1e CMakeFiles/Testing.dir/Core/Src/game_logic.cpp.obj
                0x08006bc8                void std::__copy_move<false, false, std::random_access_iterator_tag>::__assign_one<unsigned char, unsigned char const>(unsigned char*, unsigned char const*)
 *fill*         0x08006be6        0x2 
 .text._Z41__static_initialization_and_destruction_0v
                0x08006be8       0x24 CMakeFiles/Testing.dir/Core/Src/game_logic.cpp.obj
 .text._ZNSt6vectorIP10GameObjectSaIS1_EED2Ev
                0x08006c0c       0x3c CMakeFiles/Testing.dir/Core/Src/game_logic.cpp.obj
                0x08006c0c                std::vector<GameObject*, std::allocator<GameObject*> >::~vector()
                0x08006c0c                std::vector<GameObject*, std::allocator<GameObject*> >::~vector()
 .text._ZSt8_DestroyIPP10GameObjectEvT_S3_
                0x08006c48       0x1a CMakeFiles/Testing.dir/Core/Src/game_logic.cpp.obj
                0x08006c48                void std::_Destroy<GameObject**>(GameObject**, GameObject**)
 .text._ZNSt12_Destroy_auxILb1EE9__destroyIPP10GameObjectEEvT_S5_
                0x08006c62       0x16 CMakeFiles/Testing.dir/Core/Src/game_logic.cpp.obj
                0x08006c62                void std::_Destroy_aux<true>::__destroy<GameObject**>(GameObject**, GameObject**)
 .text._GLOBAL__sub_I_objects
                0x08006c78        0xa CMakeFiles/Testing.dir/Core/Src/game_logic.cpp.obj
 .text._ZN11GameManager16get_player_inputEh
                0x08006c82       0x30 CMakeFiles/Testing.dir/Core/Src/game_manager.cpp.obj
                0x08006c82                GameManager::get_player_input(unsigned char)
 .text._ZN11GameManager14set_delta_timeEd
                0x08006cb2       0x22 CMakeFiles/Testing.dir/Core/Src/game_manager.cpp.obj
                0x08006cb2                GameManager::set_delta_time(double)
 .text._ZN11GameManager14get_delta_timeEv
                0x08006cd4       0x24 CMakeFiles/Testing.dir/Core/Src/game_manager.cpp.obj
                0x08006cd4                GameManager::get_delta_time()
 .text.__aeabi_atexit
                0x08006cf8        0xa C:/Users/Vanessa/AppData/Local/stm32cube/bundles/gnu-tools-for-stm32/14.3.1+st.2/bin/../lib/gcc/arm-none-eabi/14.3.1/../../../../arm-none-eabi/lib/thumb/v7e-m+fp/hard\libstdc++_nano.a(atexit_arm.o)
                0x08006cf8                __aeabi_atexit
 .text._ZdlPvj  0x08006d02        0x4 C:/Users/Vanessa/AppData/Local/stm32cube/bundles/gnu-tools-for-stm32/14.3.1+st.2/bin/../lib/gcc/arm-none-eabi/14.3.1/../../../../arm-none-eabi/lib/thumb/v7e-m+fp/hard\libstdc++_nano.a(del_ops.o)
                0x08006d02                operator delete(void*, unsigned int)
 .text._Znwj    0x08006d06       0x22 C:/Users/Vanessa/AppData/Local/stm32cube/bundles/gnu-tools-for-stm32/14.3.1+st.2/bin/../lib/gcc/arm-none-eabi/14.3.1/../../../../arm-none-eabi/lib/thumb/v7e-m+fp/hard\libstdc++_nano.a(new_op.o)
                0x08006d06                operator new(unsigned int)
 .text._Znaj    0x08006d28        0x4 C:/Users/Vanessa/AppData/Local/stm32cube/bundles/gnu-tools-for-stm32/14.3.1+st.2/bin/../lib/gcc/arm-none-eabi/14.3.1/../../../../arm-none-eabi/lib/thumb/v7e-m+fp/hard\libstdc++_nano.a(new_opv.o)
                0x08006d28                operator new[](unsigned int)
 .text.unlikely._ZSt17__throw_bad_allocv
                0x08006d2c        0x6 C:/Users/Vanessa/AppData/Local/stm32cube/bundles/gnu-tools-for-stm32/14.3.1+st.2/bin/../lib/gcc/arm-none-eabi/14.3.1/../../../../arm-none-eabi/lib/thumb/v7e-m+fp/hard\libstdc++_nano.a(functexcept.o)
                0x08006d2c                std::__throw_bad_alloc()
 .text.unlikely._ZSt28__throw_bad_array_new_lengthv
                0x08006d32        0x6 C:/Users/Vanessa/AppData/Local/stm32cube/bundles/gnu-tools-for-stm32/14.3.1+st.2/bin/../lib/gcc/arm-none-eabi/14.3.1/../../../../arm-none-eabi/lib/thumb/v7e-m+fp/hard\libstdc++_nano.a(functexcept.o)
                0x08006d32                std::__throw_bad_array_new_length()
 .text.unlikely._ZSt20__throw_length_errorPKc
                0x08006d38        0x6 C:/Users/Vanessa/AppData/Local/stm32cube/bundles/gnu-tools-for-stm32/14.3.1+st.2/bin/../lib/gcc/arm-none-eabi/14.3.1/../../../../arm-none-eabi/lib/thumb/v7e-m+fp/hard\libstdc++_nano.a(functexcept.o)
                0x08006d38                std::__throw_length_error(char const*)
 .text._ZdlPv   0x08006d3e        0x4 C:/Users/Vanessa/AppData/Local/stm32cube/bundles/gnu-tools-for-stm32/14.3.1+st.2/bin/../lib/gcc/arm-none-eabi/14.3.1/../../../../arm-none-eabi/lib/thumb/v7e-m+fp/hard\libstdc++_nano.a(del_op.o)
                0x08006d3e                operator delete(void*)
 *fill*         0x08006d42        0x2 
 .text._ZSt15get_new_handlerv
                0x08006d44       0x10 C:/Users/Vanessa/AppData/Local/stm32cube/bundles/gnu-tools-for-stm32/14.3.1+st.2/bin/../lib/gcc/arm-none-eabi/14.3.1/../../../../arm-none-eabi/lib/thumb/v7e-m+fp/hard\libstdc++_nano.a(new_handler.o)
                0x08006d44                std::get_new_handler()
 .text.abort    0x08006d54        0xe C:/Users/Vanessa/AppData/Local/stm32cube/bundles/gnu-tools-for-stm32/14.3.1+st.2/bin/../lib/gcc/arm-none-eabi/14.3.1/../../../../arm-none-eabi/lib/thumb/v7e-m+fp/hard\libg_nano.a(libc_a-abort.o)
                0x08006d54                abort
 *fill*         0x08006d62        0x2 
 .text.malloc   0x08006d64       0x10 C:/Users/Vanessa/AppData/Local/stm32cube/bundles/gnu-tools-for-stm32/14.3.1+st.2/bin/../lib/gcc/arm-none-eabi/14.3.1/../../../../arm-none-eabi/lib/thumb/v7e-m+fp/hard\libg_nano.a(libc_a-malloc.o)
                0x08006d64                malloc
 .text.free     0x08006d74       0x10 C:/Users/Vanessa/AppData/Local/stm32cube/bundles/gnu-tools-for-stm32/14.3.1+st.2/bin/../lib/gcc/arm-none-eabi/14.3.1/../../../../arm-none-eabi/lib/thumb/v7e-m+fp/hard\libg_nano.a(libc_a-malloc.o)
                0x08006d74                free
 .text.sbrk_aligned
                0x08006d84       0x44 C:/Users/Vanessa/AppData/Local/stm32cube/bundles/gnu-tools-for-stm32/14.3.1+st.2/bin/../lib/gcc/arm-none-eabi/14.3.1/../../../../arm-none-eabi/lib/thumb/v7e-m+fp/hard\libg_nano.a(libc_a-mallocr.o)
 .text._malloc_r
                0x08006dc8      0x100 C:/Users/Vanessa/AppData/Local/stm32cube/bundles/gnu-tools-for-stm32/14.3.1+st.2/bin/../lib/gcc/arm-none-eabi/14.3.1/../../../../arm-none-eabi/lib/thumb/v7e-m+fp/hard\libg_nano.a(libc_a-mallocr.o)
                0x08006dc8                _malloc_r
 .text.__malloc_lock
                0x08006ec8        0xc C:/Users/Vanessa/AppData/Local/stm32cube/bundles/gnu-tools-for-stm32/14.3.1+st.2/bin/../lib/gcc/arm-none-eabi/14.3.1/../../../../arm-none-eabi/lib/thumb/v7e-m+fp/hard\libg_nano.a(libc_a-mlock.o)
                0x08006ec8                __malloc_lock
 .text.__malloc_unlock
                0x08006ed4        0xc C:/Users/Vanessa/AppData/Local/stm32cube/bundles/gnu-tools-for-stm32/14.3.1+st.2/bin/../lib/gcc/arm-none-eabi/14.3.1/../../../../arm-none-eabi/lib/thumb/v7e-m+fp/hard\libg_nano.a(libc_a-mlock.o)
                0x08006ed4                __malloc_unlock
 .text.__cxa_atexit
                0x08006ee0       0x1c C:/Users/Vanessa/AppData/Local/stm32cube/bundles/gnu-tools-for-stm32/14.3.1+st.2/bin/../lib/gcc/arm-none-eabi/14.3.1/../../../../arm-none-eabi/lib/thumb/v7e-m+fp/hard\libg_nano.a(libc_a-cxa_atexit.o)
                0x08006ee0                __cxa_atexit
 .text.memmove  0x08006efc       0x32 C:/Users/Vanessa/AppData/Local/stm32cube/bundles/gnu-tools-for-stm32/14.3.1+st.2/bin/../lib/gcc/arm-none-eabi/14.3.1/../../../../arm-none-eabi/lib/thumb/v7e-m+fp/hard\libg_nano.a(libc_a-memmove.o)
                0x08006efc                memmove
 .text.memset   0x08006f2e       0x10 C:/Users/Vanessa/AppData/Local/stm32cube/bundles/gnu-tools-for-stm32/14.3.1+st.2/bin/../lib/gcc/arm-none-eabi/14.3.1/../../../../arm-none-eabi/lib/thumb/v7e-m+fp/hard\libg_nano.a(libc_a-memset.o)
                0x08006f2e                memset
 .text._raise_r
                0x08006f3e       0x50 C:/Users/Vanessa/AppData/Local/stm32cube/bundles/gnu-tools-for-stm32/14.3.1+st.2/bin/../lib/gcc/arm-none-eabi/14.3.1/../../../../arm-none-eabi/lib/thumb/v7e-m+fp/hard\libg_nano.a(libc_a-signal.o)
                0x08006f3e                _raise_r
 *fill*         0x08006f8e        0x2 
 .text.raise    0x08006f90       0x10 C:/Users/Vanessa/AppData/Local/stm32cube/bundles/gnu-tools-for-stm32/14.3.1+st.2/bin/../lib/gcc/arm-none-eabi/14.3.1/../../../../arm-none-eabi/lib/thumb/v7e-m+fp/hard\libg_nano.a(libc_a-signal.o)
                0x08006f90                raise
 .text._kill_r  0x08006fa0       0x24 C:/Users/Vanessa/AppData/Local/stm32cube/bundles/gnu-tools-for-stm32/14.3.1+st.2/bin/../lib/gcc/arm-none-eabi/14.3.1/../../../../arm-none-eabi/lib/thumb/v7e-m+fp/hard\libg_nano.a(libc_a-signalr.o)
                0x08006fa0                _kill_r
 .text._getpid_r
                0x08006fc4        0x4 C:/Users/Vanessa/AppData/Local/stm32cube/bundles/gnu-tools-for-stm32/14.3.1+st.2/bin/../lib/gcc/arm-none-eabi/14.3.1/../../../../arm-none-eabi/lib/thumb/v7e-m+fp/hard\libg_nano.a(libc_a-signalr.o)
                0x08006fc4                _getpid_r
 .text._sbrk_r  0x08006fc8       0x20 C:/Users/Vanessa/AppData/Local/stm32cube/bundles/gnu-tools-for-stm32/14.3.1+st.2/bin/../lib/gcc/arm-none-eabi/14.3.1/../../../../arm-none-eabi/lib/thumb/v7e-m+fp/hard\libg_nano.a(libc_a-sbrkr.o)
                0x08006fc8                _sbrk_r
 .text.__errno  0x08006fe8        0xc C:/Users/Vanessa/AppData/Local/stm32cube/bundles/gnu-tools-for-stm32/14.3.1+st.2/bin/../lib/gcc/arm-none-eabi/14.3.1/../../../../arm-none-eabi/lib/thumb/v7e-m+fp/hard\libg_nano.a(libc_a-errno.o)
                0x08006fe8                __errno
 .text.__libc_init_array
                0x08006ff4       0x48 C:/Users/Vanessa/AppData/Local/stm32cube/bundles/gnu-tools-for-stm32/14.3.1+st.2/bin/../lib/gcc/arm-none-eabi/14.3.1/../../../../arm-none-eabi/lib/thumb/v7e-m+fp/hard\libg_nano.a(libc_a-init.o)
                0x08006ff4                __libc_init_array
 .text.__retarget_lock_acquire_recursive
                0x0800703c        0x2 C:/Users/Vanessa/AppData/Local/stm32cube/bundles/gnu-tools-for-stm32/14.3.1+st.2/bin/../lib/gcc/arm-none-eabi/14.3.1/../../../../arm-none-eabi/lib/thumb/v7e-m+fp/hard\libg_nano.a(libc_a-lock.o)
                0x0800703c                __retarget_lock_acquire_recursive
 .text.__retarget_lock_release_recursive
                0x0800703e        0x2 C:/Users/Vanessa/AppData/Local/stm32cube/bundles/gnu-tools-for-stm32/14.3.1+st.2/bin/../lib/gcc/arm-none-eabi/14.3.1/../../../../arm-none-eabi/lib/thumb/v7e-m+fp/hard\libg_nano.a(libc_a-lock.o)
                0x0800703e                __retarget_lock_release_recursive
 .text.memcpy   0x08007040       0x1c C:/Users/Vanessa/AppData/Local/stm32cube/bundles/gnu-tools-for-stm32/14.3.1+st.2/bin/../lib/gcc/arm-none-eabi/14.3.1/../../../../arm-none-eabi/lib/thumb/v7e-m+fp/hard\libg_nano.a(libc_a-memcpy-stub.o)
                0x08007040                memcpy
 .text._free_r  0x0800705c       0x94 C:/Users/Vanessa/AppData/Local/stm32cube/bundles/gnu-tools-for-stm32/14.3.1+st.2/bin/../lib/gcc/arm-none-eabi/14.3.1/../../../../arm-none-eabi/lib/thumb/v7e-m+fp/hard\libg_nano.a(libc_a-freer.o)
                0x0800705c                _free_r
 *(.glue_7)
 .glue_7        0x080070f0        0x0 linker stubs
 *(.glue_7t)
 .glue_7t       0x080070f0        0x0 linker stubs
 *(.eh_frame)
 .eh_frame      0x080070f0        0x0 C:/Users/Vanessa/AppData/Local/stm32cube/bundles/gnu-tools-for-stm32/14.3.1+st.2/bin/../lib/gcc/arm-none-eabi/14.3.1/thumb/v7e-m+fp/hard/crtbegin.o
 *(.init)
 .init          0x080070f0        0x4 C:/Users/Vanessa/AppData/Local/stm32cube/bundles/gnu-tools-for-stm32/14.3.1+st.2/bin/../lib/gcc/arm-none-eabi/14.3.1/thumb/v7e-m+fp/hard/crti.o
                0x080070f0                _init
 .init          0x080070f4        0x8 C:/Users/Vanessa/AppData/Local/stm32cube/bundles/gnu-tools-for-stm32/14.3.1+st.2/bin/../lib/gcc/arm-none-eabi/14.3.1/thumb/v7e-m+fp/hard/crtn.o
 *(.fini)
 .fini          0x080070fc        0x4 C:/Users/Vanessa/AppData/Local/stm32cube/bundles/gnu-tools-for-stm32/14.3.1+st.2/bin/../lib/gcc/arm-none-eabi/14.3.1/thumb/v7e-m+fp/hard/crti.o
                0x080070fc                _fini
 .fini          0x08007100        0x8 C:/Users/Vanessa/AppData/Local/stm32cube/bundles/gnu-tools-for-stm32/14.3.1+st.2/bin/../lib/gcc/arm-none-eabi/14.3.1/thumb/v7e-m+fp/hard/crtn.o
                0x08007108                        . = ALIGN (0x4)
                0x08007108                        _etext = .

.vfp11_veneer   0x08007108        0x0
 .vfp11_veneer  0x08007108        0x0 linker stubs

.v4_bx          0x08007108        0x0
 .v4_bx         0x08007108        0x0 linker stubs

.iplt           0x08007108        0x0
 .iplt          0x08007108        0x0 C:/Users/Vanessa/AppData/Local/stm32cube/bundles/gnu-tools-for-stm32/14.3.1+st.2/bin/../lib/gcc/arm-none-eabi/14.3.1/thumb/v7e-m+fp/hard/crtbegin.o

.rodata         0x08007108       0xc8
                0x08007108                        . = ALIGN (0x4)
 *(.rodata)
 .rodata        0x08007108        0xc CMakeFiles/Testing.dir/Core/Src/ssd_1306.cpp.obj
 .rodata        0x08007114       0x4e CMakeFiles/Testing.dir/Core/Src/game_logic.cpp.obj
 *(.rodata*)
 *fill*         0x08007162        0x2 
 .rodata.AHBPrescTable
                0x08007164       0x10 cmake/stm32cubemx/CMakeFiles/STM32_Drivers.dir/__/__/Core/Src/system_stm32f4xx.c.obj
                0x08007164                AHBPrescTable
 .rodata.APBPrescTable
                0x08007174        0x8 cmake/stm32cubemx/CMakeFiles/STM32_Drivers.dir/__/__/Core/Src/system_stm32f4xx.c.obj
                0x08007174                APBPrescTable
 .rodata.flagBitshiftOffset.0
                0x0800717c        0x8 cmake/stm32cubemx/CMakeFiles/STM32_Drivers.dir/__/__/Drivers/STM32F4xx_HAL_Driver/Src/stm32f4xx_hal_dma.c.obj
 .rodata._ZTV10GameObject
                0x08007184        0xc CMakeFiles/Testing.dir/Core/Src/game_object.cpp.obj
                0x08007184                vtable for GameObject
 .rodata._ZTV11PlayerGnorp
                0x08007190        0xc CMakeFiles/Testing.dir/Core/Src/player_gnorp.cpp.obj
                0x08007190                vtable for PlayerGnorp
 .rodata.C.0.0  0x0800719c       0x20 CMakeFiles/Testing.dir/Core/Src/game_logic.cpp.obj
 .rodata._ZTV11GameManager
                0x080071bc       0x14 CMakeFiles/Testing.dir/Core/Src/game_manager.cpp.obj
                0x080071bc                vtable for GameManager
                0x080071d0                        . = ALIGN (0x4)

.ARM.extab      0x080071d0        0x0
                0x080071d0                        . = ALIGN (0x4)
 *(.ARM.extab* .gnu.linkonce.armextab.*)
                0x080071d0                        . = ALIGN (0x4)

.ARM            0x080071d0        0x8
                0x080071d0                        . = ALIGN (0x4)
                0x080071d0                        __exidx_start = .
 *(.ARM.exidx*)
 .ARM.exidx     0x080071d0        0x8 C:/Users/Vanessa/AppData/Local/stm32cube/bundles/gnu-tools-for-stm32/14.3.1+st.2/bin/../lib/gcc/arm-none-eabi/14.3.1/thumb/v7e-m+fp/hard\libgcc.a(_udivmoddi4.o)
                0x080071d8                        __exidx_end = .
                0x080071d8                        . = ALIGN (0x4)

.preinit_array  0x080071d8        0x0
                0x080071d8                        . = ALIGN (0x4)
                0x080071d8                        PROVIDE (__preinit_array_start = .)
 *(.preinit_array*)
                0x080071d8                        PROVIDE (__preinit_array_end = .)
                0x080071d8                        . = ALIGN (0x4)

.init_array     0x080071d8        0x8
                0x080071d8                        . = ALIGN (0x4)
                0x080071d8                        PROVIDE (__init_array_start = .)
 *(SORT_BY_NAME(.init_array.*))
 *(.init_array*)
 .init_array    0x080071d8        0x4 C:/Users/Vanessa/AppData/Local/stm32cube/bundles/gnu-tools-for-stm32/14.3.1+st.2/bin/../lib/gcc/arm-none-eabi/14.3.1/thumb/v7e-m+fp/hard/crtbegin.o
 .init_array    0x080071dc        0x4 CMakeFiles/Testing.dir/Core/Src/game_logic.cpp.obj
                0x080071e0                        PROVIDE (__init_array_end = .)
                0x080071e0                        . = ALIGN (0x4)

.fini_array     0x080071e0        0x4
                0x080071e0                        . = ALIGN (0x4)
                [!provide]                        PROVIDE (__fini_array_start = .)
 *(SORT_BY_NAME(.fini_array.*))
 *(.fini_array*)
 .fini_array    0x080071e0        0x4 C:/Users/Vanessa/AppData/Local/stm32cube/bundles/gnu-tools-for-stm32/14.3.1+st.2/bin/../lib/gcc/arm-none-eabi/14.3.1/thumb/v7e-m+fp/hard/crtbegin.o
                [!provide]                        PROVIDE (__fini_array_end = .)
                0x080071e4                        . = ALIGN (0x4)
                0x080071e4                        _sidata = LOADADDR (.data)

.rel.dyn        0x080071e4        0x0
 .rel.iplt      0x080071e4        0x0 C:/Users/Vanessa/AppData/Local/stm32cube/bundles/gnu-tools-for-stm32/14.3.1+st.2/bin/../lib/gcc/arm-none-eabi/14.3.1/thumb/v7e-m+fp/hard/crtbegin.o

.data           0x20000000       0x60 load address 0x080071e4
                0x20000000                        . = ALIGN (0x4)
                0x20000000                        _sdata = .
 *(.data)
 .data          0x20000000        0x4 C:/Users/Vanessa/AppData/Local/stm32cube/bundles/gnu-tools-for-stm32/14.3.1+st.2/bin/../lib/gcc/arm-none-eabi/14.3.1/thumb/v7e-m+fp/hard/crtbegin.o
                0x20000000                __dso_handle
 *(.data*)
 .data.SystemCoreClock
                0x20000004        0x4 cmake/stm32cubemx/CMakeFiles/STM32_Drivers.dir/__/__/Core/Src/system_stm32f4xx.c.obj
                0x20000004                SystemCoreClock
 .data.uwTickPrio
                0x20000008        0x4 cmake/stm32cubemx/CMakeFiles/STM32_Drivers.dir/__/__/Drivers/STM32F4xx_HAL_Driver/Src/stm32f4xx_hal.c.obj
                0x20000008                uwTickPrio
 .data.uwTickFreq
                0x2000000c        0x1 cmake/stm32cubemx/CMakeFiles/STM32_Drivers.dir/__/__/Drivers/STM32F4xx_HAL_Driver/Src/stm32f4xx_hal.c.obj
                0x2000000c                uwTickFreq
 *fill*         0x2000000d        0x3 
 .data._impure_ptr
                0x20000010        0x4 C:/Users/Vanessa/AppData/Local/stm32cube/bundles/gnu-tools-for-stm32/14.3.1+st.2/bin/../lib/gcc/arm-none-eabi/14.3.1/../../../../arm-none-eabi/lib/thumb/v7e-m+fp/hard\libg_nano.a(libc_a-impure.o)
                0x20000010                _impure_ptr
 .data._impure_data
                0x20000014       0x4c C:/Users/Vanessa/AppData/Local/stm32cube/bundles/gnu-tools-for-stm32/14.3.1+st.2/bin/../lib/gcc/arm-none-eabi/14.3.1/../../../../arm-none-eabi/lib/thumb/v7e-m+fp/hard\libg_nano.a(libc_a-impure.o)
                0x20000014                _impure_data
 *(.RamFunc)
 *(.RamFunc*)
                0x20000060                        . = ALIGN (0x4)

.igot.plt       0x20000060        0x0 load address 0x08007244
 .igot.plt      0x20000060        0x0 C:/Users/Vanessa/AppData/Local/stm32cube/bundles/gnu-tools-for-stm32/14.3.1+st.2/bin/../lib/gcc/arm-none-eabi/14.3.1/thumb/v7e-m+fp/hard/crtbegin.o

.tdata          0x20000060        0x0 load address 0x08007244
 *(.tdata .tdata.* .gnu.linkonce.td.*)
                0x20000060                        . = ALIGN (0x4)
                0x20000060                        _edata = .
                [!provide]                        PROVIDE (__data_end = .)
                [!provide]                        PROVIDE (__tdata_end = .)
                [!provide]                        PROVIDE (__tdata_start = ADDR (.tdata))
                [!provide]                        PROVIDE (__tdata_size = (__tdata_end - __tdata_start))
                [!provide]                        PROVIDE (__data_start = ADDR (.data))
                [!provide]                        PROVIDE (__data_size = (__data_end - __data_start))
                [!provide]                        PROVIDE (__tdata_source = LOADADDR (.tdata))
                [!provide]                        PROVIDE (__tdata_source_end = (LOADADDR (.tdata) + SIZEOF (.tdata)))
                [!provide]                        PROVIDE (__tdata_source_size = (__tdata_source_end - __tdata_source))
                [!provide]                        PROVIDE (__data_source = LOADADDR (.data))
                [!provide]                        PROVIDE (__data_source_end = __tdata_source_end)
                [!provide]                        PROVIDE (__data_source_size = (__data_source_end - __data_source))

.tbss           0x20000060        0x0 load address 0x08007244
                0x20000060                        _sbss = .
                0x20000060                        __bss_start__ = _sbss
 *(.tbss .tbss.*)
                0x20000060                        . = ALIGN (0x4)
                [!provide]                        PROVIDE (__tbss_end = .)