Archive member included to satisfy reference by file (symbol)

C:/ST/STM32CubeIDE_1.19.0/STM32CubeIDE/plugins/com.st.stm32cube.ide.mcu.externaltools.gnu-tools-for-stm32.13.3.rel1.win32_1.0.100.202509120712/tools/bin/../lib/gcc/arm-none-eabi/13.3.1/thumb/v7e-m+fp/hard\libgcc.a(_aeabi_uldivmod.o)
                              C:/Users/Vanessa/STM32CubeIDE/workspace_1.19.0/Testing/Testing/config_default/cmake/stm32cubemx/CMakeFiles/STM32_Drivers.dir/__/__/Drivers/STM32F4xx_HAL_Driver/Src/stm32f4xx_hal_rcc.c.obj (__aeabi_uldivmod)
C:/ST/STM32CubeIDE_1.19.0/STM32CubeIDE/plugins/com.st.stm32cube.ide.mcu.externaltools.gnu-tools-for-stm32.13.3.rel1.win32_1.0.100.202509120712/tools/bin/../lib/gcc/arm-none-eabi/13.3.1/thumb/v7e-m+fp/hard\libgcc.a(_udivmoddi4.o)
                              C:/ST/STM32CubeIDE_1.19.0/STM32CubeIDE/plugins/com.st.stm32cube.ide.mcu.externaltools.gnu-tools-for-stm32.13.3.rel1.win32_1.0.100.202509120712/tools/bin/../lib/gcc/arm-none-eabi/13.3.1/thumb/v7e-m+fp/hard\libgcc.a(_aeabi_uldivmod.o) (__udivmoddi4)
C:/ST/STM32CubeIDE_1.19.0/STM32CubeIDE/plugins/com.st.stm32cube.ide.mcu.externaltools.gnu-tools-for-stm32.13.3.rel1.win32_1.0.100.202509120712/tools/bin/../lib/gcc/arm-none-eabi/13.3.1/thumb/v7e-m+fp/hard\libgcc.a(_dvmd_tls.o)
                              C:/ST/STM32CubeIDE_1.19.0/STM32CubeIDE/plugins/com.st.stm32cube.ide.mcu.externaltools.gnu-tools-for-stm32.13.3.rel1.win32_1.0.100.202509120712/tools/bin/../lib/gcc/arm-none-eabi/13.3.1/thumb/v7e-m+fp/hard\libgcc.a(_aeabi_uldivmod.o) (__aeabi_ldiv0)
C:/ST/STM32CubeIDE_1.19.0/STM32CubeIDE/plugins/com.st.stm32cube.ide.mcu.externaltools.gnu-tools-for-stm32.13.3.rel1.win32_1.0.100.202509120712/tools/bin/../lib/gcc/arm-none-eabi/13.3.1/../../../../arm-none-eabi/lib/thumb/v7e-m+fp/hard\libg_nano.a(libc_a-exit.o)
                              C:/ST/STM32CubeIDE_1.19.0/STM32CubeIDE/plugins/com.st.stm32cube.ide.mcu.externaltools.gnu-tools-for-stm32.13.3.rel1.win32_1.0.100.202509120712/tools/bin/../lib/gcc/arm-none-eabi/13.3.1/../../../../arm-none-eabi/lib/thumb/v7e-m+fp/hard/crt0.o (exit)
C:/ST/STM32CubeIDE_1.19.0/STM32CubeIDE/plugins/com.st.stm32cube.ide.mcu.externaltools.gnu-tools-for-stm32.13.3.rel1.win32_1.0.100.202509120712/tools/bin/../lib/gcc/arm-none-eabi/13.3.1/../../../../arm-none-eabi/lib/thumb/v7e-m+fp/hard\libg_nano.a(libc_a-findfp.o)
                              C:/ST/STM32CubeIDE_1.19.0/STM32CubeIDE/plugins/com.st.stm32cube.ide.mcu.externaltools.gnu-tools-for-stm32.13.3.rel1.win32_1.0.100.202509120712/tools/bin/../lib/gcc/arm-none-eabi/13.3.1/../../../../arm-none-eabi/lib/thumb/v7e-m+fp/hard\libg_nano.a(libc_a-exit.o) (__stdio_exit_handler)
C:/ST/STM32CubeIDE_1.19.0/STM32CubeIDE/plugins/com.st.stm32cube.ide.mcu.externaltools.gnu-tools-for-stm32.13.3.rel1.win32_1.0.100.202509120712/tools/bin/../lib/gcc/arm-none-eabi/13.3.1/../../../../arm-none-eabi/lib/thumb/v7e-m+fp/hard\libg_nano.a(libc_a-fwalk.o)
                              C:/ST/STM32CubeIDE_1.19.0/STM32CubeIDE/plugins/com.st.stm32cube.ide.mcu.externaltools.gnu-tools-for-stm32.13.3.rel1.win32_1.0.100.202509120712/tools/bin/../lib/gcc/arm-none-eabi/13.3.1/../../../../arm-none-eabi/lib/thumb/v7e-m+fp/hard\libg_nano.a(libc_a-findfp.o) (_fwalk_sglue)
C:/ST/STM32CubeIDE_1.19.0/STM32CubeIDE/plugins/com.st.stm32cube.ide.mcu.externaltools.gnu-tools-for-stm32.13.3.rel1.win32_1.0.100.202509120712/tools/bin/../lib/gcc/arm-none-eabi/13.3.1/../../../../arm-none-eabi/lib/thumb/v7e-m+fp/hard\libg_nano.a(libc_a-stdio.o)
                              C:/ST/STM32CubeIDE_1.19.0/STM32CubeIDE/plugins/com.st.stm32cube.ide.mcu.externaltools.gnu-tools-for-stm32.13.3.rel1.win32_1.0.100.202509120712/tools/bin/../lib/gcc/arm-none-eabi/13.3.1/../../../../arm-none-eabi/lib/thumb/v7e-m+fp/hard\libg_nano.a(libc_a-findfp.o) (__sread)
C:/ST/STM32CubeIDE_1.19.0/STM32CubeIDE/plugins/com.st.stm32cube.ide.mcu.externaltools.gnu-tools-for-stm32.13.3.rel1.win32_1.0.100.202509120712/tools/bin/../lib/gcc/arm-none-eabi/13.3.1/../../../../arm-none-eabi/lib/thumb/v7e-m+fp/hard\libg_nano.a(libc_a-memset.o)
                              C:/ST/STM32CubeIDE_1.19.0/STM32CubeIDE/plugins/com.st.stm32cube.ide.mcu.externaltools.gnu-tools-for-stm32.13.3.rel1.win32_1.0.100.202509120712/tools/bin/../lib/gcc/arm-none-eabi/13.3.1/../../../../arm-none-eabi/lib/thumb/v7e-m+fp/hard/crt0.o (memset)
C:/ST/STM32CubeIDE_1.19.0/STM32CubeIDE/plugins/com.st.stm32cube.ide.mcu.externaltools.gnu-tools-for-stm32.13.3.rel1.win32_1.0.100.202509120712/tools/bin/../lib/gcc/arm-none-eabi/13.3.1/../../../../arm-none-eabi/lib/thumb/v7e-m+fp/hard\libg_nano.a(libc_a-closer.o)
                              C:/ST/STM32CubeIDE_1.19.0/STM32CubeIDE/plugins/com.st.stm32cube.ide.mcu.externaltools.gnu-tools-for-stm32.13.3.rel1.win32_1.0.100.202509120712/tools/bin/../lib/gcc/arm-none-eabi/13.3.1/../../../../arm-none-eabi/lib/thumb/v7e-m+fp/hard\libg_nano.a(libc_a-stdio.o) (_close_r)
[...]
Memory Configuration

Name             Origin             Length             Attributes
RAM              0x20000000         0x00018000         xrw
FLASH            0x08000000         0x00080000         xr
*default*        0x00000000         0xffffffff

Linker script and memory map

LOAD C:/ST/STM32CubeIDE_1.19.0/STM32CubeIDE/plugins/com.st.stm32cube.ide.mcu.externaltools.gnu-tools-for-stm32.13.3.rel1.win32_1.0.100.202509120712/tools/bin/../lib/gcc/arm-none-eabi/13.3.1/thumb/v7e-m+fp/hard/crti.o
LOAD C:/ST/STM32CubeIDE_1.19.0/STM32CubeIDE/plugins/com.st.stm32cube.ide.mcu.externaltools.gnu-tools-for-stm32.13.3.rel1.win32_1.0.100.202509120712/tools/bin/../lib/gcc/arm-none-eabi/13.3.1/thumb/v7e-m+fp/hard/crtbegin.o
LOAD C:/ST/STM32CubeIDE_1.19.0/STM32CubeIDE/plugins/com.st.stm32cube.ide.mcu.externaltools.gnu-tools-for-stm32.13.3.rel1.win32_1.0.100.202509120712/tools/bin/../lib/gcc/arm-none-eabi/13.3.1/../../../../arm-none-eabi/lib/thumb/v7e-m+fp/hard/crt0.o
LOAD CMakeFiles/Testing.dir/Core/Src/main.c.obj
LOAD CMakeFiles/Testing.dir/Core/Src/stm32f4xx_it.c.obj
LOAD CMakeFiles/Testing.dir/Core/Src/stm32f4xx_hal_msp.c.obj
LOAD CMakeFiles/Testing.dir/Core/Src/sysmem.c.obj
LOAD CMakeFiles/Testing.dir/Core/Src/syscalls.c.obj
LOAD CMakeFiles/Testing.dir/startup_stm32f401xe.s.obj
LOAD C:/Users/Vanessa/STM32CubeIDE/workspace_1.19.0/Testing/Testing/config_default/cmake/stm32cubemx/CMakeFiles/STM32_Drivers.dir/__/__/Core/Src/system_stm32f4xx.c.obj
LOAD C:/Users/Vanessa/STM32CubeIDE/workspace_1.19.0/Testing/Testing/config_default/cmake/stm32cubemx/CMakeFiles/STM32_Drivers.dir/__/__/Drivers/STM32F4xx_HAL_Driver/Src/stm32f4xx_hal_adc.c.obj
LOAD C:/Users/Vanessa/STM32CubeIDE/workspace_1.19.0/Testing/Testing/config_default/cmake/stm32cubemx/CMakeFiles/STM32_Drivers.dir/__/__/Drivers/STM32F4xx_HAL_Driver/Src/stm32f4xx_hal_adc_ex.c.obj
LOAD C:/Users/Vanessa/STM32CubeIDE/workspace_1.19.0/Testing/Testing/config_default/cmake/stm32cubemx/CMakeFiles/STM32_Drivers.dir/__/__/Drivers/STM32F4xx_HAL_Driver/Src/stm32f4xx_hal_rcc.c.obj
LOAD C:/Users/Vanessa/STM32CubeIDE/workspace_1.19.0/Testing/Testing/config_default/cmake/stm32cubemx/CMakeFiles/STM32_Drivers.dir/__/__/Drivers/STM32F4xx_HAL_Driver/Src/stm32f4xx_hal_rcc_ex.c.obj
LOAD C:/Users/Vanessa/STM32CubeIDE/workspace_1.19.0/Testing/Testing/config_default/cmake/stm32cubemx/CMakeFiles/STM32_Drivers.dir/__/__/Drivers/STM32F4xx_HAL_Driver/Src/stm32f4xx_hal_flash.c.obj
LOAD C:/Users/Vanessa/STM32CubeIDE/workspace_1.19.0/Testing/Testing/config_default/cmake/stm32cubemx/CMakeFiles/STM32_Drivers.dir/__/__/Drivers/STM32F4xx_HAL_Driver/Src/stm32f4xx_hal_flash_ex.c.obj
LOAD C:/Users/Vanessa/STM32CubeIDE/workspace_1.19.0/Testing/Testing/config_default/cmake/stm32cubemx/CMakeFiles/STM32_Drivers.dir/__/__/Drivers/STM32F4xx_HAL_Driver/Src/stm32f4xx_hal_flash_ramfunc.c.obj
LOAD C:/Users/Vanessa/STM32CubeIDE/workspace_1.19.0/Testing/Testing/config_default/cmake/stm32cubemx/CMakeFiles/STM32_Drivers.dir/__/__/Drivers/STM32F4xx_HAL_Driver/Src/stm32f4xx_hal_gpio.c.obj
LOAD C:/Users/Vanessa/STM32CubeIDE/workspace_1.19.0/Testing/Testing/config_default/cmake/stm32cubemx/CMakeFiles/STM32_Drivers.dir/__/__/Drivers/STM32F4xx_HAL_Driver/Src/stm32f4xx_hal_dma_ex.c.obj
LOAD C:/Users/Vanessa/STM32CubeIDE/workspace_1.19.0/Testing/Testing/config_default/cmake/stm32cubemx/CMakeFiles/STM32_Drivers.dir/__/__/Drivers/STM32F4xx_HAL_Driver/Src/stm32f4xx_hal_dma.c.obj
LOAD C:/Users/Vanessa/STM32CubeIDE/workspace_1.19.0/Testing/Testing/config_default/cmake/stm32cubemx/CMakeFiles/STM32_Drivers.dir/__/__/Drivers/STM32F4xx_HAL_Driver/Src/stm32f4xx_hal_pwr.c.obj
LOAD C:/Users/Vanessa/STM32CubeIDE/workspace_1.19.0/Testing/Testing/config_default/cmake/stm32cubemx/CMakeFiles/STM32_Drivers.dir/__/__/Drivers/STM32F4xx_HAL_Driver/Src/stm32f4xx_hal_pwr_ex.c.obj
LOAD C:/Users/Vanessa/STM32CubeIDE/workspace_1.19.0/Testing/Testing/config_default/cmake/stm32cubemx/CMakeFiles/STM32_Drivers.dir/__/__/Drivers/STM32F4xx_HAL_Driver/Src/stm32f4xx_hal_cortex.c.obj
LOAD C:/Users/Vanessa/STM32CubeIDE/workspace_1.19.0/Testing/Testing/config_default/cmake/stm32cubemx/CMakeFiles/STM32_Drivers.dir/__/__/Drivers/STM32F4xx_HAL_Driver/Src/stm32f4xx_hal.c.obj
LOAD C:/Users/Vanessa/STM32CubeIDE/workspace_1.19.0/Testing/Testing/config_default/cmake/stm32cubemx/CMakeFiles/STM32_Drivers.dir/__/__/Drivers/STM32F4xx_HAL_Driver/Src/stm32f4xx_hal_exti.c.obj
LOAD C:/Users/Vanessa/STM32CubeIDE/workspace_1.19.0/Testing/Testing/config_default/cmake/stm32cubemx/CMakeFiles/STM32_Drivers.dir/__/__/Drivers/STM32F4xx_HAL_Driver/Src/stm32f4xx_hal_i2c.c.obj
LOAD C:/Users/Vanessa/STM32CubeIDE/workspace_1.19.0/Testing/Testing/config_default/cmake/stm32cubemx/CMakeFiles/STM32_Drivers.dir/__/__/Drivers/STM32F4xx_HAL_Driver/Src/stm32f4xx_hal_i2c_ex.c.obj
LOAD C:/Users/Vanessa/STM32CubeIDE/workspace_1.19.0/Testing/Testing/config_default/cmake/stm32cubemx/CMakeFiles/STM32_Drivers.dir/__/__/Drivers/STM32F4xx_HAL_Driver/Src/stm32f4xx_hal_uart.c.obj
LOAD C:/ST/STM32CubeIDE_1.19.0/STM32CubeIDE/plugins/com.st.stm32cube.ide.mcu.externaltools.gnu-tools-for-stm32.13.3.rel1.win32_1.0.100.202509120712/tools/bin/../lib/gcc/arm-none-eabi/13.3.1/../../../../arm-none-eabi/lib/thumb/v7e-m+fp/hard\libm.a
START GROUP
LOAD C:/ST/STM32CubeIDE_1.19.0/STM32CubeIDE/plugins/com.st.stm32cube.ide.mcu.externaltools.gnu-tools-for-stm32.13.3.rel1.win32_1.0.100.202509120712/tools/bin/../lib/gcc/arm-none-eabi/13.3.1/thumb/v7e-m+fp/hard\libgcc.a
LOAD C:/ST/STM32CubeIDE_1.19.0/STM32CubeIDE/plugins/com.st.stm32cube.ide.mcu.externaltools.gnu-tools-for-stm32.13.3.rel1.win32_1.0.100.202509120712/tools/bin/../lib/gcc/arm-none-eabi/13.3.1/../../../../arm-none-eabi/lib/thumb/v7e-m+fp/hard\libg_nano.a
LOAD C:/ST/STM32CubeIDE_1.19.0/STM32CubeIDE/plugins/com.st.stm32cube.ide.mcu.externaltools.gnu-tools-for-stm32.13.3.rel1.win32_1.0.100.202509120712/tools/bin/../lib/gcc/arm-none-eabi/13.3.1/../../../../arm-none-eabi/lib/thumb/v7e-m+fp/hard\libc_nano.a
END GROUP
START GROUP
LOAD C:/ST/STM32CubeIDE_1.19.0/STM32CubeIDE/plugins/com.st.stm32cube.ide.mcu.externaltools.gnu-tools-for-stm32.13.3.rel1.win32_1.0.100.202509120712/tools/bin/../lib/gcc/arm-none-eabi/13.3.1/thumb/v7e-m+fp/hard\libgcc.a
LOAD C:/ST/STM32CubeIDE_1.19.0/STM32CubeIDE/plugins/com.st.stm32cube.ide.mcu.externaltools.gnu-tools-for-stm32.13.3.rel1.win32_1.0.100.202509120712/tools/bin/../lib/gcc/arm-none-eabi/13.3.1/../../../../arm-none-eabi/lib/thumb/v7e-m+fp/hard\libc_nano.a
END GROUP
LOAD C:/ST/STM32CubeIDE_1.19.0/STM32CubeIDE/plugins/com.st.stm32cube.ide.mcu.externaltools.gnu-tools-for-stm32.13.3.rel1.win32_1.0.100.202509120712/tools/bin/../lib/gcc/arm-none-eabi/13.3.1/thumb/v7e-m+fp/hard/crtend.o
LOAD C:/ST/STM32CubeIDE_1.19.0/STM32CubeIDE/plugins/com.st.stm32cube.ide.mcu.externaltools.gnu-tools-for-stm32.13.3.rel1.win32_1.0.100.202509120712/tools/bin/../lib/gcc/arm-none-eabi/13.3.1/thumb/v7e-m+fp/hard/crtn.o
                0x20018000                        _estack = (ORIGIN (RAM) + LENGTH (RAM))
                0x00000200                        _Min_Heap_Size = 0x200
                0x00000400                        _Min_Stack_Size = 0x400

.isr_vector     0x08000000      0x194
                0x08000000                        . = ALIGN (0x4)
 *(.isr_vector)
 .isr_vector    0x08000000      0x194 CMakeFiles/Testing.dir/startup_stm32f401xe.s.obj
                0x08000000                g_pfnVectors
                0x08000194                        . = ALIGN (0x4)

.text           0x08000194     0x288c
                0x08000194                        . = ALIGN (0x4)
 *(.text)
 .text          0x08000194       0x40 C:/ST/STM32CubeIDE_1.19.0/STM32CubeIDE/plugins/com.st.stm32cube.ide.mcu.externaltools.gnu-tools-for-stm32.13.3.rel1.win32_1.0.100.202509120712/tools/bin/../lib/gcc/arm-none-eabi/13.3.1/thumb/v7e-m+fp/hard/crtbegin.o
 .text          0x080001d4       0x30 C:/ST/STM32CubeIDE_1.19.0/STM32CubeIDE/plugins/com.st.stm32cube.ide.mcu.externaltools.gnu-tools-for-stm32.13.3.rel1.win32_1.0.100.202509120712/tools/bin/../lib/gcc/arm-none-eabi/13.3.1/thumb/v7e-m+fp/hard\libgcc.a(_aeabi_uldivmod.o)
                0x080001d4                __aeabi_uldivmod
 .text          0x08000204      0x2f8 C:/ST/STM32CubeIDE_1.19.0/STM32CubeIDE/plugins/com.st.stm32cube.ide.mcu.externaltools.gnu-tools-for-stm32.13.3.rel1.win32_1.0.100.202509120712/tools/bin/../lib/gcc/arm-none-eabi/13.3.1/thumb/v7e-m+fp/hard\libgcc.a(_udivmoddi4.o)
                0x08000204                __udivmoddi4
 .text          0x080004fc        0x4 C:/ST/STM32CubeIDE_1.19.0/STM32CubeIDE/plugins/com.st.stm32cube.ide.mcu.externaltools.gnu-tools-for-stm32.13.3.rel1.win32_1.0.100.202509120712/tools/bin/../lib/gcc/arm-none-eabi/13.3.1/thumb/v7e-m+fp/hard\libgcc.a(_dvmd_tls.o)
                0x080004fc                __aeabi_idiv0
                0x080004fc                __aeabi_ldiv0
 *(.text*)
 .text.main     0x08000500       0xf8 CMakeFiles/Testing.dir/Core/Src/main.c.obj
                0x08000500                main
 .text.SystemClock_Config
                0x080005f8       0xd8 CMakeFiles/Testing.dir/Core/Src/main.c.obj
                0x080005f8                SystemClock_Config
 .text.MX_ADC1_Init
                0x080006d0       0xa8 CMakeFiles/Testing.dir/Core/Src/main.c.obj
 .text.MX_I2C1_Init
                0x08000778       0x5c CMakeFiles/Testing.dir/Core/Src/main.c.obj
 .text.MX_USART2_UART_Init
                0x080007d4       0x54 CMakeFiles/Testing.dir/Core/Src/main.c.obj
 .text.MX_GPIO_Init
                0x08000828       0xdc CMakeFiles/Testing.dir/Core/Src/main.c.obj
 .text.Put_Pixel
                0x08000904       0x5c CMakeFiles/Testing.dir/Core/Src/main.c.obj
                0x08000904                Put_Pixel
 .text.Error_Handler
                0x08000960        0xc CMakeFiles/Testing.dir/Core/Src/main.c.obj
                0x08000960                Error_Handler
 .text.NMI_Handler
                0x0800096c        0x8 CMakeFiles/Testing.dir/Core/Src/stm32f4xx_it.c.obj
                0x0800096c                NMI_Handler
 .text.HardFault_Handler
                0x08000974        0x8 CMakeFiles/Testing.dir/Core/Src/stm32f4xx_it.c.obj
                0x08000974                HardFault_Handler
 .text.MemManage_Handler
                0x0800097c        0x8 CMakeFiles/Testing.dir/Core/Src/stm32f4xx_it.c.obj
                0x0800097c                MemManage_Handler
 .text.BusFault_Handler
                0x08000984        0x8 CMakeFiles/Testing.dir/Core/Src/stm32f4xx_it.c.obj
                0x08000984                BusFault_Handler
 .text.UsageFault_Handler
                0x0800098c        0x8 CMakeFiles/Testing.dir/Core/Src/stm32f4xx_it.c.obj
                0x0800098c                UsageFault_Handler
 .text.SVC_Handler
                0x08000994        0xe CMakeFiles/Testing.dir/Core/Src/stm32f4xx_it.c.obj
                0x08000994                SVC_Handler
 .text.DebugMon_Handler
                0x080009a2        0xe CMakeFiles/Testing.dir/Core/Src/stm32f4xx_it.c.obj
                0x080009a2                DebugMon_Handler
 .text.PendSV_Handler
                0x080009b0        0xe CMakeFiles/Testing.dir/Core/Src/stm32f4xx_it.c.obj
                0x080009b0                PendSV_Handler
 .text.SysTick_Handler
                0x080009be        0xc CMakeFiles/Testing.dir/Core/Src/stm32f4xx_it.c.obj
                0x080009be                SysTick_Handler
 *fill*         0x080009ca        0x2 
 .text.HAL_MspInit
                0x080009cc       0x50 CMakeFiles/Testing.dir/Core/Src/stm32f4xx_hal_msp.c.obj
                0x080009cc                HAL_MspInit
 .text.HAL_ADC_MspInit
                0x08000a1c       0x88 CMakeFiles/Testing.dir/Core/Src/stm32f4xx_hal_msp.c.obj
                0x08000a1c                HAL_ADC_MspInit
 .text.HAL_I2C_MspInit
                0x08000aa4       0x90 CMakeFiles/Testing.dir/Core/Src/stm32f4xx_hal_msp.c.obj
                0x08000aa4                HAL_I2C_MspInit
 .text.HAL_UART_MspInit
                0x08000b34       0x90 CMakeFiles/Testing.dir/Core/Src/stm32f4xx_hal_msp.c.obj
                0x08000b34                HAL_UART_MspInit
 .text.Reset_Handler
                0x08000bc4       0x50 CMakeFiles/Testing.dir/startup_stm32f401xe.s.obj
                0x08000bc4                Reset_Handler
 .text.Default_Handler
                0x08000c14        0x2 CMakeFiles/Testing.dir/startup_stm32f401xe.s.obj
                0x08000c14                RTC_Alarm_IRQHandler
                0x08000c14                EXTI2_IRQHandler
                0x08000c14                SPI4_IRQHandler
                0x08000c14                TIM1_CC_IRQHandler
                0x08000c14                DMA2_Stream5_IRQHandler
                0x08000c14                DMA1_Stream5_IRQHandler
                0x08000c14                PVD_IRQHandler
                0x08000c14                SDIO_IRQHandler
                0x08000c14                TAMP_STAMP_IRQHandler
                0x08000c14                EXTI3_IRQHandler
                0x08000c14                TIM1_UP_TIM10_IRQHandler
                0x08000c14                I2C3_ER_IRQHandler
                0x08000c14                EXTI0_IRQHandler
                0x08000c14                I2C2_EV_IRQHandler
                0x08000c14                DMA1_Stream2_IRQHandler
                0x08000c14                FPU_IRQHandler
                0x08000c14                DMA2_Stream2_IRQHandler
                0x08000c14                SPI1_IRQHandler
                0x08000c14                TIM1_BRK_TIM9_IRQHandler
                0x08000c14                DMA2_Stream3_IRQHandler
                0x08000c14                USART6_IRQHandler
                0x08000c14                DMA2_Stream0_IRQHandler
                0x08000c14                TIM4_IRQHandler
                0x08000c14                I2C1_EV_IRQHandler
                0x08000c14                DMA1_Stream6_IRQHandler
                0x08000c14                DMA1_Stream1_IRQHandler
                0x08000c14                TIM3_IRQHandler
                0x08000c14                RCC_IRQHandler
                0x08000c14                Default_Handler
                0x08000c14                EXTI15_10_IRQHandler
                0x08000c14                ADC_IRQHandler
                0x08000c14                DMA1_Stream7_IRQHandler
                0x08000c14                TIM5_IRQHandler
                0x08000c14                DMA2_Stream7_IRQHandler
                0x08000c14                I2C3_EV_IRQHandler
                0x08000c14                EXTI9_5_IRQHandler
                0x08000c14                RTC_WKUP_IRQHandler
                0x08000c14                SPI2_IRQHandler
                0x08000c14                DMA1_Stream0_IRQHandler
                0x08000c14                EXTI4_IRQHandler
                0x08000c14                WWDG_IRQHandler
                0x08000c14                TIM2_IRQHandler
                0x08000c14                OTG_FS_WKUP_IRQHandler
                0x08000c14                TIM1_TRG_COM_TIM11_IRQHandler
                0x08000c14                EXTI1_IRQHandler
                0x08000c14                USART2_IRQHandler
                0x08000c14                I2C2_ER_IRQHandler
                0x08000c14                DMA2_Stream1_IRQHandler
                0x08000c14                FLASH_IRQHandler
                0x08000c14                DMA2_Stream4_IRQHandler
                0x08000c14                USART1_IRQHandler
                0x08000c14                OTG_FS_IRQHandler
                0x08000c14                SPI3_IRQHandler
                0x08000c14                DMA1_Stream4_IRQHandler
                0x08000c14                I2C1_ER_IRQHandler
                0x08000c14                DMA2_Stream6_IRQHandler
                0x08000c14                DMA1_Stream3_IRQHandler
 *fill*         0x08000c16        0x2 
 .text.SystemInit
                0x08000c18       0x24 C:/Users/Vanessa/STM32CubeIDE/workspace_1.19.0/Testing/Testing/config_default/cmake/stm32cubemx/CMakeFiles/STM32_Drivers.dir/__/__/Core/Src/system_stm32f4xx.c.obj
                0x08000c18                SystemInit
 .text.HAL_ADC_Init
                0x08000c3c       0x86 C:/Users/Vanessa/STM32CubeIDE/workspace_1.19.0/Testing/Testing/config_default/cmake/stm32cubemx/CMakeFiles/STM32_Drivers.dir/__/__/Drivers/STM32F4xx_HAL_Driver/Src/stm32f4xx_hal_adc.c.obj
                0x08000c3c                HAL_ADC_Init
 *fill*         0x08000cc2        0x2 
 .text.HAL_ADC_Start
                0x08000cc4      0x168 C:/Users/Vanessa/STM32CubeIDE/workspace_1.19.0/Testing/Testing/config_default/cmake/stm32cubemx/CMakeFiles/STM32_Drivers.dir/__/__/Drivers/STM32F4xx_HAL_Driver/Src/stm32f4xx_hal_adc.c.obj
                0x08000cc4                HAL_ADC_Start
 .text.HAL_ADC_GetValue
                0x08000e2c       0x1a C:/Users/Vanessa/STM32CubeIDE/workspace_1.19.0/Testing/Testing/config_default/cmake/stm32cubemx/CMakeFiles/STM32_Drivers.dir/__/__/Drivers/STM32F4xx_HAL_Driver/Src/stm32f4xx_hal_adc.c.obj
                0x08000e2c                HAL_ADC_GetValue
 *fill*         0x08000e46        0x2 
 .text.HAL_ADC_ConfigChannel
                0x08000e48      0x244 C:/Users/Vanessa/STM32CubeIDE/workspace_1.19.0/Testing/Testing/config_default/cmake/stm32cubemx/CMakeFiles/STM32_Drivers.dir/__/__/Drivers/STM32F4xx_HAL_Driver/Src/stm32f4xx_hal_adc.c.obj
                0x08000e48                HAL_ADC_ConfigChannel
 .text.ADC_Init
                0x0800108c      0x1f8 C:/Users/Vanessa/STM32CubeIDE/workspace_1.19.0/Testing/Testing/config_default/cmake/stm32cubemx/CMakeFiles/STM32_Drivers.dir/__/__/Drivers/STM32F4xx_HAL_Driver/Src/stm32f4xx_hal_adc.c.obj
 .text.HAL_RCC_OscConfig
                0x08001284      0x4f0 C:/Users/Vanessa/STM32CubeIDE/workspace_1.19.0/Testing/Testing/config_default/cmake/stm32cubemx/CMakeFiles/STM32_Drivers.dir/__/__/Drivers/STM32F4xx_HAL_Driver/Src/stm32f4xx_hal_rcc.c.obj
                0x08001284                HAL_RCC_OscConfig
 .text.HAL_RCC_ClockConfig
                0x08001774      0x1cc C:/Users/Vanessa/STM32CubeIDE/workspace_1.19.0/Testing/Testing/config_default/cmake/stm32cubemx/CMakeFiles/STM32_Drivers.dir/__/__/Drivers/STM32F4xx_HAL_Driver/Src/stm32f4xx_hal_rcc.c.obj
                0x08001774                HAL_RCC_ClockConfig
 .text.HAL_RCC_GetSysClockFreq
                0x08001940      0x20c C:/Users/Vanessa/STM32CubeIDE/workspace_1.19.0/Testing/Testing/config_default/cmake/stm32cubemx/CMakeFiles/STM32_Drivers.dir/__/__/Drivers/STM32F4xx_HAL_Driver/Src/stm32f4xx_hal_rcc.c.obj
                0x08001940                HAL_RCC_GetSysClockFreq
 .text.HAL_RCC_GetHCLKFreq
                0x08001b4c       0x18 C:/Users/Vanessa/STM32CubeIDE/workspace_1.19.0/Testing/Testing/config_default/cmake/stm32cubemx/CMakeFiles/STM32_Drivers.dir/__/__/Drivers/STM32F4xx_HAL_Driver/Src/stm32f4xx_hal_rcc.c.obj
                0x08001b4c                HAL_RCC_GetHCLKFreq
 .text.HAL_RCC_GetPCLK1Freq
                0x08001b64       0x28 C:/Users/Vanessa/STM32CubeIDE/workspace_1.19.0/Testing/Testing/config_default/cmake/stm32cubemx/CMakeFiles/STM32_Drivers.dir/__/__/Drivers/STM32F4xx_HAL_Driver/Src/stm32f4xx_hal_rcc.c.obj
                0x08001b64                HAL_RCC_GetPCLK1Freq
 .text.HAL_RCC_GetPCLK2Freq
                0x08001b8c       0x28 C:/Users/Vanessa/STM32CubeIDE/workspace_1.19.0/Testing/Testing/config_default/cmake/stm32cubemx/CMakeFiles/STM32_Drivers.dir/__/__/Drivers/STM32F4xx_HAL_Driver/Src/stm32f4xx_hal_rcc.c.obj
                0x08001b8c                HAL_RCC_GetPCLK2Freq
 .text.HAL_GPIO_Init
                0x08001bb4      0x308 C:/Users/Vanessa/STM32CubeIDE/workspace_1.19.0/Testing/Testing/config_default/cmake/stm32cubemx/CMakeFiles/STM32_Drivers.dir/__/__/Drivers/STM32F4xx_HAL_Driver/Src/stm32f4xx_hal_gpio.c.obj
                0x08001bb4                HAL_GPIO_Init
 .text.HAL_GPIO_WritePin
                0x08001ebc       0x32 C:/Users/Vanessa/STM32CubeIDE/workspace_1.19.0/Testing/Testing/config_default/cmake/stm32cubemx/CMakeFiles/STM32_Drivers.dir/__/__/Drivers/STM32F4xx_HAL_Driver/Src/stm32f4xx_hal_gpio.c.obj
                0x08001ebc                HAL_GPIO_WritePin
 *fill*         0x08001eee        0x2 
 .text.__NVIC_SetPriorityGrouping
                0x08001ef0       0x48 C:/Users/Vanessa/STM32CubeIDE/workspace_1.19.0/Testing/Testing/config_default/cmake/stm32cubemx/CMakeFiles/STM32_Drivers.dir/__/__/Drivers/STM32F4xx_HAL_Driver/Src/stm32f4xx_hal_cortex.c.obj
 .text.__NVIC_GetPriorityGrouping
                0x08001f38       0x1c C:/Users/Vanessa/STM32CubeIDE/workspace_1.19.0/Testing/Testing/config_default/cmake/stm32cubemx/CMakeFiles/STM32_Drivers.dir/__/__/Drivers/STM32F4xx_HAL_Driver/Src/stm32f4xx_hal_cortex.c.obj
 .text.__NVIC_SetPriority
                0x08001f54       0x54 C:/Users/Vanessa/STM32CubeIDE/workspace_1.19.0/Testing/Testing/config_default/cmake/stm32cubemx/CMakeFiles/STM32_Drivers.dir/__/__/Drivers/STM32F4xx_HAL_Driver/Src/stm32f4xx_hal_cortex.c.obj
 .text.NVIC_EncodePriority
                0x08001fa8       0x66 C:/Users/Vanessa/STM32CubeIDE/workspace_1.19.0/Testing/Testing/config_default/cmake/stm32cubemx/CMakeFiles/STM32_Drivers.dir/__/__/Drivers/STM32F4xx_HAL_Driver/Src/stm32f4xx_hal_cortex.c.obj
 *fill*         0x0800200e        0x2 
 .text.SysTick_Config
                0x08002010       0x44 C:/Users/Vanessa/STM32CubeIDE/workspace_1.19.0/Testing/Testing/config_default/cmake/stm32cubemx/CMakeFiles/STM32_Drivers.dir/__/__/Drivers/STM32F4xx_HAL_Driver/Src/stm32f4xx_hal_cortex.c.obj
 .text.HAL_NVIC_SetPriorityGrouping
                0x08002054       0x16 C:/Users/Vanessa/STM32CubeIDE/workspace_1.19.0/Testing/Testing/config_default/cmake/stm32cubemx/CMakeFiles/STM32_Drivers.dir/__/__/Drivers/STM32F4xx_HAL_Driver/Src/stm32f4xx_hal_cortex.c.obj
                0x08002054                HAL_NVIC_SetPriorityGrouping
 .text.HAL_NVIC_SetPriority
                0x0800206a       0x38 C:/Users/Vanessa/STM32CubeIDE/workspace_1.19.0/Testing/Testing/config_default/cmake/stm32cubemx/CMakeFiles/STM32_Drivers.dir/__/__/Drivers/STM32F4xx_HAL_Driver/Src/stm32f4xx_hal_cortex.c.obj
                0x0800206a                HAL_NVIC_SetPriority
 .text.HAL_SYSTICK_Config
                0x080020a2       0x18 C:/Users/Vanessa/STM32CubeIDE/workspace_1.19.0/Testing/Testing/config_default/cmake/stm32cubemx/CMakeFiles/STM32_Drivers.dir/__/__/Drivers/STM32F4xx_HAL_Driver/Src/stm32f4xx_hal_cortex.c.obj
                0x080020a2                HAL_SYSTICK_Config
 *fill*         0x080020ba        0x2 
 .text.HAL_Init
                0x080020bc       0x44 C:/Users/Vanessa/STM32CubeIDE/workspace_1.19.0/Testing/Testing/config_default/cmake/stm32cubemx/CMakeFiles/STM32_Drivers.dir/__/__/Drivers/STM32F4xx_HAL_Driver/Src/stm32f4xx_hal.c.obj
                0x080020bc                HAL_Init
 .text.HAL_InitTick
                0x08002100       0x60 C:/Users/Vanessa/STM32CubeIDE/workspace_1.19.0/Testing/Testing/config_default/cmake/stm32cubemx/CMakeFiles/STM32_Drivers.dir/__/__/Drivers/STM32F4xx_HAL_Driver/Src/stm32f4xx_hal.c.obj
                0x08002100                HAL_InitTick
 .text.HAL_IncTick
                0x08002160       0x28 C:/Users/Vanessa/STM32CubeIDE/workspace_1.19.0/Testing/Testing/config_default/cmake/stm32cubemx/CMakeFiles/STM32_Drivers.dir/__/__/Drivers/STM32F4xx_HAL_Driver/Src/stm32f4xx_hal.c.obj
                0x08002160                HAL_IncTick
 .text.HAL_GetTick
                0x08002188       0x18 C:/Users/Vanessa/STM32CubeIDE/workspace_1.19.0/Testing/Testing/config_default/cmake/stm32cubemx/CMakeFiles/STM32_Drivers.dir/__/__/Drivers/STM32F4xx_HAL_Driver/Src/stm32f4xx_hal.c.obj
                0x08002188                HAL_GetTick
 .text.HAL_I2C_Init
                0x080021a0      0x288 C:/Users/Vanessa/STM32CubeIDE/workspace_1.19.0/Testing/Testing/config_default/cmake/stm32cubemx/CMakeFiles/STM32_Drivers.dir/__/__/Drivers/STM32F4xx_HAL_Driver/Src/stm32f4xx_hal_i2c.c.obj
                0x080021a0                HAL_I2C_Init
 .text.HAL_UART_Init
                0x08002428       0xa0 C:/Users/Vanessa/STM32CubeIDE/workspace_1.19.0/Testing/Testing/config_default/cmake/stm32cubemx/CMakeFiles/STM32_Drivers.dir/__/__/Drivers/STM32F4xx_HAL_Driver/Src/stm32f4xx_hal_uart.c.obj
                0x08002428                HAL_UART_Init
 .text.UART_SetConfig
                0x080024c8      0x4e8 C:/Users/Vanessa/STM32CubeIDE/workspace_1.19.0/Testing/Testing/config_default/cmake/stm32cubemx/CMakeFiles/STM32_Drivers.dir/__/__/Drivers/STM32F4xx_HAL_Driver/Src/stm32f4xx_hal_uart.c.obj
 .text.memset   0x080029b0       0x10 C:/ST/STM32CubeIDE_1.19.0/STM32CubeIDE/plugins/com.st.stm32cube.ide.mcu.externaltools.gnu-tools-for-stm32.13.3.rel1.win32_1.0.100.202509120712/tools/bin/../lib/gcc/arm-none-eabi/13.3.1/../../../../arm-none-eabi/lib/thumb/v7e-m+fp/hard\libg_nano.a(libc_a-memset.o)
                0x080029b0                memset
 .text.__libc_init_array
                0x080029c0       0x48 C:/ST/STM32CubeIDE_1.19.0/STM32CubeIDE/plugins/com.st.stm32cube.ide.mcu.externaltools.gnu-tools-for-stm32.13.3.rel1.win32_1.0.100.202509120712/tools/bin/../lib/gcc/arm-none-eabi/13.3.1/../../../../arm-none-eabi/lib/thumb/v7e-m+fp/hard\libg_nano.a(libc_a-init.o)
                0x080029c0                __libc_init_array
 *(.glue_7)
 .glue_7        0x08002a08        0x0 linker stubs
 *(.glue_7t)
 .glue_7t       0x08002a08        0x0 linker stubs
 *(.eh_frame)
 .eh_frame      0x08002a08        0x0 C:/ST/STM32CubeIDE_1.19.0/STM32CubeIDE/plugins/com.st.stm32cube.ide.mcu.externaltools.gnu-tools-for-stm32.13.3.rel1.win32_1.0.100.202509120712/tools/bin/../lib/gcc/arm-none-eabi/13.3.1/thumb/v7e-m+fp/hard/crtbegin.o
 *(.init)
 .init          0x08002a08        0x4 C:/ST/STM32CubeIDE_1.19.0/STM32CubeIDE/plugins/com.st.stm32cube.ide.mcu.externaltools.gnu-tools-for-stm32.13.3.rel1.win32_1.0.100.202509120712/tools/bin/../lib/gcc/arm-none-eabi/13.3.1/thumb/v7e-m+fp/hard/crti.o
                0x08002a08                _init
 .init          0x08002a0c        0x8 C:/ST/STM32CubeIDE_1.19.0/STM32CubeIDE/plugins/com.st.stm32cube.ide.mcu.externaltools.gnu-tools-for-stm32.13.3.rel1.win32_1.0.100.202509120712/tools/bin/../lib/gcc/arm-none-eabi/13.3.1/thumb/v7e-m+fp/hard/crtn.o
 *(.fini)
 .fini          0x08002a14        0x4 C:/ST/STM32CubeIDE_1.19.0/STM32CubeIDE/plugins/com.st.stm32cube.ide.mcu.externaltools.gnu-tools-for-stm32.13.3.rel1.win32_1.0.100.202509120712/tools/bin/../lib/gcc/arm-none-eabi/13.3.1/thumb/v7e-m+fp/hard/crti.o
                0x08002a14                _fini
 .fini          0x08002a18        0x8 C:/ST/STM32CubeIDE_1.19.0/STM32CubeIDE/plugins/com.st.stm32cube.ide.mcu.externaltools.gnu-tools-for-stm32.13.3.rel1.win32_1.0.100.202509120712/tools/bin/../lib/gcc/arm-none-eabi/13.3.1/thumb/v7e-m+fp/hard/crtn.o
                0x08002a20                        . = ALIGN (0x4)
                0x08002a20                        _etext = .

.vfp11_veneer   0x08002a20        0x0
 .vfp11_veneer  0x08002a20        0x0 linker stubs

.v4_bx          0x08002a20        0x0
 .v4_bx         0x08002a20        0x0 linker stubs

.iplt           0x08002a20        0x0
 .iplt          0x08002a20        0x0 C:/ST/STM32CubeIDE_1.19.0/STM32CubeIDE/plugins/com.st.stm32cube.ide.mcu.externaltools.gnu-tools-for-stm32.13.3.rel1.win32_1.0.100.202509120712/tools/bin/../lib/gcc/arm-none-eabi/13.3.1/thumb/v7e-m+fp/hard/crtbegin.o

.rodata         0x08002a20       0x18
                0x08002a20                        . = ALIGN (0x4)
 *(.rodata)
 *(.rodata*)
 .rodata.AHBPrescTable
                0x08002a20       0x10 C:/Users/Vanessa/STM32CubeIDE/workspace_1.19.0/Testing/Testing/config_default/cmake/stm32cubemx/CMakeFiles/STM32_Drivers.dir/__/__/Core/Src/system_stm32f4xx.c.obj
                0x08002a20                AHBPrescTable
 .rodata.APBPrescTable
                0x08002a30        0x8 C:/Users/Vanessa/STM32CubeIDE/workspace_1.19.0/Testing/Testing/config_default/cmake/stm32cubemx/CMakeFiles/STM32_Drivers.dir/__/__/Core/Src/system_stm32f4xx.c.obj
                0x08002a30                APBPrescTable
                0x08002a38                        . = ALIGN (0x4)

.ARM.extab      0x08002a38        0x0
                0x08002a38                        . = ALIGN (0x4)
 *(.ARM.extab* .gnu.linkonce.armextab.*)
                0x08002a38                        . = ALIGN (0x4)

.ARM            0x08002a38        0x8
                0x08002a38                        . = ALIGN (0x4)
                0x08002a38                        __exidx_start = .
 *(.ARM.exidx*)
 .ARM.exidx     0x08002a38        0x8 C:/ST/STM32CubeIDE_1.19.0/STM32CubeIDE/plugins/com.st.stm32cube.ide.mcu.externaltools.gnu-tools-for-stm32.13.3.rel1.win32_1.0.100.202509120712/tools/bin/../lib/gcc/arm-none-eabi/13.3.1/thumb/v7e-m+fp/hard\libgcc.a(_udivmoddi4.o)
                0x08002a40                        __exidx_end = .
                0x08002a40                        . = ALIGN (0x4)

.preinit_array  0x08002a40        0x0
                0x08002a40                        . = ALIGN (0x4)
                0x08002a40                        PROVIDE (__preinit_array_start = .)
 *(.preinit_array*)
                0x08002a40                        PROVIDE (__preinit_array_end = .)
                0x08002a40                        . = ALIGN (0x4)

.init_array     0x08002a40        0x4
                0x08002a40                        . = ALIGN (0x4)
                0x08002a40                        PROVIDE (__init_array_start = .)
 *(SORT_BY_NAME(.init_array.*))
 *(.init_array*)
 .init_array    0x08002a40        0x4 C:/ST/STM32CubeIDE_1.19.0/STM32CubeIDE/plugins/com.st.stm32cube.ide.mcu.externaltools.gnu-tools-for-stm32.13.3.rel1.win32_1.0.100.202509120712/tools/bin/../lib/gcc/arm-none-eabi/13.3.1/thumb/v7e-m+fp/hard/crtbegin.o
                0x08002a44                        PROVIDE (__init_array_end = .)
                0x08002a44                        . = ALIGN (0x4)

.fini_array     0x08002a44        0x4
                0x08002a44                        . = ALIGN (0x4)
                [!provide]                        PROVIDE (__fini_array_start = .)
 *(SORT_BY_NAME(.fini_array.*))
 *(.fini_array*)
 .fini_array    0x08002a44        0x4 C:/ST/STM32CubeIDE_1.19.0/STM32CubeIDE/plugins/com.st.stm32cube.ide.mcu.externaltools.gnu-tools-for-stm32.13.3.rel1.win32_1.0.100.202509120712/tools/bin/../lib/gcc/arm-none-eabi/13.3.1/thumb/v7e-m+fp/hard/crtbegin.o
                [!provide]                        PROVIDE (__fini_array_end = .)
                0x08002a48                        . = ALIGN (0x4)
                0x08002a48                        _sidata = LOADADDR (.data)

.rel.dyn        0x08002a48        0x0
 .rel.iplt      0x08002a48        0x0 C:/ST/STM32CubeIDE_1.19.0/STM32CubeIDE/plugins/com.st.stm32cube.ide.mcu.externaltools.gnu-tools-for-stm32.13.3.rel1.win32_1.0.100.202509120712/tools/bin/../lib/gcc/arm-none-eabi/13.3.1/thumb/v7e-m+fp/hard/crtbegin.o

.data           0x20000000        0xc load address 0x08002a48
                0x20000000                        . = ALIGN (0x4)
                0x20000000                        _sdata = .
 *(.data)
 *(.data*)
 .data.SystemCoreClock
                0x20000000        0x4 C:/Users/Vanessa/STM32CubeIDE/workspace_1.19.0/Testing/Testing/config_default/cmake/stm32cubemx/CMakeFiles/STM32_Drivers.dir/__/__/Core/Src/system_stm32f4xx.c.obj
                0x20000000                SystemCoreClock
 .data.uwTickPrio
                0x20000004        0x4 C:/Users/Vanessa/STM32CubeIDE/workspace_1.19.0/Testing/Testing/config_default/cmake/stm32cubemx/CMakeFiles/STM32_Drivers.dir/__/__/Drivers/STM32F4xx_HAL_Driver/Src/stm32f4xx_hal.c.obj
                0x20000004                uwTickPrio
 .data.uwTickFreq
                0x20000008        0x1 C:/Users/Vanessa/STM32CubeIDE/workspace_1.19.0/Testing/Testing/config_default/cmake/stm32cubemx/CMakeFiles/STM32_Drivers.dir/__/__/Drivers/STM32F4xx_HAL_Driver/Src/stm32f4xx_hal.c.obj
                0x20000008                uwTickFreq
 *(.RamFunc)
 *(.RamFunc*)
                0x2000000c                        . = ALIGN (0x4)
 *fill*         0x20000009        0x3 

.igot.plt       0x2000000c        0x0 load address 0x08002a54
 .igot.plt      0x2000000c        0x0 C:/ST/STM32CubeIDE_1.19.0/STM32CubeIDE/plugins/com.st.stm32cube.ide.mcu.externaltools.gnu-tools-for-stm32.13.3.rel1.win32_1.0.100.202509120712/tools/bin/../lib/gcc/arm-none-eabi/13.3.1/thumb/v7e-m+fp/hard/crtbegin.o

.tdata          0x2000000c        0x0 load address 0x08002a54
 *(.tdata .tdata.* .gnu.linkonce.td.*)
                0x2000000c                        . = ALIGN (0x4)
                0x2000000c                        _edata = .
                [!provide]                        PROVIDE (__data_end = .)
                [!provide]                        PROVIDE (__tdata_end = .)
                [!provide]                        PROVIDE (__tdata_start = ADDR (.tdata))
                [!provide]                        PROVIDE (__tdata_size = (__tdata_end - __tdata_start))
                [!provide]                        PROVIDE (__data_start = ADDR (.data))
                [!provide]                        PROVIDE (__data_size = (__data_end - __data_start))
                [!provide]                        PROVIDE (__tdata_source = LOADADDR (.tdata))
                [!provide]                        PROVIDE (__tdata_source_end = (LOADADDR (.tdata) + SIZEOF (.tdata)))
                [!provide]                        PROVIDE (__tdata_source_size = (__tdata_source_end - __tdata_source))
                [!provide]                        PROVIDE (__data_source = LOADADDR (.data))
                [!provide]                        PROVIDE (__data_source_end = __tdata_source_end)
                [!provide]                        PROVIDE (__data_source_size = (__data_source_end - __data_source))

.tbss           0x2000000c        0x0 load address 0x08002a54
                0x2000000c                        _sbss = .
                0x2000000c                        __bss_start__ = _sbss
 *(.tbss .tbss.*)
                0x2000000c                        . = ALIGN (0x4)
                [!provide]                        PROVIDE (__tbss_end = .)
                [!provide]                        PROVIDE (__tbss_start = ADDR (.tbss))
                [!provide]                        PROVIDE (__tbss_size = (__tbss_end - __tbss_start))
                [!provide]                        PROVIDE (__tbss_offset = (ADDR (.tbss) - ADDR (.tdata)))
                [!provide]                        PROVIDE (__tls_base = __tdata_start)
                [!provide]                        PROVIDE (__tls_end = __tbss_end)
                [!provide]                        PROVIDE (__tls_size = (__tls_end - __tls_base))
                [!provide]                        PROVIDE (__tls_align = MAX (ALIGNOF (.tdata), ALIGNOF (.tbss)))
                [!provide]                        PROVIDE (__tls_size_align = (((__tls_size + __tls_align) - 0x1) & ~ ((__tls_align - 0x1))))
                [!provide]                        PROVIDE (__arm32_tls_tcb_offset = MAX (0x8, __tls_align))
                [!provide]                        PROVIDE (__arm64_tls_tcb_offset = MAX (0x10, __tls_align))

.bss            0x2000000c      0x104 load address 0x08002a54
 *(.bss)
 .bss           0x2000000c       0x1c C:/ST/STM32CubeIDE_1.19.0/STM32CubeIDE/plugins/com.st.stm32cube.ide.mcu.externaltools.gnu-tools-for-stm32.13.3.rel1.win32_1.0.100.202509120712/tools/bin/../lib/gcc/arm-none-eabi/13.3.1/thumb/v7e-m+fp/hard/crtbegin.o
 *(.bss*)
 .bss.hadc1     0x20000028       0x48 CMakeFiles/Testing.dir/Core/Src/main.c.obj
                0x20000028                hadc1
 .bss.hi2c1     0x20000070       0x54 CMakeFiles/Testing.dir/Core/Src/main.c.obj
                0x20000070                hi2c1
 .bss.huart2    0x200000c4       0x48 CMakeFiles/Testing.dir/Core/Src/main.c.obj
                0x200000c4                huart2
 .bss.uwTick    0x2000010c        0x4 C:/Users/Vanessa/STM32CubeIDE/workspace_1.19.0/Testing/Testing/config_default/cmake/stm32cubemx/CMakeFiles/STM32_Drivers.dir/__/__/Drivers/STM32F4xx_HAL_Driver/Src/stm32f4xx_hal.c.obj
                0x2000010c                uwTick
 *(COMMON)
                0x20000110                        . = ALIGN (0x4)
                0x20000110                        _ebss = .
                0x20000110                        __bss_end__ = _ebss
                [!provide]                        PROVIDE (__bss_end = .)
                [!provide]                        PROVIDE (__non_tls_bss_start = ADDR (.bss))
                [!provide]                        PROVIDE (__bss_start = __tbss_start)
                [!provide]                        PROVIDE (__bss_size = (__bss_end - __bss_start))

._user_heap_stack
                0x20000110      0x600 load address 0x08002a54
                0x20000110                        . = ALIGN (0x8)
                [!provide]                        PROVIDE (end = .)
                0x20000110                        PROVIDE (_end = .)
                0x20000310                        . = (. + _Min_Heap_Size)
 *fill*         0x20000110      0x200 
                0x20000710                        . = (. + _Min_Stack_Size)
 *fill*         0x20000310      0x400 
                0x20000710                        . = ALIGN (0x8)

/DISCARD/
 libc.a:*(*)
 libm.a:*(*)
 libgcc.a:*(*)
OUTPUT(Testing.elf elf32-littlearm)
LOAD linker stubs

.ARM.attributes
                0x00000000       0x30
 .ARM.attributes
                0x00000000       0x22 C:/ST/STM32CubeIDE_1.19.0/STM32CubeIDE/plugins/com.st.stm32cube.ide.mcu.externaltools.gnu-tools-for-stm32.13.3.rel1.win32_1.0.100.202509120712/tools/bin/../lib/gcc/arm-none-eabi/13.3.1/thumb/v7e-m+fp/hard/crti.o
 .ARM.attributes
                0x00000022       0x34 C:/ST/STM32CubeIDE_1.19.0/STM32CubeIDE/plugins/com.st.stm32cube.ide.mcu.externaltools.gnu-tools-for-stm32.13.3.rel1.win32_1.0.100.202509120712/tools/bin/../lib/gcc/arm-none-eabi/13.3.1/thumb/v7e-m+fp/hard/crtbegin.o
 .ARM.attributes
                0x00000056       0x34 CMakeFiles/Testing.dir/Core/Src/main.c.obj
 .ARM.attributes
                0x0000008a       0x34 CMakeFiles/Testing.dir/Core/Src/stm32f4xx_it.c.obj
 .ARM.attributes
                0x000000be       0x34 CMakeFiles/Testing.dir/Core/Src/stm32f4xx_hal_msp.c.obj
 .ARM.attributes
                0x000000f2       0x21 CMakeFiles/Testing.dir/startup_stm32f401xe.s.obj
 .ARM.attributes
                0x00000113       0x34 C:/Users/Vanessa/STM32CubeIDE/workspace_1.19.0/Testing/Testing/config_default/cmake/stm32cubemx/CMakeFiles/STM32_Drivers.dir/__/__/Core/Src/system_stm32f4xx.c.obj
 .ARM.attributes
                0x00000147       0x34 C:/Users/Vanessa/STM32CubeIDE/workspace_1.19.0/Testing/Testing/config_default/cmake/stm32cubemx/CMakeFiles/STM32_Drivers.dir/__/__/Drivers/STM32F4xx_HAL_Driver/Src/stm32f4xx_hal_adc.c.obj
 .ARM.attributes
                0x0000017b       0x34 C:/Users/Vanessa/STM32CubeIDE/workspace_1.19.0/Testing/Testing/config_default/cmake/stm32cubemx/CMakeFiles/STM32_Drivers.dir/__/__/Drivers/STM32F4xx_HAL_Driver/Src/stm32f4xx_hal_rcc.c.obj
 .ARM.attributes
                0x000001af       0x34 C:/Users/Vanessa/STM32CubeIDE/workspace_1.19.0/Testing/Testing/config_default/cmake/stm32cubemx/CMakeFiles/STM32_Drivers.dir/__/__/Drivers/STM32F4xx_HAL_Driver/Src/stm32f4xx_hal_gpio.c.obj
 .ARM.attributes
                0x000001e3       0x34 C:/Users/Vanessa/STM32CubeIDE/workspace_1.19.0/Testing/Testing/config_default/cmake/stm32cubemx/CMakeFiles/STM32_Drivers.dir/__/__/Drivers/STM32F4xx_HAL_Driver/Src/stm32f4xx_hal_cortex.c.obj
 .ARM.attributes
                0x00000217       0x34 C:/Users/Vanessa/STM32CubeIDE/workspace_1.19.0/Testing/Testing/config_default/cmake/stm32cubemx/CMakeFiles/STM32_Drivers.dir/__/__/Drivers/STM32F4xx_HAL_Driver/Src/stm32f4xx_hal.c.obj
 .ARM.attributes
                0x0000024b       0x34 C:/Users/Vanessa/STM32CubeIDE/workspace_1.19.0/Testing/Testing/config_default/cmake/stm32cubemx/CMakeFiles/STM32_Drivers.dir/__/__/Drivers/STM32F4xx_HAL_Driver/Src/stm32f4xx_hal_i2c.c.obj
 .ARM.attributes
                0x0000027f       0x34 C:/Users/Vanessa/STM32CubeIDE/workspace_1.19.0/Testing/Testing/config_default/cmake/stm32cubemx/CMakeFiles/STM32_Drivers.dir/__/__/Drivers/STM32F4xx_HAL_Driver/Src/stm32f4xx_hal_uart.c.obj
 .ARM.attributes
                0x000002b3       0x22 C:/ST/STM32CubeIDE_1.19.0/STM32CubeIDE/plugins/com.st.stm32cube.ide.mcu.externaltools.gnu-tools-for-stm32.13.3.rel1.win32_1.0.100.202509120712/tools/bin/../lib/gcc/arm-none-eabi/13.3.1/thumb/v7e-m+fp/hard\libgcc.a(_aeabi_uldivmod.o)
 .ARM.attributes
                0x000002d5       0x34 C:/ST/STM32CubeIDE_1.19.0/STM32CubeIDE/plugins/com.st.stm32cube.ide.mcu.externaltools.gnu-tools-for-stm32.13.3.rel1.win32_1.0.100.202509120712/tools/bin/../lib/gcc/arm-none-eabi/13.3.1/thumb/v7e-m+fp/hard\libgcc.a(_udivmoddi4.o)
 .ARM.attributes
                0x00000309       0x22 C:/ST/STM32CubeIDE_1.19.0/STM32CubeIDE/plugins/com.st.stm32cube.ide.mcu.externaltools.gnu-tools-for-stm32.13.3.rel1.win32_1.0.100.202509120712/tools/bin/../lib/gcc/arm-none-eabi/13.3.1/thumb/v7e-m+fp/hard\libgcc.a(_dvmd_tls.o)
 .ARM.attributes
                0x0000032b       0x34 C:/ST/STM32CubeIDE_1.19.0/STM32CubeIDE/plugins/com.st.stm32cube.ide.mcu.externaltools.gnu-tools-for-stm32.13.3.rel1.win32_1.0.100.202509120712/tools/bin/../lib/gcc/arm-none-eabi/13.3.1/../../../../arm-none-eabi/lib/thumb/v7e-m+fp/hard\libg_nano.a(libc_a-memset.o)
 .ARM.attributes
                0x0000035f       0x34 C:/ST/STM32CubeIDE_1.19.0/STM32CubeIDE/plugins/com.st.stm32cube.ide.mcu.externaltools.gnu-tools-for-stm32.13.3.rel1.win32_1.0.100.202509120712/tools/bin/../lib/gcc/arm-none-eabi/13.3.1/../../../../arm-none-eabi/lib/thumb/v7e-m+fp/hard\libg_nano.a(libc_a-init.o)
 .ARM.attributes
                0x00000393       0x22 C:/ST/STM32CubeIDE_1.19.0/STM32CubeIDE/plugins/com.st.stm32cube.ide.mcu.externaltools.gnu-tools-for-stm32.13.3.rel1.win32_1.0.100.202509120712/tools/bin/../lib/gcc/arm-none-eabi/13.3.1/thumb/v7e-m+fp/hard/crtn.o

.comment        0x00000000       0x43
 .comment       0x00000000       0x43 CMakeFiles/Testing.dir/Core/Src/main.c.obj
                                 0x44 (size before relaxing)
 .comment       0x00000043        0x0 CMakeFiles/Testing.dir/Core/Src/stm32f4xx_it.c.obj
                                 0x44 (size before relaxing)
 .comment       0x00000043        0x0 CMakeFiles/Testing.dir/Core/Src/stm32f4xx_hal_msp.c.obj
                                 0x44 (size before relaxing)
 .comment       0x00000043        0x0 C:/Users/Vanessa/STM32CubeIDE/workspace_1.19.0/Testing/Testing/config_default/cmake/stm32cubemx/CMakeFiles/STM32_Drivers.dir/__/__/Core/Src/system_stm32f4xx.c.obj
                                 0x44 (size before relaxing)
 .comment       0x00000043        0x0 C:/Users/Vanessa/STM32CubeIDE/workspace_1.19.0/Testing/Testing/config_default/cmake/stm32cubemx/CMakeFiles/STM32_Drivers.dir/__/__/Drivers/STM32F4xx_HAL_Driver/Src/stm32f4xx_hal_adc.c.obj
                                 0x44 (size before relaxing)
 .comment       0x00000043        0x0 C:/Users/Vanessa/STM32CubeIDE/workspace_1.19.0/Testing/Testing/config_default/cmake/stm32cubemx/CMakeFiles/STM32_Drivers.dir/__/__/Drivers/STM32F4xx_HAL_Driver/Src/stm32f4xx_hal_rcc.c.obj
                                 0x44 (size before relaxing)
 .comment       0x00000043        0x0 C:/Users/Vanessa/STM32CubeIDE/workspace_1.19.0/Testing/Testing/config_default/cmake/stm32cubemx/CMakeFiles/STM32_Drivers.dir/__/__/Drivers/STM32F4xx_HAL_Driver/Src/stm32f4xx_hal_gpio.c.obj
                                 0x44 (size before relaxing)
 .comment       0x00000043        0x0 C:/Users/Vanessa/STM32CubeIDE/workspace_1.19.0/Testing/Testing/config_default/cmake/stm32cubemx/CMakeFiles/STM32_Drivers.dir/__/__/Drivers/STM32F4xx_HAL_Driver/Src/stm32f4xx_hal_cortex.c.obj
                                 0x44 (size before relaxing)
 .comment       0x00000043        0x0 C:/Users/Vanessa/STM32CubeIDE/workspace_1.19.0/Testing/Testing/config_default/cmake/stm32cubemx/CMakeFiles/STM32_Drivers.dir/__/__/Drivers/STM32F4xx_HAL_Driver/Src/stm32f4xx_hal.c.obj
                                 0x44 (size before relaxing)
 .comment       0x00000043        0x0 C:/Users/Vanessa/STM32CubeIDE/workspace_1.19.0/Testing/Testing/config_default/cmake/stm32cubemx/CMakeFiles/STM32_Drivers.dir/__/__/Drivers/STM32F4xx_HAL_Driver/Src/stm32f4xx_hal_i2c.c.obj
                                 0x44 (size before relaxing)
 .comment       0x00000043        0x0 C:/Users/Vanessa/STM32CubeIDE/workspace_1.19.0/Testing/Testing/config_default/cmake/stm32cubemx/CMakeFiles/STM32_Drivers.dir/__/__/Drivers/STM32F4xx_HAL_Driver/Src/stm32f4xx_hal_uart.c.obj
                                 0x44 (size before relaxing)
 .comment       0x00000043        0x0 C:/ST/STM32CubeIDE_1.19.0/STM32CubeIDE/plugins/com.st.stm32cube.ide.mcu.externaltools.gnu-tools-for-stm32.13.3.rel1.win32_1.0.100.202509120712/tools/bin/../lib/gcc/arm-none-eabi/13.3.1/../../../../arm-none-eabi/lib/thumb/v7e-m+fp/hard\libg_nano.a(libc_a-memset.o)
                                 0x44 (size before relaxing)
 .comment       0x00000043        0x0 C:/ST/STM32CubeIDE_1.19.0/STM32CubeIDE/plugins/com.st.stm32cube.ide.mcu.externaltools.gnu-tools-for-stm32.13.3.rel1.win32_1.0.100.202509120712/tools/bin/../lib/gcc/arm-none-eabi/13.3.1/../../../../arm-none-eabi/lib/thumb/v7e-m+fp/hard\libg_nano.a(libc_a-init.o)
                                 0x44 (size before relaxing)

.debug_info     0x00000000     0xb0eb
 .debug_info    0x00000000     0x134d CMakeFiles/Testing.dir/Core/Src/main.c.obj
 .debug_info    0x0000134d      0x112 CMakeFiles/Testing.dir/Core/Src/stm32f4xx_it.c.obj
 .debug_info    0x0000145f      0xf28 CMakeFiles/Testing.dir/Core/Src/stm32f4xx_hal_msp.c.obj
 .debug_info    0x00002387       0x30 CMakeFiles/Testing.dir/startup_stm32f401xe.s.obj
 .debug_info    0x000023b7      0x53e C:/Users/Vanessa/STM32CubeIDE/workspace_1.19.0/Testing/Testing/config_default/cmake/stm32cubemx/CMakeFiles/STM32_Drivers.dir/__/__/Core/Src/system_stm32f4xx.c.obj
 .debug_info    0x000028f5      0xce0 C:/Users/Vanessa/STM32CubeIDE/workspace_1.19.0/Testing/Testing/config_default/cmake/stm32cubemx/CMakeFiles/STM32_Drivers.dir/__/__/Drivers/STM32F4xx_HAL_Driver/Src/stm32f4xx_hal_adc.c.obj
 .debug_info    0x000035d5      0x905 C:/Users/Vanessa/STM32CubeIDE/workspace_1.19.0/Testing/Testing/config_default/cmake/stm32cubemx/CMakeFiles/STM32_Drivers.dir/__/__/Drivers/STM32F4xx_HAL_Driver/Src/stm32f4xx_hal_rcc.c.obj
 .debug_info    0x00003eda      0x6f9 C:/Users/Vanessa/STM32CubeIDE/workspace_1.19.0/Testing/Testing/config_default/cmake/stm32cubemx/CMakeFiles/STM32_Drivers.dir/__/__/Drivers/STM32F4xx_HAL_Driver/Src/stm32f4xx_hal_gpio.c.obj
 .debug_info    0x000045d3      0xcf6 C:/Users/Vanessa/STM32CubeIDE/workspace_1.19.0/Testing/Testing/config_default/cmake/stm32cubemx/CMakeFiles/STM32_Drivers.dir/__/__/Drivers/STM32F4xx_HAL_Driver/Src/stm32f4xx_hal_cortex.c.obj
 .debug_info    0x000052c9      0x8bb C:/Users/Vanessa/STM32CubeIDE/workspace_1.19.0/Testing/Testing/config_default/cmake/stm32cubemx/CMakeFiles/STM32_Drivers.dir/__/__/Drivers/STM32F4xx_HAL_Driver/Src/stm32f4xx_hal.c.obj
 .debug_info    0x00005b84     0x2426 C:/Users/Vanessa/STM32CubeIDE/workspace_1.19.0/Testing/Testing/config_default/cmake/stm32cubemx/CMakeFiles/STM32_Drivers.dir/__/__/Drivers/STM32F4xx_HAL_Driver/Src/stm32f4xx_hal_i2c.c.obj
 .debug_info    0x00007faa     0x2f56 C:/Users/Vanessa/STM32CubeIDE/workspace_1.19.0/Testing/Testing/config_default/cmake/stm32cubemx/CMakeFiles/STM32_Drivers.dir/__/__/Drivers/STM32F4xx_HAL_Driver/Src/stm32f4xx_hal_uart.c.obj
 .debug_info    0x0000af00       0xe0 C:/ST/STM32CubeIDE_1.19.0/STM32CubeIDE/plugins/com.st.stm32cube.ide.mcu.externaltools.gnu-tools-for-stm32.13.3.rel1.win32_1.0.100.202509120712/tools/bin/../lib/gcc/arm-none-eabi/13.3.1/../../../../arm-none-eabi/lib/thumb/v7e-m+fp/hard\libg_nano.a(libc_a-memset.o)
 .debug_info    0x0000afe0      0x10b C:/ST/STM32CubeIDE_1.19.0/STM32CubeIDE/plugins/com.st.stm32cube.ide.mcu.externaltools.gnu-tools-for-stm32.13.3.rel1.win32_1.0.100.202509120712/tools/bin/../lib/gcc/arm-none-eabi/13.3.1/../../../../arm-none-eabi/lib/thumb/v7e-m+fp/hard\libg_nano.a(libc_a-init.o)

.debug_abbrev   0x00000000     0x1971
 .debug_abbrev  0x00000000      0x2d7 CMakeFiles/Testing.dir/Core/Src/main.c.obj
 .debug_abbrev  0x000002d7       0x73 CMakeFiles/Testing.dir/Core/Src/stm32f4xx_it.c.obj
 .debug_abbrev  0x0000034a      0x1ac CMakeFiles/Testing.dir/Core/Src/stm32f4xx_hal_msp.c.obj
 .debug_abbrev  0x000004f6       0x24 CMakeFiles/Testing.dir/startup_stm32f401xe.s.obj
 .debug_abbrev  0x0000051a      0x11a C:/Users/Vanessa/STM32CubeIDE/workspace_1.19.0/Testing/Testing/config_default/cmake/stm32cubemx/CMakeFiles/STM32_Drivers.dir/__/__/Core/Src/system_stm32f4xx.c.obj
 .debug_abbrev  0x00000634      0x20e C:/Users/Vanessa/STM32CubeIDE/workspace_1.19.0/Testing/Testing/config_default/cmake/stm32cubemx/CMakeFiles/STM32_Drivers.dir/__/__/Drivers/STM32F4xx_HAL_Driver/Src/stm32f4xx_hal_adc.c.obj
 .debug_abbrev  0x00000842      0x2b6 C:/Users/Vanessa/STM32CubeIDE/workspace_1.19.0/Testing/Testing/config_default/cmake/stm32cubemx/CMakeFiles/STM32_Drivers.dir/__/__/Drivers/STM32F4xx_HAL_Driver/Src/stm32f4xx_hal_rcc.c.obj
 .debug_abbrev  0x00000af8      0x1d3 C:/Users/Vanessa/STM32CubeIDE/workspace_1.19.0/Testing/Testing/config_default/cmake/stm32cubemx/CMakeFiles/STM32_Drivers.dir/__/__/Drivers/STM32F4xx_HAL_Driver/Src/stm32f4xx_hal_gpio.c.obj
 .debug_abbrev  0x00000ccb      0x31d C:/Users/Vanessa/STM32CubeIDE/workspace_1.19.0/Testing/Testing/config_default/cmake/stm32cubemx/CMakeFiles/STM32_Drivers.dir/__/__/Drivers/STM32F4xx_HAL_Driver/Src/stm32f4xx_hal_cortex.c.obj
 .debug_abbrev  0x00000fe8      0x24b C:/Users/Vanessa/STM32CubeIDE/workspace_1.19.0/Testing/Testing/config_default/cmake/stm32cubemx/CMakeFiles/STM32_Drivers.dir/__/__/Drivers/STM32F4xx_HAL_Driver/Src/stm32f4xx_hal.c.obj
 .debug_abbrev  0x00001233      0x2bc C:/Users/Vanessa/STM32CubeIDE/workspace_1.19.0/Testing/Testing/config_default/cmake/stm32cubemx/CMakeFiles/STM32_Drivers.dir/__/__/Drivers/STM32F4xx_HAL_Driver/Src/stm32f4xx_hal_i2c.c.obj
 .debug_abbrev  0x000014ef      0x31b C:/Users/Vanessa/STM32CubeIDE/workspace_1.19.0/Testing/Testing/config_default/cmake/stm32cubemx/CMakeFiles/STM32_Drivers.dir/__/__/Drivers/STM32F4xx_HAL_Driver/Src/stm32f4xx_hal_uart.c.obj
 .debug_abbrev  0x0000180a       0x9e C:/ST/STM32CubeIDE_1.19.0/STM32CubeIDE/plugins/com.st.stm32cube.ide.mcu.externaltools.gnu-tools-for-stm32.13.3.rel1.win32_1.0.100.202509120712/tools/bin/../lib/gcc/arm-none-eabi/13.3.1/../../../../arm-none-eabi/lib/thumb/v7e-m+fp/hard\libg_nano.a(libc_a-memset.o)
 .debug_abbrev  0x000018a8       0xc9 C:/ST/STM32CubeIDE_1.19.0/STM32CubeIDE/plugins/com.st.stm32cube.ide.mcu.externaltools.gnu-tools-for-stm32.13.3.rel1.win32_1.0.100.202509120712/tools/bin/../lib/gcc/arm-none-eabi/13.3.1/../../../../arm-none-eabi/lib/thumb/v7e-m+fp/hard\libg_nano.a(libc_a-init.o)

.debug_aranges  0x00000000      0xa30
 .debug_aranges
                0x00000000       0x58 CMakeFiles/Testing.dir/Core/Src/main.c.obj
 .debug_aranges
                0x00000058       0x60 CMakeFiles/Testing.dir/Core/Src/stm32f4xx_it.c.obj
 .debug_aranges
                0x000000b8       0x50 CMakeFiles/Testing.dir/Core/Src/stm32f4xx_hal_msp.c.obj
 .debug_aranges
                0x00000108       0x28 CMakeFiles/Testing.dir/startup_stm32f401xe.s.obj
 .debug_aranges
                0x00000130       0x28 C:/Users/Vanessa/STM32CubeIDE/workspace_1.19.0/Testing/Testing/config_default/cmake/stm32cubemx/CMakeFiles/STM32_Drivers.dir/__/__/Core/Src/system_stm32f4xx.c.obj
 .debug_aranges
                0x00000158       0xe8 C:/Users/Vanessa/STM32CubeIDE/workspace_1.19.0/Testing/Testing/config_default/cmake/stm32cubemx/CMakeFiles/STM32_Drivers.dir/__/__/Drivers/STM32F4xx_HAL_Driver/Src/stm32f4xx_hal_adc.c.obj
 .debug_aranges
                0x00000240       0x88 C:/Users/Vanessa/STM32CubeIDE/workspace_1.19.0/Testing/Testing/config_default/cmake/stm32cubemx/CMakeFiles/STM32_Drivers.dir/__/__/Drivers/STM32F4xx_HAL_Driver/Src/stm32f4xx_hal_rcc.c.obj
 .debug_aranges
                0x000002c8       0x58 C:/Users/Vanessa/STM32CubeIDE/workspace_1.19.0/Testing/Testing/config_default/cmake/stm32cubemx/CMakeFiles/STM32_Drivers.dir/__/__/Drivers/STM32F4xx_HAL_Driver/Src/stm32f4xx_hal_gpio.c.obj
 .debug_aranges
                0x00000320      0x130 C:/Users/Vanessa/STM32CubeIDE/workspace_1.19.0/Testing/Testing/config_default/cmake/stm32cubemx/CMakeFiles/STM32_Drivers.dir/__/__/Drivers/STM32F4xx_HAL_Driver/Src/stm32f4xx_hal_cortex.c.obj
 .debug_aranges
                0x00000450       0xf0 C:/Users/Vanessa/STM32CubeIDE/workspace_1.19.0/Testing/Testing/config_default/cmake/stm32cubemx/CMakeFiles/STM32_Drivers.dir/__/__/Drivers/STM32F4xx_HAL_Driver/Src/stm32f4xx_hal.c.obj
 .debug_aranges
                0x00000540      0x2a8 C:/Users/Vanessa/STM32CubeIDE/workspace_1.19.0/Testing/Testing/config_default/cmake/stm32cubemx/CMakeFiles/STM32_Drivers.dir/__/__/Drivers/STM32F4xx_HAL_Driver/Src/stm32f4xx_hal_i2c.c.obj
 .debug_aranges
                0x000007e8      0x208 C:/Users/Vanessa/STM32CubeIDE/workspace_1.19.0/Testing/Testing/config_default/cmake/stm32cubemx/CMakeFiles/STM32_Drivers.dir/__/__/Drivers/STM32F4xx_HAL_Driver/Src/stm32f4xx_hal_uart.c.obj
 .debug_aranges
                0x000009f0       0x20 C:/ST/STM32CubeIDE_1.19.0/STM32CubeIDE/plugins/com.st.stm32cube.ide.mcu.externaltools.gnu-tools-for-stm32.13.3.rel1.win32_1.0.100.202509120712/tools/bin/../lib/gcc/arm-none-eabi/13.3.1/../../../../arm-none-eabi/lib/thumb/v7e-m+fp/hard\libg_nano.a(libc_a-memset.o)
 .debug_aranges
                0x00000a10       0x20 C:/ST/STM32CubeIDE_1.19.0/STM32CubeIDE/plugins/com.st.stm32cube.ide.mcu.externaltools.gnu-tools-for-stm32.13.3.rel1.win32_1.0.100.202509120712/tools/bin/../lib/gcc/arm-none-eabi/13.3.1/../../../../arm-none-eabi/lib/thumb/v7e-m+fp/hard\libg_nano.a(libc_a-init.o)

.debug_rnglists
                0x00000000      0x7f8
 .debug_rnglists
                0x00000000       0x41 CMakeFiles/Testing.dir/Core/Src/main.c.obj
 .debug_rnglists
                0x00000041       0x43 CMakeFiles/Testing.dir/Core/Src/stm32f4xx_it.c.obj
 .debug_rnglists
                0x00000084       0x3a CMakeFiles/Testing.dir/Core/Src/stm32f4xx_hal_msp.c.obj
 .debug_rnglists
                0x000000be       0x19 CMakeFiles/Testing.dir/startup_stm32f401xe.s.obj
 .debug_rnglists
                0x000000d7       0x1a C:/Users/Vanessa/STM32CubeIDE/workspace_1.19.0/Testing/Testing/config_default/cmake/stm32cubemx/CMakeFiles/STM32_Drivers.dir/__/__/Core/Src/system_stm32f4xx.c.obj
 .debug_rnglists
                0x000000f1       0xb5 C:/Users/Vanessa/STM32CubeIDE/workspace_1.19.0/Testing/Testing/config_default/cmake/stm32cubemx/CMakeFiles/STM32_Drivers.dir/__/__/Drivers/STM32F4xx_HAL_Driver/Src/stm32f4xx_hal_adc.c.obj
 .debug_rnglists
                0x000001a6       0x66 C:/Users/Vanessa/STM32CubeIDE/workspace_1.19.0/Testing/Testing/config_default/cmake/stm32cubemx/CMakeFiles/STM32_Drivers.dir/__/__/Drivers/STM32F4xx_HAL_Driver/Src/stm32f4xx_hal_rcc.c.obj
 .debug_rnglists
                0x0000020c       0x3f C:/Users/Vanessa/STM32CubeIDE/workspace_1.19.0/Testing/Testing/config_default/cmake/stm32cubemx/CMakeFiles/STM32_Drivers.dir/__/__/Drivers/STM32F4xx_HAL_Driver/Src/stm32f4xx_hal_gpio.c.obj
 .debug_rnglists
                0x0000024b       0xe0 C:/Users/Vanessa/STM32CubeIDE/workspace_1.19.0/Testing/Testing/config_default/cmake/stm32cubemx/CMakeFiles/STM32_Drivers.dir/__/__/Drivers/STM32F4xx_HAL_Driver/Src/stm32f4xx_hal_cortex.c.obj
 .debug_rnglists
                0x0000032b       0xaf C:/Users/Vanessa/STM32CubeIDE/workspace_1.19.0/Testing/Testing/config_default/cmake/stm32cubemx/CMakeFiles/STM32_Drivers.dir/__/__/Drivers/STM32F4xx_HAL_Driver/Src/stm32f4xx_hal.c.obj
 .debug_rnglists
                0x000003da      0x23c C:/Users/Vanessa/STM32CubeIDE/workspace_1.19.0/Testing/Testing/config_default/cmake/stm32cubemx/CMakeFiles/STM32_Drivers.dir/__/__/Drivers/STM32F4xx_HAL_Driver/Src/stm32f4xx_hal_i2c.c.obj
 .debug_rnglists
                0x00000616      0x1bc C:/Users/Vanessa/STM32CubeIDE/workspace_1.19.0/Testing/Testing/config_default/cmake/stm32cubemx/CMakeFiles/STM32_Drivers.dir/__/__/Drivers/STM32F4xx_HAL_Driver/Src/stm32f4xx_hal_uart.c.obj
 .debug_rnglists
                0x000007d2       0x13 C:/ST/STM32CubeIDE_1.19.0/STM32CubeIDE/plugins/com.st.stm32cube.ide.mcu.externaltools.gnu-tools-for-stm32.13.3.rel1.win32_1.0.100.202509120712/tools/bin/../lib/gcc/arm-none-eabi/13.3.1/../../../../arm-none-eabi/lib/thumb/v7e-m+fp/hard\libg_nano.a(libc_a-memset.o)
 .debug_rnglists
                0x000007e5       0x13 C:/ST/STM32CubeIDE_1.19.0/STM32CubeIDE/plugins/com.st.stm32cube.ide.mcu.externaltools.gnu-tools-for-stm32.13.3.rel1.win32_1.0.100.202509120712/tools/bin/../lib/gcc/arm-none-eabi/13.3.1/../../../../arm-none-eabi/lib/thumb/v7e-m+fp/hard\libg_nano.a(libc_a-init.o)

.debug_macro    0x00000000    0x16941
 .debug_macro   0x00000000      0x2df CMakeFiles/Testing.dir/Core/Src/main.c.obj
 .debug_macro   0x000002df      0xad8 CMakeFiles/Testing.dir/Core/Src/main.c.obj
 .debug_macro   0x00000db7      0x2a1 CMakeFiles/Testing.dir/Core/Src/main.c.obj
 .debug_macro   0x00001058       0x2e CMakeFiles/Testing.dir/Core/Src/main.c.obj
 .debug_macro   0x00001086       0x28 CMakeFiles/Testing.dir/Core/Src/main.c.obj
 .debug_macro   0x000010ae       0x22 CMakeFiles/Testing.dir/Core/Src/main.c.obj
 .debug_macro   0x000010d0       0x8e CMakeFiles/Testing.dir/Core/Src/main.c.obj
 .debug_macro   0x0000115e       0x51 CMakeFiles/Testing.dir/Core/Src/main.c.obj
 .debug_macro   0x000011af      0x103 CMakeFiles/Testing.dir/Core/Src/main.c.obj
 .debug_macro   0x000012b2       0x6a CMakeFiles/Testing.dir/Core/Src/main.c.obj
 .debug_macro   0x0000131c      0x1df CMakeFiles/Testing.dir/Core/Src/main.c.obj
 .debug_macro   0x000014fb       0x1c CMakeFiles/Testing.dir/Core/Src/main.c.obj
 .debug_macro   0x00001517       0x22 CMakeFiles/Testing.dir/Core/Src/main.c.obj
 .debug_macro   0x00001539       0xfb CMakeFiles/Testing.dir/Core/Src/main.c.obj
 .debug_macro   0x00001634     0x1011 CMakeFiles/Testing.dir/Core/Src/main.c.obj
 .debug_macro   0x00002645      0x11f CMakeFiles/Testing.dir/Core/Src/main.c.obj
 .debug_macro   0x00002764     0xb881 CMakeFiles/Testing.dir/Core/Src/main.c.obj
 .debug_macro   0x0000dfe5       0x6d CMakeFiles/Testing.dir/Core/Src/main.c.obj
 .debug_macro   0x0000e052     0x3693 CMakeFiles/Testing.dir/Core/Src/main.c.obj
 .debug_macro   0x000116e5      0x190 CMakeFiles/Testing.dir/Core/Src/main.c.obj
 .debug_macro   0x00011875       0x5c CMakeFiles/Testing.dir/Core/Src/main.c.obj
 .debug_macro   0x000118d1      0x416 CMakeFiles/Testing.dir/Core/Src/main.c.obj
 .debug_macro   0x00011ce7      0x9e9 CMakeFiles/Testing.dir/Core/Src/main.c.obj
 .debug_macro   0x000126d0      0x115 CMakeFiles/Testing.dir/Core/Src/main.c.obj
 .debug_macro   0x000127e5       0xf8 CMakeFiles/Testing.dir/Core/Src/main.c.obj
 .debug_macro   0x000128dd       0xa5 CMakeFiles/Testing.dir/Core/Src/main.c.obj
 .debug_macro   0x00012982      0x15f CMakeFiles/Testing.dir/Core/Src/main.c.obj
 .debug_macro   0x00012ae1      0x287 CMakeFiles/Testing.dir/Core/Src/main.c.obj
 .debug_macro   0x00012d68       0x5f CMakeFiles/Testing.dir/Core/Src/main.c.obj
 .debug_macro   0x00012dc7      0x236 CMakeFiles/Testing.dir/Core/Src/main.c.obj
 .debug_macro   0x00012ffd      0x9e1 CMakeFiles/Testing.dir/Core/Src/main.c.obj
 .debug_macro   0x000139de      0x38b CMakeFiles/Testing.dir/Core/Src/main.c.obj
 .debug_macro   0x00013d69      0x176 CMakeFiles/Testing.dir/Core/Src/main.c.obj
 .debug_macro   0x00013edf       0xf9 CMakeFiles/Testing.dir/Core/Src/main.c.obj
 .debug_macro   0x00013fd8      0x132 CMakeFiles/Testing.dir/Core/Src/main.c.obj
 .debug_macro   0x0001410a      0x264 CMakeFiles/Testing.dir/Core/Src/main.c.obj
 .debug_macro   0x0001436e       0x2e CMakeFiles/Testing.dir/Core/Src/main.c.obj
 .debug_macro   0x0001439c      0x1b5 CMakeFiles/Testing.dir/Core/Src/main.c.obj
 .debug_macro   0x00014551       0x22 CMakeFiles/Testing.dir/Core/Src/main.c.obj
 .debug_macro   0x00014573       0xd6 CMakeFiles/Testing.dir/Core/Src/main.c.obj
 .debug_macro   0x00014649      0x127 CMakeFiles/Testing.dir/Core/Src/main.c.obj
 .debug_macro   0x00014770       0x85 CMakeFiles/Testing.dir/Core/Src/main.c.obj
 .debug_macro   0x000147f5       0x89 CMakeFiles/Testing.dir/Core/Src/main.c.obj
 .debug_macro   0x0001487e      0x2aa CMakeFiles/Testing.dir/Core/Src/main.c.obj
 .debug_macro   0x00014b28      0x126 CMakeFiles/Testing.dir/Core/Src/main.c.obj
 .debug_macro   0x00014c4e       0x58 CMakeFiles/Testing.dir/Core/Src/main.c.obj
 .debug_macro   0x00014ca6       0x74 CMakeFiles/Testing.dir/Core/Src/main.c.obj
 .debug_macro   0x00014d1a       0x2a CMakeFiles/Testing.dir/Core/Src/main.c.obj
 .debug_macro   0x00014d44       0x3c CMakeFiles/Testing.dir/Core/Src/main.c.obj
 .debug_macro   0x00014d80       0x34 CMakeFiles/Testing.dir/Core/Src/main.c.obj
 .debug_macro   0x00014db4      0x370 CMakeFiles/Testing.dir/Core/Src/main.c.obj
 .debug_macro   0x00015124       0x16 CMakeFiles/Testing.dir/Core/Src/main.c.obj
 .debug_macro   0x0001513a       0x4a CMakeFiles/Testing.dir/Core/Src/main.c.obj
 .debug_macro   0x00015184       0x34 CMakeFiles/Testing.dir/Core/Src/main.c.obj
 .debug_macro   0x000151b8       0x10 CMakeFiles/Testing.dir/Core/Src/main.c.obj
 .debug_macro   0x000151c8       0x58 CMakeFiles/Testing.dir/Core/Src/main.c.obj
 .debug_macro   0x00015220      0x1e5 CMakeFiles/Testing.dir/Core/Src/main.c.obj
 .debug_macro   0x00015405       0x10 CMakeFiles/Testing.dir/Core/Src/main.c.obj
 .debug_macro   0x00015415       0x3c CMakeFiles/Testing.dir/Core/Src/main.c.obj
 .debug_macro   0x00015451       0x20 CMakeFiles/Testing.dir/Core/Src/main.c.obj
 .debug_macro   0x00015471      0x214 CMakeFiles/Testing.dir/Core/Src/stm32f4xx_it.c.obj
 .debug_macro   0x00015685      0x20a CMakeFiles/Testing.dir/Core/Src/stm32f4xx_hal_msp.c.obj
 .debug_macro   0x0001588f      0x1fb C:/Users/Vanessa/STM32CubeIDE/workspace_1.19.0/Testing/Testing/config_default/cmake/stm32cubemx/CMakeFiles/STM32_Drivers.dir/__/__/Core/Src/system_stm32f4xx.c.obj
 .debug_macro   0x00015a8a      0x1fc C:/Users/Vanessa/STM32CubeIDE/workspace_1.19.0/Testing/Testing/config_default/cmake/stm32cubemx/CMakeFiles/STM32_Drivers.dir/__/__/Drivers/STM32F4xx_HAL_Driver/Src/stm32f4xx_hal_adc.c.obj
 .debug_macro   0x00015c86      0x21f C:/Users/Vanessa/STM32CubeIDE/workspace_1.19.0/Testing/Testing/config_default/cmake/stm32cubemx/CMakeFiles/STM32_Drivers.dir/__/__/Drivers/STM32F4xx_HAL_Driver/Src/stm32f4xx_hal_rcc.c.obj
 .debug_macro   0x00015ea5      0x201 C:/Users/Vanessa/STM32CubeIDE/workspace_1.19.0/Testing/Testing/config_default/cmake/stm32cubemx/CMakeFiles/STM32_Drivers.dir/__/__/Drivers/STM32F4xx_HAL_Driver/Src/stm32f4xx_hal_gpio.c.obj
 .debug_macro   0x000160a6      0x1fb C:/Users/Vanessa/STM32CubeIDE/workspace_1.19.0/Testing/Testing/config_default/cmake/stm32cubemx/CMakeFiles/STM32_Drivers.dir/__/__/Drivers/STM32F4xx_HAL_Driver/Src/stm32f4xx_hal_cortex.c.obj
 .debug_macro   0x000162a1      0x25b C:/Users/Vanessa/STM32CubeIDE/workspace_1.19.0/Testing/Testing/config_default/cmake/stm32cubemx/CMakeFiles/STM32_Drivers.dir/__/__/Drivers/STM32F4xx_HAL_Driver/Src/stm32f4xx_hal.c.obj
 .debug_macro   0x000164fc      0x249 C:/Users/Vanessa/STM32CubeIDE/workspace_1.19.0/Testing/Testing/config_default/cmake/stm32cubemx/CMakeFiles/STM32_Drivers.dir/__/__/Drivers/STM32F4xx_HAL_Driver/Src/stm32f4xx_hal_i2c.c.obj
 .debug_macro   0x00016745      0x1fc C:/Users/Vanessa/STM32CubeIDE/workspace_1.19.0/Testing/Testing/config_default/cmake/stm32cubemx/CMakeFiles/STM32_Drivers.dir/__/__/Drivers/STM32F4xx_HAL_Driver/Src/stm32f4xx_hal_uart.c.obj

.debug_line     0x00000000     0xe027
 .debug_line    0x00000000      0xc4d CMakeFiles/Testing.dir/Core/Src/main.c.obj
 .debug_line    0x00000c4d      0xa24 CMakeFiles/Testing.dir/Core/Src/stm32f4xx_it.c.obj
 .debug_line    0x00001671      0xa57 CMakeFiles/Testing.dir/Core/Src/stm32f4xx_hal_msp.c.obj
 .debug_line    0x000020c8       0x7a CMakeFiles/Testing.dir/startup_stm32f401xe.s.obj
 .debug_line    0x00002142      0x9eb C:/Users/Vanessa/STM32CubeIDE/workspace_1.19.0/Testing/Testing/config_default/cmake/stm32cubemx/CMakeFiles/STM32_Drivers.dir/__/__/Core/Src/system_stm32f4xx.c.obj
 .debug_line    0x00002b2d     0x13b2 C:/Users/Vanessa/STM32CubeIDE/workspace_1.19.0/Testing/Testing/config_default/cmake/stm32cubemx/CMakeFiles/STM32_Drivers.dir/__/__/Drivers/STM32F4xx_HAL_Driver/Src/stm32f4xx_hal_adc.c.obj
 .debug_line    0x00003edf     0x1076 C:/Users/Vanessa/STM32CubeIDE/workspace_1.19.0/Testing/Testing/config_default/cmake/stm32cubemx/CMakeFiles/STM32_Drivers.dir/__/__/Drivers/STM32F4xx_HAL_Driver/Src/stm32f4xx_hal_rcc.c.obj
 .debug_line    0x00004f55      0xd83 C:/Users/Vanessa/STM32CubeIDE/workspace_1.19.0/Testing/Testing/config_default/cmake/stm32cubemx/CMakeFiles/STM32_Drivers.dir/__/__/Drivers/STM32F4xx_HAL_Driver/Src/stm32f4xx_hal_gpio.c.obj
 .debug_line    0x00005cd8      0xf37 C:/Users/Vanessa/STM32CubeIDE/workspace_1.19.0/Testing/Testing/config_default/cmake/stm32cubemx/CMakeFiles/STM32_Drivers.dir/__/__/Drivers/STM32F4xx_HAL_Driver/Src/stm32f4xx_hal_cortex.c.obj
 .debug_line    0x00006c0f      0xc67 C:/Users/Vanessa/STM32CubeIDE/workspace_1.19.0/Testing/Testing/config_default/cmake/stm32cubemx/CMakeFiles/STM32_Drivers.dir/__/__/Drivers/STM32F4xx_HAL_Driver/Src/stm32f4xx_hal.c.obj
 .debug_line    0x00007876     0x3d14 C:/Users/Vanessa/STM32CubeIDE/workspace_1.19.0/Testing/Testing/config_default/cmake/stm32cubemx/CMakeFiles/STM32_Drivers.dir/__/__/Drivers/STM32F4xx_HAL_Driver/Src/stm32f4xx_hal_i2c.c.obj
 .debug_line    0x0000b58a     0x27af C:/Users/Vanessa/STM32CubeIDE/workspace_1.19.0/Testing/Testing/config_default/cmake/stm32cubemx/CMakeFiles/STM32_Drivers.dir/__/__/Drivers/STM32F4xx_HAL_Driver/Src/stm32f4xx_hal_uart.c.obj
 .debug_line    0x0000dd39      0x17e C:/ST/STM32CubeIDE_1.19.0/STM32CubeIDE/plugins/com.st.stm32cube.ide.mcu.externaltools.gnu-tools-for-stm32.13.3.rel1.win32_1.0.100.202509120712/tools/bin/../lib/gcc/arm-none-eabi/13.3.1/../../../../arm-none-eabi/lib/thumb/v7e-m+fp/hard\libg_nano.a(libc_a-memset.o)
 .debug_line    0x0000deb7      0x170 C:/ST/STM32CubeIDE_1.19.0/STM32CubeIDE/plugins/com.st.stm32cube.ide.mcu.externaltools.gnu-tools-for-stm32.13.3.rel1.win32_1.0.100.202509120712/tools/bin/../lib/gcc/arm-none-eabi/13.3.1/../../../../arm-none-eabi/lib/thumb/v7e-m+fp/hard\libg_nano.a(libc_a-init.o)

.debug_str      0x00000000    0x928fe
 .debug_str     0x00000000    0x928fe CMakeFiles/Testing.dir/Core/Src/main.c.obj
                              0x9002e (size before relaxing)
 .debug_str     0x000928fe        0x0 CMakeFiles/Testing.dir/Core/Src/stm32f4xx_it.c.obj
                              0x8c773 (size before relaxing)
 .debug_str     0x000928fe        0x0 CMakeFiles/Testing.dir/Core/Src/stm32f4xx_hal_msp.c.obj
                              0x8d168 (size before relaxing)
 .debug_str     0x000928fe        0x0 CMakeFiles/Testing.dir/startup_stm32f401xe.s.obj
                                 0xbf (size before relaxing)
 .debug_str     0x000928fe        0x0 C:/Users/Vanessa/STM32CubeIDE/workspace_1.19.0/Testing/Testing/config_default/cmake/stm32cubemx/CMakeFiles/STM32_Drivers.dir/__/__/Core/Src/system_stm32f4xx.c.obj
                              0x8c79b (size before relaxing)
 .debug_str     0x000928fe        0x0 C:/Users/Vanessa/STM32CubeIDE/workspace_1.19.0/Testing/Testing/config_default/cmake/stm32cubemx/CMakeFiles/STM32_Drivers.dir/__/__/Drivers/STM32F4xx_HAL_Driver/Src/stm32f4xx_hal_adc.c.obj
                              0x8cd76 (size before relaxing)
 .debug_str     0x000928fe        0x0 C:/Users/Vanessa/STM32CubeIDE/workspace_1.19.0/Testing/Testing/config_default/cmake/stm32cubemx/CMakeFiles/STM32_Drivers.dir/__/__/Drivers/STM32F4xx_HAL_Driver/Src/stm32f4xx_hal_rcc.c.obj
                              0x8cbcf (size before relaxing)
 .debug_str     0x000928fe        0x0 C:/Users/Vanessa/STM32CubeIDE/workspace_1.19.0/Testing/Testing/config_default/cmake/stm32cubemx/CMakeFiles/STM32_Drivers.dir/__/__/Drivers/STM32F4xx_HAL_Driver/Src/stm32f4xx_hal_gpio.c.obj
                              0x8c916 (size before relaxing)
 .debug_str     0x000928fe        0x0 C:/Users/Vanessa/STM32CubeIDE/workspace_1.19.0/Testing/Testing/config_default/cmake/stm32cubemx/CMakeFiles/STM32_Drivers.dir/__/__/Drivers/STM32F4xx_HAL_Driver/Src/stm32f4xx_hal_cortex.c.obj
                              0x8cf27 (size before relaxing)
 .debug_str     0x000928fe        0x0 C:/Users/Vanessa/STM32CubeIDE/workspace_1.19.0/Testing/Testing/config_default/cmake/stm32cubemx/CMakeFiles/STM32_Drivers.dir/__/__/Drivers/STM32F4xx_HAL_Driver/Src/stm32f4xx_hal.c.obj
                              0x8d1bd (size before relaxing)
 .debug_str     0x000928fe        0x0 C:/Users/Vanessa/STM32CubeIDE/workspace_1.19.0/Testing/Testing/config_default/cmake/stm32cubemx/CMakeFiles/STM32_Drivers.dir/__/__/Drivers/STM32F4xx_HAL_Driver/Src/stm32f4xx_hal_i2c.c.obj
                              0x8d7ac (size before relaxing)
 .debug_str     0x000928fe        0x0 C:/Users/Vanessa/STM32CubeIDE/workspace_1.19.0/Testing/Testing/config_default/cmake/stm32cubemx/CMakeFiles/STM32_Drivers.dir/__/__/Drivers/STM32F4xx_HAL_Driver/Src/stm32f4xx_hal_uart.c.obj
                              0x8d19e (size before relaxing)
 .debug_str     0x000928fe        0x0 C:/ST/STM32CubeIDE_1.19.0/STM32CubeIDE/plugins/com.st.stm32cube.ide.mcu.externaltools.gnu-tools-for-stm32.13.3.rel1.win32_1.0.100.202509120712/tools/bin/../lib/gcc/arm-none-eabi/13.3.1/../../../../arm-none-eabi/lib/thumb/v7e-m+fp/hard\libg_nano.a(libc_a-memset.o)
                                0x211 (size before relaxing)
 .debug_str     0x000928fe        0x0 C:/ST/STM32CubeIDE_1.19.0/STM32CubeIDE/plugins/com.st.stm32cube.ide.mcu.externaltools.gnu-tools-for-stm32.13.3.rel1.win32_1.0.100.202509120712/tools/bin/../lib/gcc/arm-none-eabi/13.3.1/../../../../arm-none-eabi/lib/thumb/v7e-m+fp/hard\libg_nano.a(libc_a-init.o)
                                0x272 (size before relaxing)

.debug_frame    0x00000000     0x29bc
 .debug_frame   0x00000000      0x114 CMakeFiles/Testing.dir/Core/Src/main.c.obj
 .debug_frame   0x00000114      0x104 CMakeFiles/Testing.dir/Core/Src/stm32f4xx_it.c.obj
 .debug_frame   0x00000218      0x110 CMakeFiles/Testing.dir/Core/Src/stm32f4xx_hal_msp.c.obj
 .debug_frame   0x00000328       0x58 C:/Users/Vanessa/STM32CubeIDE/workspace_1.19.0/Testing/Testing/config_default/cmake/stm32cubemx/CMakeFiles/STM32_Drivers.dir/__/__/Core/Src/system_stm32f4xx.c.obj
 .debug_frame   0x00000380      0x3fc C:/Users/Vanessa/STM32CubeIDE/workspace_1.19.0/Testing/Testing/config_default/cmake/stm32cubemx/CMakeFiles/STM32_Drivers.dir/__/__/Drivers/STM32F4xx_HAL_Driver/Src/stm32f4xx_hal_adc.c.obj
 .debug_frame   0x0000077c      0x1f4 C:/Users/Vanessa/STM32CubeIDE/workspace_1.19.0/Testing/Testing/config_default/cmake/stm32cubemx/CMakeFiles/STM32_Drivers.dir/__/__/Drivers/STM32F4xx_HAL_Driver/Src/stm32f4xx_hal_rcc.c.obj
 .debug_frame   0x00000970      0x14c C:/Users/Vanessa/STM32CubeIDE/workspace_1.19.0/Testing/Testing/config_default/cmake/stm32cubemx/CMakeFiles/STM32_Drivers.dir/__/__/Drivers/STM32F4xx_HAL_Driver/Src/stm32f4xx_hal_gpio.c.obj
 .debug_frame   0x00000abc      0x508 C:/Users/Vanessa/STM32CubeIDE/workspace_1.19.0/Testing/Testing/config_default/cmake/stm32cubemx/CMakeFiles/STM32_Drivers.dir/__/__/Drivers/STM32F4xx_HAL_Driver/Src/stm32f4xx_hal_cortex.c.obj
 .debug_frame   0x00000fc4      0x374 C:/Users/Vanessa/STM32CubeIDE/workspace_1.19.0/Testing/Testing/config_default/cmake/stm32cubemx/CMakeFiles/STM32_Drivers.dir/__/__/Drivers/STM32F4xx_HAL_Driver/Src/stm32f4xx_hal.c.obj
 .debug_frame   0x00001338      0xc84 C:/Users/Vanessa/STM32CubeIDE/workspace_1.19.0/Testing/Testing/config_default/cmake/stm32cubemx/CMakeFiles/STM32_Drivers.dir/__/__/Drivers/STM32F4xx_HAL_Driver/Src/stm32f4xx_hal_i2c.c.obj
 .debug_frame   0x00001fbc      0x954 C:/Users/Vanessa/STM32CubeIDE/workspace_1.19.0/Testing/Testing/config_default/cmake/stm32cubemx/CMakeFiles/STM32_Drivers.dir/__/__/Drivers/STM32F4xx_HAL_Driver/Src/stm32f4xx_hal_uart.c.obj
 .debug_frame   0x00002910       0x2c C:/ST/STM32CubeIDE_1.19.0/STM32CubeIDE/plugins/com.st.stm32cube.ide.mcu.externaltools.gnu-tools-for-stm32.13.3.rel1.win32_1.0.100.202509120712/tools/bin/../lib/gcc/arm-none-eabi/13.3.1/thumb/v7e-m+fp/hard\libgcc.a(_aeabi_uldivmod.o)
 .debug_frame   0x0000293c       0x34 C:/ST/STM32CubeIDE_1.19.0/STM32CubeIDE/plugins/com.st.stm32cube.ide.mcu.externaltools.gnu-tools-for-stm32.13.3.rel1.win32_1.0.100.202509120712/tools/bin/../lib/gcc/arm-none-eabi/13.3.1/thumb/v7e-m+fp/hard\libgcc.a(_udivmoddi4.o)
 .debug_frame   0x00002970       0x20 C:/ST/STM32CubeIDE_1.19.0/STM32CubeIDE/plugins/com.st.stm32cube.ide.mcu.externaltools.gnu-tools-for-stm32.13.3.rel1.win32_1.0.100.202509120712/tools/bin/../lib/gcc/arm-none-eabi/13.3.1/../../../../arm-none-eabi/lib/thumb/v7e-m+fp/hard\libg_nano.a(libc_a-memset.o)
 .debug_frame   0x00002990       0x2c C:/ST/STM32CubeIDE_1.19.0/STM32CubeIDE/plugins/com.st.stm32cube.ide.mcu.externaltools.gnu-tools-for-stm32.13.3.rel1.win32_1.0.100.202509120712/tools/bin/../lib/gcc/arm-none-eabi/13.3.1/../../../../arm-none-eabi/lib/thumb/v7e-m+fp/hard\libg_nano.a(libc_a-init.o)

.debug_line_str
                0x00000000       0xa3
 .debug_line_str
                0x00000000       0xa3 CMakeFiles/Testing.dir/startup_stm32f401xe.s.obj

.debug_loclists
                0x00000000       0x91
 .debug_loclists
                0x00000000       0x4d C:/ST/STM32CubeIDE_1.19.0/STM32CubeIDE/plugins/com.st.stm32cube.ide.mcu.externaltools.gnu-tools-for-stm32.13.3.rel1.win32_1.0.100.202509120712/tools/bin/../lib/gcc/arm-none-eabi/13.3.1/../../../../arm-none-eabi/lib/thumb/v7e-m+fp/hard\libg_nano.a(libc_a-memset.o)
 .debug_loclists
                0x0000004d       0x44 C:/ST/STM32CubeIDE_1.19.0/STM32CubeIDE/plugins/com.st.stm32cube.ide.mcu.externaltools.gnu-tools-for-stm32.13.3.rel1.win32_1.0.100.202509120712/tools/bin/../lib/gcc/arm-none-eabi/13.3.1/../../../../arm-none-eabi/lib/thumb/v7e-m+fp/hard\libg_nano.a(libc_a-init.o)
